03-11 10:02:31.386  3834  3866 I chatty  : uid=1000(system) ActivityManager expire 7 lines
03-11 10:02:31.428  3834  3871 I chatty  : uid=1000(system) android.display expire 10 lines
03-11 10:02:31.436  3834  6389 I chatty  : uid=1000(system) Binder:3834_B expire 5 lines
03-11 10:02:31.463  3834  3867 I chatty  : uid=1000(system) android.ui expire 9 lines
03-11 10:02:31.481  3834  3873 I chatty  : uid=1000(system) PowerManagerSer expire 8 lines
03-11 10:02:31.484  3834  3834 I chatty  : uid=1000 system_server expire 20 lines
03-11 10:02:31.516  6674  6674 I chatty  : uid=1000(system) com.miui.securitycenter.remote expire 2 lines
03-11 10:02:31.698  3834  5530 I chatty  : uid=1000(system) Binder:3834_3 expire 5 lines
03-11 10:02:31.716  3834  5919 I chatty  : uid=1000(system) Binder:3834_6 expire 3 lines
03-11 10:02:32.746  5783  5783 I chatty  : uid=1000(system) com.android.systemui expire 5 lines
03-11 10:02:33.284  3834  6344 I chatty  : uid=1000(system) Binder:3834_A expire 12 lines
03-11 10:02:35.645  3834  4664 I chatty  : uid=1000(system) InputReader expire 6 lines
03-11 10:02:37.026  3834  6401 I chatty  : uid=1000(system) Binder:3834_C expire 1 line
03-11 10:02:38.088 26760 26760 I chatty  : uid=1000(system) com.android.settings expire 13 lines
03-11 10:02:38.141 26760 32312 I chatty  : uid=1000(system) com.android.settings expire 1 line
03-11 10:02:41.973  3834  6404 I chatty  : uid=1000(system) Binder:3834_E expire 3 lines
03-11 10:02:47.948  3834  5509 I chatty  : uid=1000(system) PhotonicModulat expire 2 lines
03-11 10:02:57.036  3834  6402 I chatty  : uid=1000(system) Binder:3834_D expire 1 line
03-11 10:02:57.173  7248  7248 W MIUI-BLOCK-MONITOR: The msg { when=-1ms what=115 obj=ServiceArgsData{token=android.os.BinderProxy@6c60460 startId=1422 args=Intent { act=com.google.android.location.internal.action.GEOFENCER_LOCATION_RESULT pkg=com.google.android.gms cmp=com.google.android.gms/com.google.android.location.internal.PendingIntentCallbackService (has extras) }} target=android.app.ActivityThread$H planTime=0 dispatchTime=0 finishTime=0 } took 2ms and took 1489222977173ms after dispatch.
03-11 10:02:57.174  3834  5923 I chatty  : uid=1000(system) Binder:3834_7 expire 4 lines
03-11 10:02:59.373  3834  5916 I chatty  : uid=1000(system) Binder:3834_5 expire 3 lines
03-11 10:02:59.374  3834  6422 I chatty  : uid=1000(system) Binder:3834_F expire 8 lines
03-11 10:03:17.046  3834  3860 I chatty  : uid=1000(system) Binder:3834_1 expire 2 lines
03-11 10:08:19.476  3834  6322 I chatty  : uid=1000(system) Binder:3834_9 expire 4 lines
03-11 10:08:48.510  5783  7301 I chatty  : uid=1000(system) local_job_dispa expire 1 line
03-11 10:08:48.689  3834  3871 I chatty  : uid=1000(system) android.display expire 8 lines
03-11 10:09:02.613  3834  3865 I chatty  : uid=1000(system) android.bg expire 2 lines
03-11 10:09:02.648  3834  5501 I chatty  : uid=1000(system) backup expire 22 lines
03-11 10:09:03.131  3834  6314 I chatty  : uid=1000(system) Binder:3834_8 expire 5 lines
03-11 10:09:03.151 26760 32612 I chatty  : uid=1000(system) com.android.settings expire 2 lines
03-11 10:09:03.208 26760 32629 I chatty  : uid=1000(system) com.android.settings expire 2 lines
03-11 10:09:04.690  3834  6423 I chatty  : uid=1000(system) Binder:3834_10 expire 5 lines
03-11 10:09:05.005   405   417 I Ext4Crypt: ext4 crypto complete called on /data
03-11 10:09:05.007   405   417 I Ext4Crypt: No master key, so not ext4enc
03-11 10:09:05.008  3834  4668 I chatty  : uid=1000(system) CryptdConnector expire 6 lines
03-11 10:09:05.009   405   417 D VoldCryptCmdListener: cryptfs getpwtype
03-11 10:09:05.009   405   417 I Ext4Crypt: ext4 crypto complete called on /data
03-11 10:09:05.009   405   417 I Ext4Crypt: No master key, so not ext4enc
03-11 10:09:05.163   405   417 I Ext4Crypt: ext4 crypto complete called on /data
03-11 10:09:05.163   405   417 I Ext4Crypt: No master key, so not ext4enc
03-11 10:09:05.164   405   417 D VoldCryptCmdListener: cryptfs getpwtype
03-11 10:09:05.164   405   417 I Ext4Crypt: ext4 crypto complete called on /data
03-11 10:09:05.164   405   417 I Ext4Crypt: No master key, so not ext4enc
03-11 10:09:06.018  5783  5836 I chatty  : uid=1000(system) local_job_dispa expire 1 line
03-11 10:09:06.555 32577 32753 E ActivityThread: Failed to find provider info for metok
03-11 10:09:06.564 32577 32761 E ActivityThread: Failed to find provider info for metok
03-11 10:09:07.074  3834  3834 I chatty  : uid=1000 system_server expire 2 lines
03-11 10:09:08.020  3834  3869 I chatty  : uid=1000(system) android.fg expire 2 lines
03-11 10:09:08.061  3834  5915 I chatty  : uid=1000(system) Binder:3834_4 expire 3 lines
03-11 10:09:08.085 26760   327 I chatty  : uid=1000(system) com.android.settings expire 2 lines
03-11 10:09:08.677 26760   379 I chatty  : uid=1000(system) com.android.settings expire 2 lines
03-11 10:09:08.797 26760   420 I chatty  : uid=1000(system) com.android.settings expire 2 lines
03-11 10:09:08.903 26760   425 I chatty  : uid=1000(system) com.android.settings expire 2 lines
03-11 10:09:10.082   405   417 I Ext4Crypt: ext4 crypto complete called on /data
03-11 10:09:10.082   405   417 I Ext4Crypt: No master key, so not ext4enc
03-11 10:09:10.084   405   417 D VoldCryptCmdListener: cryptfs getpwtype
03-11 10:09:10.084   405   417 I Ext4Crypt: ext4 crypto complete called on /data
03-11 10:09:10.084   405   417 I Ext4Crypt: No master key, so not ext4enc
03-11 10:09:10.700   532   532 W ActivityThread: ClassLoader.loadClass: The class loader returned by Thread.getContextClassLoader() may fail for processes that host multiple applications. You should explicitly specify a context class loader. For example: Thread.setContextClassLoader(getClass().getClassLoader());
03-11 10:09:10.876   644   644 I chatty  : uid=1000(system) com.qualcomm.qti.modemtestmode expire 3 lines
03-11 10:09:11.057  3834  5472 I chatty  : uid=1000(system) ConnectivitySer expire 4 lines
03-11 10:09:11.064  3834  6344 I chatty  : uid=1000(system) Binder:3834_A expire 5 lines
03-11 10:09:11.344  3834  3861 I chatty  : uid=1000(system) Binder:3834_2 expire 7 lines
03-11 10:09:11.465  3834  5530 I chatty  : uid=1000(system) Binder:3834_3 expire 13 lines
03-11 10:09:11.580  3834  5923 I chatty  : uid=1000(system) Binder:3834_7 expire 11 lines
03-11 10:09:11.596  3834  5916 I chatty  : uid=1000(system) Binder:3834_5 expire 6 lines
03-11 10:09:12.083  3834  3866 I chatty  : uid=1000(system) ActivityManager expire 10 lines
03-11 10:09:14.127  3834  6322 I chatty  : uid=1000(system) Binder:3834_9 expire 6 lines
03-11 10:09:14.225  3834  5915 I chatty  : uid=1000(system) Binder:3834_4 expire 8 lines
03-11 10:09:14.457  3834  6401 I chatty  : uid=1000(system) Binder:3834_C expire 8 lines
03-11 10:09:16.493  5783  5836 I chatty  : uid=1000(system) local_job_dispa expire 3 lines
03-11 10:09:17.241  3834  3860 I chatty  : uid=1000(system) Binder:3834_1 expire 9 lines
03-11 10:09:27.533  3834  6422 I chatty  : uid=1000(system) Binder:3834_F expire 5 lines
03-11 10:09:27.884  3834  6389 I chatty  : uid=1000(system) Binder:3834_B expire 7 lines
03-11 10:09:28.176  1139  1139 I chatty  : uid=1000(system) com.miui.securitycenter expire 6 lines
03-11 10:09:28.313  1139  1165 I chatty  : uid=1000(system) com.miui.securitycenter expire 2 lines
03-11 10:09:28.666  3834  6423 I chatty  : uid=1000(system) Binder:3834_10 expire 7 lines
03-11 10:09:28.719  3834  6402 I chatty  : uid=1000(system) Binder:3834_D expire 8 lines
03-11 10:09:28.892   942  1177 W PackageParser: Ignoring duplicate uses-permissions/uses-permissions-sdk-m: android.permission.READ_PHONE_STATE in package: org.test.aprojekt at: Binary XML file line #86
03-11 10:09:29.087  3834  5471 I chatty  : uid=1000(system) WifiService expire 5 lines
03-11 10:09:29.088  1139  1183 I chatty  : uid=1000(system) com.miui.securitycenter expire 1 line
03-11 10:09:30.021  7268  7286 D DefContainer: Copying /data/local/tmp/aAplikacja-0.1-debug.apk to base.apk
03-11 10:09:30.180  3834  3876 I chatty  : uid=1000(system) PackageManager expire 18 lines
03-11 10:09:32.011  3834  5479 I chatty  : uid=1000(system) LocationPolicy expire 2 lines
03-11 10:09:32.149  3834  3834 I chatty  : uid=1000 system_server expire 2 lines
03-11 10:09:32.625  1202  1202 I chatty  : uid=1000(system) com.miui.networkassistant.shadow expire 2 lines
03-11 10:09:32.780  3834  6404 I chatty  : uid=1000(system) Binder:3834_E expire 3 lines
03-11 10:09:33.614  1272  1272 I chatty  : uid=1000(system) com.android.keychain expire 2 lines
03-11 10:09:33.680  3834  6314 I chatty  : uid=1000(system) Binder:3834_8 expire 15 lines
03-11 10:09:34.305  3834  5919 I chatty  : uid=1000(system) Binder:3834_6 expire 5 lines
03-11 10:09:36.084  3834  3868 I chatty  : uid=1000(system) ActivityManager expire 1 line
03-11 10:09:38.228  6674  6674 I chatty  : uid=1000(system) com.miui.securitycenter.remote expire 2 lines
03-11 10:09:38.391  6494  6494 W PackageParser: Ignoring duplicate uses-permissions/uses-permissions-sdk-m: android.permission.READ_PHONE_STATE in package: org.test.aprojekt at: Binary XML file line #86
03-11 10:09:38.403  6494 14298 W PackageParser: Ignoring duplicate uses-permissions/uses-permissions-sdk-m: android.permission.READ_PHONE_STATE in package: org.test.aprojekt at: Binary XML file line #86
03-11 10:09:38.459  6494 14298 W PackageParser: Ignoring duplicate uses-permissions/uses-permissions-sdk-m: android.permission.READ_PHONE_STATE in package: org.test.aprojekt at: Binary XML file line #86
03-11 10:10:02.785  6208  6208 I chatty  : uid=1000(system) com.miui.networkassistant.deamon expire 2 lines
03-11 10:10:05.687  7248  7248 W MIUI-BLOCK-MONITOR: The msg null took 0ms and took 1489223405687ms after dispatch.
03-11 10:10:36.821   942  1839 W PackageParser: Ignoring duplicate uses-permissions/uses-permissions-sdk-m: android.permission.READ_PHONE_STATE in package: org.test.aprojekt at: Binary XML file line #86
03-11 10:10:37.627  7268  7286 D DefContainer: Copying /data/local/tmp/aAplikacja-0.1-debug.apk to base.apk
03-11 10:10:40.079  1848  1848 I chatty  : uid=1000(system) com.miui.networkassistant.shadow expire 2 lines
03-11 10:10:40.302  6494  6494 W PackageParser: Ignoring duplicate uses-permissions/uses-permissions-sdk-m: android.permission.READ_PHONE_STATE in package: org.test.aprojekt at: Binary XML file line #86
03-11 10:10:40.317  6494 15370 W PackageParser: Ignoring duplicate uses-permissions/uses-permissions-sdk-m: android.permission.READ_PHONE_STATE in package: org.test.aprojekt at: Binary XML file line #86
03-11 10:10:40.347  6494 15370 W PackageParser: Ignoring duplicate uses-permissions/uses-permissions-sdk-m: android.permission.READ_PHONE_STATE in package: org.test.aprojekt at: Binary XML file line #86
03-11 10:10:51.067  7248  7248 W MIUI-BLOCK-MONITOR: The msg null took 2ms and took 1489223451067ms after dispatch.
03-11 10:10:51.811  3834  5465 I chatty  : uid=1000(system) NetworkStats expire 1 line
03-11 10:10:53.421   405   417 I Ext4Crypt: ext4 crypto complete called on /data
03-11 10:10:53.423   405   417 I Ext4Crypt: No master key, so not ext4enc
03-11 10:10:53.424  3834  4668 I chatty  : uid=1000(system) CryptdConnector expire 2 lines
03-11 10:10:53.425   405   417 D VoldCryptCmdListener: cryptfs getpwtype
03-11 10:10:53.425   405   417 I Ext4Crypt: ext4 crypto complete called on /data
03-11 10:10:53.425   405   417 I Ext4Crypt: No master key, so not ext4enc
03-11 10:10:58.299  3834  5923 I chatty  : uid=1000(system) Binder:3834_7 expire 4 lines
03-11 10:14:34.143   942  2483 W PackageParser: Ignoring duplicate uses-permissions/uses-permissions-sdk-m: android.permission.READ_PHONE_STATE in package: org.test.aprojekt at: Binary XML file line #86
03-11 10:14:34.748  7268  7286 D DefContainer: Copying /data/local/tmp/aAplikacja-0.1-debug.apk to base.apk
03-11 10:14:34.912  3834  3876 I chatty  : uid=1000(system) PackageManager expire 9 lines
03-11 10:14:35.540  3834  3866 I chatty  : uid=1000(system) ActivityManager expire 7 lines
03-11 10:14:36.329  3834  3834 I chatty  : uid=1000 system_server expire 13 lines
03-11 10:14:36.331  3834  5479 I chatty  : uid=1000(system) LocationPolicy expire 2 lines
03-11 10:14:36.404  3834  6314 I chatty  : uid=1000(system) Binder:3834_8 expire 7 lines
03-11 10:14:36.876  1272  1272 I chatty  : uid=1000(system) com.android.keychain expire 1 line
03-11 10:14:37.016  2496  2496 I chatty  : uid=1000(system) com.miui.networkassistant.shadow expire 2 lines
03-11 10:14:37.039  3834  3861 I chatty  : uid=1000(system) Binder:3834_2 expire 12 lines
03-11 10:14:37.143  3834  6344 I chatty  : uid=1000(system) Binder:3834_A expire 12 lines
03-11 10:14:37.457  3834  6423 I chatty  : uid=1000(system) Binder:3834_10 expire 4 lines
03-11 10:14:37.553  6674  6674 I chatty  : uid=1000(system) com.miui.securitycenter.remote expire 2 lines
03-11 10:14:37.562  3834  5530 I chatty  : uid=1000(system) Binder:3834_3 expire 12 lines
03-11 10:14:37.701  6494  6494 W PackageParser: Ignoring duplicate uses-permissions/uses-permissions-sdk-m: android.permission.READ_PHONE_STATE in package: org.test.aprojekt at: Binary XML file line #86
03-11 10:14:37.709  6494 14298 W PackageParser: Ignoring duplicate uses-permissions/uses-permissions-sdk-m: android.permission.READ_PHONE_STATE in package: org.test.aprojekt at: Binary XML file line #86
03-11 10:14:37.729  6494 14298 W PackageParser: Ignoring duplicate uses-permissions/uses-permissions-sdk-m: android.permission.READ_PHONE_STATE in package: org.test.aprojekt at: Binary XML file line #86
03-11 10:14:38.200  3834  6401 I chatty  : uid=1000(system) Binder:3834_C expire 7 lines
03-11 10:14:43.289  3834  6422 I chatty  : uid=1000(system) Binder:3834_F expire 12 lines
03-11 10:14:46.650  3834  3860 I chatty  : uid=1000(system) Binder:3834_1 expire 14 lines
03-11 10:14:50.288  3834  5471 I chatty  : uid=1000(system) WifiService expire 5 lines
03-11 10:14:50.287  3834  6389 I chatty  : uid=1000(system) Binder:3834_B expire 7 lines
03-11 10:14:53.971  3834  5916 I chatty  : uid=1000(system) Binder:3834_5 expire 5 lines
03-11 10:14:54.054  5783  5836 I chatty  : uid=1000(system) local_job_dispa expire 2 lines
03-11 10:14:54.188   405   417 I Ext4Crypt: ext4 crypto complete called on /data
03-11 10:14:54.189   405   417 I Ext4Crypt: No master key, so not ext4enc
03-11 10:14:54.190  3834  4668 I chatty  : uid=1000(system) CryptdConnector expire 4 lines
03-11 10:14:54.191   405   417 D VoldCryptCmdListener: cryptfs getpwtype
03-11 10:14:54.191   405   417 I Ext4Crypt: ext4 crypto complete called on /data
03-11 10:14:54.191   405   417 I Ext4Crypt: No master key, so not ext4enc
03-11 10:15:03.297  3834  5919 I chatty  : uid=1000(system) Binder:3834_6 expire 8 lines
03-11 10:15:06.807  3834  6404 I chatty  : uid=1000(system) Binder:3834_E expire 10 lines
03-11 10:15:07.051  3834  6322 I chatty  : uid=1000(system) Binder:3834_9 expire 6 lines
03-11 10:15:07.154  3834  6402 I chatty  : uid=1000(system) Binder:3834_D expire 6 lines
03-11 10:15:07.157  6208  6208 I chatty  : uid=1000(system) com.miui.networkassistant.deamon expire 2 lines
03-11 10:15:19.557  3834  3865 I chatty  : uid=1000(system) android.bg expire 1 line
03-11 10:16:16.411  3834  4664 I chatty  : uid=1000(system) InputReader expire 12 lines
03-11 10:16:16.665  6453  6453 W ViewRootImpl: Dropping event due to no window focus: KeyEvent { action=ACTION_DOWN, keyCode=KEYCODE_BACK, scanCode=158, metaState=0, flags=0x48, repeatCount=0, eventTime=17316479, downTime=17316479, deviceId=9, source=0x101 }
03-11 10:16:18.399  3834  5915 I chatty  : uid=1000(system) Binder:3834_4 expire 2 lines
03-11 10:16:27.212  3084  3084 I chatty  : uid=1000(system) com.miui.securitycenter expire 4 lines
03-11 10:16:27.433  3084  3105 I chatty  : uid=1000(system) com.miui.securitycenter expire 2 lines
03-11 10:16:27.920  3084  3136 I chatty  : uid=1000(system) com.miui.securitycenter expire 2 lines
03-11 10:16:27.938   942  3135 W PackageParser: Ignoring duplicate uses-permissions/uses-permissions-sdk-m: android.permission.READ_PHONE_STATE in package: org.test.aprojekt at: Binary XML file line #86
03-11 10:16:28.580  7268  2964 D DefContainer: Copying /data/local/tmp/aAplikacja-0.1-debug.apk to base.apk
03-11 10:16:28.755  3834  3876 I chatty  : uid=1000(system) PackageManager expire 9 lines
03-11 10:16:30.548  3152  3152 I chatty  : uid=1000(system) com.miui.networkassistant.shadow expire 2 lines
03-11 10:16:31.356  2997  2997 E ActivityThread: Performing stop of activity that is not resumed: {com.android.contacts/com.android.contacts.activities.PeopleActivity}
03-11 10:16:31.356  2997  2997 E ActivityThread: java.lang.RuntimeException: Performing stop of activity that is not resumed: {com.android.contacts/com.android.contacts.activities.PeopleActivity}
03-11 10:16:31.356  2997  2997 E ActivityThread: 	at android.app.ActivityThread.performStopActivityInner(ActivityThread.java:3490)
03-11 10:16:31.356  2997  2997 E ActivityThread: 	at android.app.ActivityThread.handleStopActivity(ActivityThread.java:3575)
03-11 10:16:31.356  2997  2997 E ActivityThread: 	at android.app.ActivityThread.access$1300(ActivityThread.java:153)
03-11 10:16:31.356  2997  2997 E ActivityThread: 	at android.app.ActivityThread$H.handleMessage(ActivityThread.java:1398)
03-11 10:16:31.356  2997  2997 E ActivityThread: 	at android.os.Handler.dispatchMessage(Handler.java:102)
03-11 10:16:31.356  2997  2997 E ActivityThread: 	at android.os.Looper.loop(Looper.java:154)
03-11 10:16:31.356  2997  2997 E ActivityThread: 	at android.app.ActivityThread.main(ActivityThread.java:5465)
03-11 10:16:31.356  2997  2997 E ActivityThread: 	at java.lang.reflect.Method.invoke(Native Method)
03-11 10:16:31.356  2997  2997 E ActivityThread: 	at com.android.internal.os.ZygoteInit$MethodAndArgsCaller.run(ZygoteInit.java:738)
03-11 10:16:31.356  2997  2997 E ActivityThread: 	at com.android.internal.os.ZygoteInit.main(ZygoteInit.java:628)
03-11 10:16:31.710  3246  3246 I chatty  : uid=1000(system) com.android.keychain expire 1 line
03-11 10:16:34.715  3834  5923 I chatty  : uid=1000(system) Binder:3834_7 expire 1 line
03-11 10:16:35.035  6494  6494 W PackageParser: Ignoring duplicate uses-permissions/uses-permissions-sdk-m: android.permission.READ_PHONE_STATE in package: org.test.aprojekt at: Binary XML file line #86
03-11 10:16:35.046  6494 15370 W PackageParser: Ignoring duplicate uses-permissions/uses-permissions-sdk-m: android.permission.READ_PHONE_STATE in package: org.test.aprojekt at: Binary XML file line #86
03-11 10:16:35.058  6494 15370 W PackageParser: Ignoring duplicate uses-permissions/uses-permissions-sdk-m: android.permission.READ_PHONE_STATE in package: org.test.aprojekt at: Binary XML file line #86
03-11 10:16:35.900   405   417 I Ext4Crypt: ext4 crypto complete called on /data
03-11 10:16:35.900   405   417 I Ext4Crypt: No master key, so not ext4enc
03-11 10:16:35.903   405   417 D VoldCryptCmdListener: cryptfs getpwtype
03-11 10:16:35.903   405   417 I Ext4Crypt: ext4 crypto complete called on /data
03-11 10:16:35.903   405   417 I Ext4Crypt: No master key, so not ext4enc
03-11 10:16:57.082  3834  4662 I chatty  : uid=1000(system) AlarmManager expire 1 line
03-11 10:17:51.089  3835  3835 I chatty  : uid=1000(system) com.android.server.telecom:ui expire 3 lines
03-11 10:17:51.156  3834  3834 I chatty  : uid=1000 system_server expire 67 lines
03-11 10:17:51.168  3834  6344 I chatty  : uid=1000(system) Binder:3834_A expire 1 line
03-11 10:17:51.187  3834  3866 I chatty  : uid=1000(system) ActivityManager expire 2 lines
03-11 10:17:51.474  3883  3883 I InCall_sys: InCallPresenter - onCallListChange oldState= NO_CALLS newState=NO_CALLS switching to NO_CALLS
03-11 10:17:51.636  3834  5919 I chatty  : uid=1000(system) Binder:3834_6 expire 1 line
03-11 10:17:51.637  3834  5530 I chatty  : uid=1000(system) Binder:3834_3 expire 1 line
03-11 10:17:51.639  3834  3861 I chatty  : uid=1000(system) Binder:3834_2 expire 1 line
03-11 10:17:51.645  3834  5916 I chatty  : uid=1000(system) Binder:3834_5 expire 1 line
03-11 10:17:51.647  3834  6389 I chatty  : uid=1000(system) Binder:3834_B expire 6 lines
03-11 10:17:51.817  3834  6401 I chatty  : uid=1000(system) Binder:3834_C expire 47 lines
03-11 10:17:51.884  3883  3883 I InCall_sys: InCallPresenter - onCallListChange oldState= NO_CALLS newState=PENDING_OUTGOING switching to PENDING_OUTGOING
03-11 10:17:51.953  3883  3883 I InCall_sys: InCallActivity - InCallActivity onCreate()...  this = com.android.incallui.InCallActivity@b5c70ee
03-11 10:17:51.976  3883  3883 I InCall_sys: InCallActivity - InCallActivity onStart()...
03-11 10:17:51.978  3883  3883 I InCall_sys: InCallActivity - InCallActivity onResume()...
03-11 10:17:51.979  3883  3883 I InCall_sys: AnimationCircleLayout - FINISH clipView:false transY:0.0 cdx:0.0 cdy:0.0 cdr:0.0
03-11 10:17:52.016  3883  3883 I InCall_sys: Call - update Call_0 call, old state is CONNECTING, new call detail is DIALING
03-11 10:17:52.017  3883  3883 I InCall_sys: InCallPresenter - onCallListChange oldState= PENDING_OUTGOING newState=OUTGOING switching to OUTGOING
03-11 10:17:52.037  3883  3883 I InCall_sys: Call - update Call_0 call, old state is DIALING, new call detail is DIALING
03-11 10:17:52.038  3883  3883 I InCall_sys: Call - update Call_0 call, old state is DIALING, new call detail is DIALING
03-11 10:17:52.038  3883  3883 I InCall_sys: Call - update Call_0 call, old state is DIALING, new call detail is DIALING
03-11 10:17:52.038  3883  3883 I InCall_sys: Call - update Call_0 call, old state is DIALING, new call detail is DIALING
03-11 10:17:52.039  3883  3883 I InCall_sys: Call - update Call_0 call, old state is DIALING, new call detail is DIALING
03-11 10:17:52.039  3883  3883 I InCall_sys: Call - update Call_0 call, old state is DIALING, new call detail is DIALING
03-11 10:17:52.040  3883  3883 I InCall_sys: Call - update Call_0 call, old state is DIALING, new call detail is DIALING
03-11 10:17:52.058  3834  6322 I chatty  : uid=1000(system) Binder:3834_9 expire 7 lines
03-11 10:17:52.093  3883  3883 I InCall_sys: InCallPresenter - onCallListChange oldState= OUTGOING newState=OUTGOING switching to OUTGOING
03-11 10:17:52.344  3883  3883 I InCall_sys: Call - update Call_0 call, old state is DIALING, new call detail is DIALING
03-11 10:17:52.346  3883  3883 I InCall_sys: Call - update Call_0 call, old state is DIALING, new call detail is DIALING
03-11 10:17:52.854  3971  3971 I chatty  : uid=1000(system) com.miui.sysbase expire 3 lines
03-11 10:17:53.428  3834  6423 I chatty  : uid=1000(system) Binder:3834_10 expire 55 lines
03-11 10:17:53.434  3883  3883 I InCall_sys: Call - update Call_0 call, old state is DIALING, new call detail is DISCONNECTING
03-11 10:17:53.435  3883  3883 I InCall_sys: InCallPresenter - onCallListChange oldState= OUTGOING newState=INCALL switching to INCALL
03-11 10:17:53.473  3834  4028 I chatty  : uid=1000 system_server expire 4 lines
03-11 10:17:53.480  3834  6423 I chatty  : uid=1000(system) Binder:3834_10 expire 25 lines
03-11 10:17:53.502  3883  3883 I InCall_sys: Call - update Call_0 call, old state is DISCONNECTING, new call detail is DISCONNECTING
03-11 10:17:53.520  3834  3866 I chatty  : uid=1000(system) ActivityManager expire 3 lines
03-11 10:17:53.522  3834  3834 I chatty  : uid=1000 system_server expire 10 lines
03-11 10:17:53.525  3883  3883 I InCall_sys: Call - update Call_0 call, old state is DISCONNECTING, new call detail is DISCONNECTED
03-11 10:17:53.553  3883  3883 I InCall_sys: InCallPresenter - onCallListChange oldState= INCALL newState=INCALL switching to INCALL
03-11 10:17:53.576  3883  3883 I InCall_sys: Call - update Call_0 call, old state is DISCONNECTED, new call detail is DISCONNECTED
03-11 10:17:53.577  3883  3883 I InCall_sys: InCallPresenter - onCallListChange oldState= INCALL newState=INCALL switching to INCALL
03-11 10:17:53.582  3883  3883 I InCall_sys: Call - update Call_0 call, old state is DISCONNECTED, new call detail is DISCONNECTED
03-11 10:17:53.582  3883  3883 I InCall_sys: Call - update Call_0 call, old state is DISCONNECTED, new call detail is DISCONNECTED
03-11 10:17:53.583  3883  3883 I InCall_sys: Call - update Call_0 call, old state is DISCONNECTED, new call detail is DISCONNECTED
03-11 10:17:53.740  3883  3883 I InCall_sys: InCallPresenter - onCallListChange oldState= INCALL newState=NO_CALLS switching to NO_CALLS
03-11 10:17:53.778  3883  3883 I InCall_sys: InCallPresenter - onCallListChange oldState= NO_CALLS newState=NO_CALLS switching to NO_CALLS
03-11 10:17:53.797  3883  3883 I InCall_sys: InCallPresenter - onCallListChange oldState= NO_CALLS newState=NO_CALLS switching to NO_CALLS
03-11 10:17:54.093  3883  3883 I InCall_sys:  - circle anim run to end. InCallState: NO_CALLS
03-11 10:17:54.098  3834  6322 I chatty  : uid=1000(system) Binder:3834_9 expire 2 lines
03-11 10:17:54.103  3883  3883 I InCall_sys: InCallActivity - InCallActivity onPause()...
03-11 10:17:54.123  3883  3883 I InCall_sys: InCallPresenter - onCallListChange oldState= NO_CALLS newState=NO_CALLS switching to NO_CALLS
03-11 10:17:54.151  3883  3883 I InCall_sys: InCallActivity - InCallActivity onStop()...
03-11 10:17:54.153  3883  3883 I InCall_sys: InCallActivity - onDestroy()...  this = com.android.incallui.InCallActivity@b5c70ee
03-11 10:17:54.156  3834  5923 I chatty  : uid=1000(system) Binder:3834_7 expire 6 lines
03-11 10:17:54.527  3834  6402 I chatty  : uid=1000(system) Binder:3834_D expire 4 lines
03-11 10:17:55.494  3883  3883 I InCall_sys: InCallPresenter - onCallListChange oldState= NO_CALLS newState=NO_CALLS switching to NO_CALLS
03-11 10:17:55.233  3834  6389 I chatty  : uid=1000(system) Binder:3834_B expire 19 lines
03-11 10:17:55.695  3834  5919 I chatty  : uid=1000(system) Binder:3834_6 expire 8 lines
03-11 10:17:56.470  3834  5530 I chatty  : uid=1000(system) Binder:3834_3 expire 17 lines
03-11 10:17:56.811  6674  6674 I chatty  : uid=1000(system) com.miui.securitycenter.remote expire 6 lines
03-11 10:17:57.254  3834  5916 I chatty  : uid=1000(system) Binder:3834_5 expire 3 lines
03-11 10:17:57.474  3834  6401 I chatty  : uid=1000(system) Binder:3834_C expire 2 lines
03-11 10:17:57.506  3834  6344 I chatty  : uid=1000(system) Binder:3834_A expire 5 lines
03-11 10:17:57.562  3971  3971 I chatty  : uid=1000(system) com.miui.sysbase expire 5 lines
03-11 10:18:12.105  3834  6404 I chatty  : uid=1000(system) Binder:3834_E expire 2 lines
03-11 10:18:32.113  3834  3860 I chatty  : uid=1000(system) Binder:3834_1 expire 3 lines
03-11 10:18:51.609  3834  3865 I chatty  : uid=1000(system) android.bg expire 2 lines
03-11 10:18:55.428  7248  7248 W MIUI-BLOCK-MONITOR: The msg { when=-1ms what=115 obj=ServiceArgsData{token=android.os.BinderProxy@e732923 startId=282 args=Intent { cmp=com.google.android.gms/com.google.android.location.network.NetworkLocationService (has extras) }} target=android.app.ActivityThread$H planTime=0 dispatchTime=0 finishTime=0 } took 0ms and took 1489223935428ms after dispatch.
03-11 10:18:55.437  7248 12796 E MQSEventManagerDelegate: failed to get MQSService.
03-11 10:18:55.451  3834  6314 I chatty  : uid=1000(system) Binder:3834_8 expire 1 line
03-11 10:18:56.825  5783  5836 I chatty  : uid=1000(system) local_job_dispa expire 1 line
03-11 10:18:56.838  3834  6423 I chatty  : uid=1000(system) Binder:3834_10 expire 1 line
03-11 10:19:33.359  3834  3861 I chatty  : uid=1000(system) Binder:3834_2 expire 1 line
03-11 10:19:33.364  3834  6422 I chatty  : uid=1000(system) Binder:3834_F expire 1 line
03-11 10:19:35.370  3834  3834 I chatty  : uid=1000 system_server expire 47 lines
03-11 10:19:35.518  3834  4681 I chatty  : uid=1000 system_server expire 6 lines
03-11 10:19:35.638  3883  3883 I InCall_sys: InCallPresenter - onCallListChange oldState= NO_CALLS newState=NO_CALLS switching to NO_CALLS
03-11 10:19:35.741  3834  9736 I chatty  : uid=1000(system) AsyncTask #6 expire 1 line
03-11 10:19:35.772  3834  4701 I chatty  : uid=1000 system_server expire 4 lines
03-11 10:19:36.709  3883  3883 I InCall_sys: Call - update Call_1 call, old state is INCOMING, new call detail is INCOMING
03-11 10:19:36.710  3883  3883 I InCall_sys: InCallPresenter - onCallListChange oldState= INCOMING newState=INCOMING switching to INCOMING
03-11 10:19:37.005  3883  3883 I InCall_sys: Call - update Call_1 call, old state is INCOMING, new call detail is INCOMING
03-11 10:19:37.037  3883  3883 I InCall_sys: Call - update Call_1 call, old state is INCOMING, new call detail is INCOMING
03-11 10:19:37.050  3883  3883 I InCall_sys: Call - update Call_1 call, old state is INCOMING, new call detail is INCOMING
03-11 10:19:37.050  3834  5530 I chatty  : uid=1000(system) Binder:3834_3 expire 48 lines
03-11 10:19:37.071  3834  4701 I chatty  : uid=1000 system_server expire 2 lines
03-11 10:19:37.073  3834  3834 I chatty  : uid=1000 system_server expire 38 lines
03-11 10:19:37.100  3883  3883 I InCall_sys: Call - update Call_1 call, old state is INCOMING, new call detail is DISCONNECTED
03-11 10:19:37.107  3883  3883 I InCall_sys: InCallPresenter - onCallListChange oldState= INCOMING newState=INCALL switching to INCALL
03-11 10:19:37.116  3883  3883 I InCall_sys: Call - update Call_1 call, old state is DISCONNECTED, new call detail is DISCONNECTED
03-11 10:19:37.121  3883  3883 I InCall_sys: InCallPresenter - onCallListChange oldState= INCALL newState=INCALL switching to INCALL
03-11 10:19:37.166  3883  3883 I InCall_sys: InCallPresenter - onCallListChange oldState= INCALL newState=NO_CALLS switching to NO_CALLS
03-11 10:19:37.176  3883  3883 I InCall_sys: InCallPresenter - onCallListChange oldState= NO_CALLS newState=NO_CALLS switching to NO_CALLS
03-11 10:19:37.180  3883  3883 I InCall_sys: InCallPresenter - onCallListChange oldState= NO_CALLS newState=NO_CALLS switching to NO_CALLS
03-11 10:19:37.204  5783  5836 I chatty  : uid=1000(system) local_job_dispa expire 1 line
03-11 10:19:37.252  6674  6674 I chatty  : uid=1000(system) com.miui.securitycenter.remote expire 2 lines
03-11 10:19:37.399  7248  7248 W MIUI-BLOCK-MONITOR: The msg null took 25ms and took 1489223977399ms after dispatch.
03-11 10:19:37.430  3971  3971 I chatty  : uid=1000(system) com.miui.sysbase expire 4 lines
03-11 10:19:38.601  3883  3883 I InCall_sys: InCallPresenter - onCallListChange oldState= NO_CALLS newState=NO_CALLS switching to NO_CALLS
03-11 10:19:38.614  3834  5919 I chatty  : uid=1000(system) Binder:3834_6 expire 1 line
03-11 10:19:38.755  3834  5923 I chatty  : uid=1000(system) Binder:3834_7 expire 4 lines
03-11 10:19:52.140  3834  6344 I chatty  : uid=1000(system) Binder:3834_A expire 17 lines
03-11 10:19:52.231  3834  3860 I chatty  : uid=1000(system) Binder:3834_1 expire 6 lines
03-11 10:19:52.239  3834  4852 I chatty  : uid=1000 system_server expire 6 lines
03-11 10:19:52.318  3883  3883 I InCall_sys: InCallPresenter - onCallListChange oldState= NO_CALLS newState=NO_CALLS switching to NO_CALLS
03-11 10:19:52.327  3834  3834 I chatty  : uid=1000 system_server expire 11 lines
03-11 10:19:52.330  3834  4857 I chatty  : uid=1000 system_server expire 6 lines
03-11 10:19:52.547  3834  4664 I chatty  : uid=1000(system) InputReader expire 10 lines
03-11 10:19:52.628  3834  6423 I chatty  : uid=1000(system) Binder:3834_10 expire 1 line
03-11 10:19:53.157  3834  6402 I chatty  : uid=1000(system) Binder:3834_D expire 4 lines
03-11 10:19:53.277  3834  5915 I chatty  : uid=1000(system) Binder:3834_4 expire 2 lines
03-11 10:19:55.397  3834  5472 I chatty  : uid=1000(system) ConnectivitySer expire 1 line
03-11 10:19:55.439  3834  3867 I chatty  : uid=1000(system) android.ui expire 1 line
03-11 10:19:55.489 26760 26760 I chatty  : uid=1000(system) com.android.settings expire 1 line
03-11 10:19:55.541 26760  4902 I chatty  : uid=1000(system) com.android.settings expire 1 line
03-11 10:20:00.083  3834  6389 I chatty  : uid=1000(system) Binder:3834_B expire 61 lines
03-11 10:20:00.103  3883  3883 I InCall_sys: Call - update Call_2 call, old state is INCOMING, new call detail is INCOMING
03-11 10:20:00.104  3883  3883 I InCall_sys: InCallPresenter - onCallListChange oldState= INCOMING newState=INCOMING switching to INCOMING
03-11 10:20:00.122  3883  3883 I InCall_sys: Call - update Call_2 call, old state is INCOMING, new call detail is INCOMING
03-11 10:20:00.135  3883  3883 I InCall_sys: Call - update Call_2 call, old state is INCOMING, new call detail is INCOMING
03-11 10:20:00.188  3883  3883 I InCall_sys: Call - update Call_2 call, old state is INCOMING, new call detail is DISCONNECTED
03-11 10:20:00.195  3883  3883 I InCall_sys: InCallPresenter - onCallListChange oldState= INCOMING newState=INCALL switching to INCALL
03-11 10:20:00.207  3883  3883 I InCall_sys: Call - update Call_2 call, old state is DISCONNECTED, new call detail is DISCONNECTED
03-11 10:20:00.210  3883  3883 I InCall_sys: InCallPresenter - onCallListChange oldState= INCALL newState=INCALL switching to INCALL
03-11 10:20:00.212  3834  3834 I chatty  : uid=1000 system_server expire 38 lines
03-11 10:20:00.225  3883  3883 I InCall_sys: InCallPresenter - onCallListChange oldState= INCALL newState=NO_CALLS switching to NO_CALLS
03-11 10:20:00.247  3883  3883 I InCall_sys: InCallPresenter - onCallListChange oldState= NO_CALLS newState=NO_CALLS switching to NO_CALLS
03-11 10:20:00.257  3883  3883 I InCall_sys: InCallPresenter - onCallListChange oldState= NO_CALLS newState=NO_CALLS switching to NO_CALLS
03-11 10:20:00.455  5783  5836 I chatty  : uid=1000(system) local_job_dispa expire 3 lines
03-11 10:20:01.067  3971  3971 I chatty  : uid=1000(system) com.miui.sysbase expire 6 lines
03-11 10:20:02.320  3883  3883 I InCall_sys: InCallPresenter - onCallListChange oldState= NO_CALLS newState=NO_CALLS switching to NO_CALLS
03-11 10:20:11.342  3834  5923 I chatty  : uid=1000(system) Binder:3834_7 expire 17 lines
03-11 10:20:11.427  3834  5919 I chatty  : uid=1000(system) Binder:3834_6 expire 5 lines
03-11 10:20:11.436  3834  3860 I chatty  : uid=1000(system) Binder:3834_1 expire 6 lines
03-11 10:20:11.516  3834  5036 I chatty  : uid=1000 system_server expire 6 lines
03-11 10:20:11.597  3883  3883 I InCall_sys: InCallPresenter - onCallListChange oldState= NO_CALLS newState=NO_CALLS switching to NO_CALLS
03-11 10:20:11.612  3834  3834 I chatty  : uid=1000 system_server expire 16 lines
03-11 10:20:11.614  3834  5040 I chatty  : uid=1000 system_server expire 8 lines
03-11 10:20:16.155  3834  6401 I chatty  : uid=1000(system) Binder:3834_C expire 66 lines
03-11 10:20:19.384  3883  3883 I InCall_sys: Call - update Call_3 call, old state is INCOMING, new call detail is INCOMING
03-11 10:20:19.385  3883  3883 I InCall_sys: InCallPresenter - onCallListChange oldState= INCOMING newState=INCOMING switching to INCOMING
03-11 10:20:19.392  3883  3883 I InCall_sys: Call - update Call_3 call, old state is INCOMING, new call detail is INCOMING
03-11 10:20:19.402  3883  3883 I InCall_sys: Call - update Call_3 call, old state is INCOMING, new call detail is INCOMING
03-11 10:20:19.412  3883  3883 I InCall_sys: Call - update Call_3 call, old state is INCOMING, new call detail is INCOMING
03-11 10:20:19.445  3883  3883 I InCall_sys: Call - update Call_3 call, old state is INCOMING, new call detail is DISCONNECTED
03-11 10:20:19.450  3883  3883 I InCall_sys: InCallPresenter - onCallListChange oldState= INCOMING newState=INCALL switching to INCALL
03-11 10:20:19.475  3883  3883 I InCall_sys: Call - update Call_3 call, old state is DISCONNECTED, new call detail is DISCONNECTED
03-11 10:20:19.482  3883  3883 I InCall_sys: InCallPresenter - onCallListChange oldState= INCALL newState=INCALL switching to INCALL
03-11 10:20:19.511  3883  3883 I InCall_sys: InCallPresenter - onCallListChange oldState= INCALL newState=NO_CALLS switching to NO_CALLS
03-11 10:20:19.525  3883  3883 I InCall_sys: InCallPresenter - onCallListChange oldState= NO_CALLS newState=NO_CALLS switching to NO_CALLS
03-11 10:20:19.530  3883  3883 I InCall_sys: InCallPresenter - onCallListChange oldState= NO_CALLS newState=NO_CALLS switching to NO_CALLS
03-11 10:20:21.369  3883  3883 I InCall_sys: InCallPresenter - onCallListChange oldState= NO_CALLS newState=NO_CALLS switching to NO_CALLS
03-11 10:20:23.938  3834  4664 I chatty  : uid=1000(system) InputReader expire 16 lines
03-11 10:20:29.671  3834  4663 I chatty  : uid=1000(system) InputDispatcher expire 2 lines
03-11 10:20:29.783  3834  5530 I chatty  : uid=1000(system) Binder:3834_3 expire 2 lines
03-11 10:20:31.654  3834  6322 I chatty  : uid=1000(system) Binder:3834_9 expire 1 line
03-11 10:20:31.960  3834  6344 I chatty  : uid=1000(system) Binder:3834_A expire 9 lines
03-11 10:20:37.183  3834  5919 I chatty  : uid=1000(system) Binder:3834_6 expire 4 lines
03-11 10:20:37.954  3834  6422 I chatty  : uid=1000(system) Binder:3834_F expire 2 lines
03-11 10:20:38.354  5783  5836 I chatty  : uid=1000(system) local_job_dispa expire 4 lines
03-11 10:20:40.436  3834  5530 I chatty  : uid=1000(system) Binder:3834_3 expire 7 lines
03-11 10:20:40.436  5155  5187 E ActivityThread: Failed to find provider info for metok
03-11 10:20:40.469  3834  6423 I chatty  : uid=1000(system) Binder:3834_10 expire 12 lines
03-11 10:20:40.469  5155  5192 E ActivityThread: Failed to find provider info for metok
03-11 10:20:40.479  3834  3866 I chatty  : uid=1000(system) ActivityManager expire 4 lines
03-11 10:20:40.487  3834  3834 I chatty  : uid=1000 system_server expire 40 lines
03-11 10:20:40.531  5783  5783 I chatty  : uid=1000(system) com.android.systemui expire 1 line
03-11 10:20:40.605  3834  5916 I chatty  : uid=1000(system) Binder:3834_5 expire 11 lines
03-11 10:20:45.238  3834  6322 I chatty  : uid=1000(system) Binder:3834_9 expire 6 lines
03-11 10:20:48.950  3834  6404 I chatty  : uid=1000(system) Binder:3834_E expire 8 lines
03-11 10:20:49.806  3834  3860 I chatty  : uid=1000(system) Binder:3834_1 expire 5 lines
03-11 10:21:22.000  3834  4664 I chatty  : uid=1000(system) InputReader expire 19 lines
03-11 10:21:27.123  3834  3861 I chatty  : uid=1000(system) Binder:3834_2 expire 6 lines
03-11 10:21:30.375  3834  6402 I chatty  : uid=1000(system) Binder:3834_D expire 3 lines
03-11 10:21:30.532  3834  3867 I chatty  : uid=1000(system) android.ui expire 2 lines
03-11 10:21:42.744  3971  3971 I chatty  : uid=1000(system) com.miui.sysbase expire 2 lines
03-11 10:21:44.043  3834  6389 I chatty  : uid=1000(system) Binder:3834_B expire 4 lines
03-11 10:21:44.713  6674  6674 I chatty  : uid=1000(system) com.miui.securitycenter.remote expire 2 lines
03-11 10:21:45.258  3834  5915 I chatty  : uid=1000(system) Binder:3834_4 expire 20 lines
03-11 10:21:45.477  3834  5544 I chatty  : uid=1000 system_server expire 6 lines
03-11 10:21:45.613  3883  3883 I InCall_sys: InCallPresenter - onCallListChange oldState= NO_CALLS newState=NO_CALLS switching to NO_CALLS
03-11 10:21:45.617  3834  3834 I chatty  : uid=1000 system_server expire 10 lines
03-11 10:21:45.621  3834  5548 I chatty  : uid=1000 system_server expire 5 lines
03-11 10:21:46.423  3834  5471 I chatty  : uid=1000(system) WifiService expire 1 line
03-11 10:21:47.006   405   417 I Ext4Crypt: ext4 crypto complete called on /data
03-11 10:21:47.008   405   417 I Ext4Crypt: No master key, so not ext4enc
03-11 10:21:47.010  3834  4668 I chatty  : uid=1000(system) CryptdConnector expire 2 lines
03-11 10:21:47.011   405   417 D VoldCryptCmdListener: cryptfs getpwtype
03-11 10:21:47.011   405   417 I Ext4Crypt: ext4 crypto complete called on /data
03-11 10:21:47.012   405   417 I Ext4Crypt: No master key, so not ext4enc
03-11 10:21:53.918  3883  3883 I InCall_sys: Call - update Call_4 call, old state is INCOMING, new call detail is INCOMING
03-11 10:21:53.919  3883  3883 I InCall_sys: InCallPresenter - onCallListChange oldState= INCOMING newState=INCOMING switching to INCOMING
03-11 10:21:53.928  3883  3883 I InCall_sys: Call - update Call_4 call, old state is INCOMING, new call detail is INCOMING
03-11 10:21:53.934  3834  6423 I chatty  : uid=1000(system) Binder:3834_10 expire 58 lines
03-11 10:21:53.935  3883  3883 I InCall_sys: Call - update Call_4 call, old state is INCOMING, new call detail is INCOMING
03-11 10:21:53.943  3883  3883 I InCall_sys: Call - update Call_4 call, old state is INCOMING, new call detail is INCOMING
03-11 10:21:53.944  3834  3834 I chatty  : uid=1000 system_server expire 10 lines
03-11 10:21:53.961  3834  5548 I chatty  : uid=1000 system_server expire 3 lines
03-11 10:21:53.984  3883  3883 I InCall_sys: Call - update Call_4 call, old state is INCOMING, new call detail is DISCONNECTED
03-11 10:21:53.989  3883  3883 I InCall_sys: InCallPresenter - onCallListChange oldState= INCOMING newState=INCALL switching to INCALL
03-11 10:21:54.007  3883  3883 I InCall_sys: Call - update Call_4 call, old state is DISCONNECTED, new call detail is DISCONNECTED
03-11 10:21:54.019  3834  3866 I chatty  : uid=1000(system) ActivityManager expire 7 lines
03-11 10:21:54.024  3883  3883 I InCall_sys: InCallPresenter - onCallListChange oldState= INCALL newState=INCALL switching to INCALL
03-11 10:21:54.038  3883  3883 I InCall_sys: InCallPresenter - onCallListChange oldState= INCALL newState=NO_CALLS switching to NO_CALLS
03-11 10:21:54.044  3883  3883 I InCall_sys: InCallPresenter - onCallListChange oldState= NO_CALLS newState=NO_CALLS switching to NO_CALLS
03-11 10:21:54.053  3883  3883 I InCall_sys: InCallPresenter - onCallListChange oldState= NO_CALLS newState=NO_CALLS switching to NO_CALLS
03-11 10:21:54.155  3834  3865 I chatty  : uid=1000(system) android.bg expire 2 lines
03-11 10:21:54.452  3834  6402 I chatty  : uid=1000(system) Binder:3834_D expire 6 lines
03-11 10:21:54.602  3834  6422 I chatty  : uid=1000(system) Binder:3834_F expire 8 lines
03-11 10:21:54.010  3834  5530 I chatty  : uid=1000(system) Binder:3834_3 expire 7 lines
03-11 10:21:54.124  3834  6401 I chatty  : uid=1000(system) Binder:3834_C expire 1 line
03-11 10:21:54.297  6674  6674 I chatty  : uid=1000(system) com.miui.securitycenter.remote expire 3 lines
03-11 10:21:54.489  3971  3971 I chatty  : uid=1000(system) com.miui.sysbase expire 2 lines
03-11 10:21:55.190  3883  3883 I InCall_sys: InCallPresenter - onCallListChange oldState= NO_CALLS newState=NO_CALLS switching to NO_CALLS
03-11 10:21:55.199  3834  5919 I chatty  : uid=1000(system) Binder:3834_6 expire 4 lines
03-11 10:21:55.285  3834  5915 I chatty  : uid=1000(system) Binder:3834_4 expire 8 lines
03-11 10:21:55.286  3834  5471 I chatty  : uid=1000(system) WifiService expire 3 lines
03-11 10:21:56.825  3834  5916 I chatty  : uid=1000(system) Binder:3834_5 expire 7 lines
03-11 10:21:57.209  3834  3861 I chatty  : uid=1000(system) Binder:3834_2 expire 4 lines
03-11 10:21:57.240  5783  5836 I chatty  : uid=1000(system) local_job_dispa expire 2 lines
03-11 10:21:57.317  3834  5923 I chatty  : uid=1000(system) Binder:3834_7 expire 5 lines
03-11 10:22:12.425  3834  5472 I chatty  : uid=1000(system) ConnectivitySer expire 7 lines
03-11 10:22:45.822  3834  3860 I chatty  : uid=1000(system) Binder:3834_1 expire 6 lines
03-11 10:23:51.374  3834  6389 I chatty  : uid=1000(system) Binder:3834_B expire 3 lines
03-11 10:25:49.911  3834  6314 I chatty  : uid=1000(system) Binder:3834_8 expire 25 lines
03-11 10:25:49.912   405   417 I Ext4Crypt: ext4 crypto complete called on /data
03-11 10:25:49.912   405   417 I Ext4Crypt: No master key, so not ext4enc
03-11 10:25:49.913  3834  4668 I chatty  : uid=1000(system) CryptdConnector expire 4 lines
03-11 10:25:49.915   405   417 D VoldCryptCmdListener: cryptfs getpwtype
03-11 10:25:49.915   405   417 I Ext4Crypt: ext4 crypto complete called on /data
03-11 10:25:49.915   405   417 I Ext4Crypt: No master key, so not ext4enc
03-11 10:25:52.545  7248  7248 W MIUI-BLOCK-MONITOR: The msg null took 2ms and took 1489224352545ms after dispatch.
03-11 10:26:01.779  6093  6093 I chatty  : uid=1000(system) com.miui.securitycenter expire 4 lines
03-11 10:26:01.939  6093  6116 I chatty  : uid=1000(system) com.miui.securitycenter expire 2 lines
03-11 10:26:02.158  3834  6423 I chatty  : uid=1000(system) Binder:3834_10 expire 1 line
03-11 10:26:02.315  3834  6322 I chatty  : uid=1000(system) Binder:3834_9 expire 3 lines
03-11 10:26:03.058  6126  6207 W PackageParser: Ignoring duplicate uses-permissions/uses-permissions-sdk-m: android.permission.READ_PHONE_STATE in package: org.test.aprojekt at: Binary XML file line #86
03-11 10:26:03.849  7268  7285 D DefContainer: Copying /data/local/tmp/aAplikacja-0.1-debug.apk to base.apk
03-11 10:26:04.019  3834  3876 I chatty  : uid=1000(system) PackageManager expire 9 lines
03-11 10:26:05.541  3834  5479 I chatty  : uid=1000(system) LocationPolicy expire 1 line
03-11 10:26:05.548  3834  3834 I chatty  : uid=1000 system_server expire 5 lines
03-11 10:26:05.787  6226  6226 I chatty  : uid=1000(system) com.miui.networkassistant.shadow expire 2 lines
03-11 10:26:06.864  6296  6296 I chatty  : uid=1000(system) com.android.keychain expire 1 line
03-11 10:26:11.038  6494  6494 W PackageParser: Ignoring duplicate uses-permissions/uses-permissions-sdk-m: android.permission.READ_PHONE_STATE in package: org.test.aprojekt at: Binary XML file line #86
03-11 10:26:11.043  6494 14298 W PackageParser: Ignoring duplicate uses-permissions/uses-permissions-sdk-m: android.permission.READ_PHONE_STATE in package: org.test.aprojekt at: Binary XML file line #86
03-11 10:26:11.098  6494 14298 W PackageParser: Ignoring duplicate uses-permissions/uses-permissions-sdk-m: android.permission.READ_PHONE_STATE in package: org.test.aprojekt at: Binary XML file line #86
03-11 10:26:11.231  3834  6404 I chatty  : uid=1000(system) Binder:3834_E expire 3 lines
03-11 10:26:12.070   405   417 I Ext4Crypt: ext4 crypto complete called on /data
03-11 10:26:12.070   405   417 I Ext4Crypt: No master key, so not ext4enc
03-11 10:26:12.072   405   417 D VoldCryptCmdListener: cryptfs getpwtype
03-11 10:26:12.072   405   417 I Ext4Crypt: ext4 crypto complete called on /data
03-11 10:26:12.072   405   417 I Ext4Crypt: No master key, so not ext4enc
03-11 10:26:18.106  3834  6344 I chatty  : uid=1000(system) Binder:3834_A expire 1 line
03-11 10:26:23.415  6881  6881 I chatty  : uid=1000(system) com.miui.sysbase expire 5 lines
03-11 10:26:25.132  3834  3834 I chatty  : uid=1000 system_server expire 50 lines
03-11 10:26:25.134  3834  5530 I chatty  : uid=1000(system) Binder:3834_3 expire 7 lines
03-11 10:26:25.146  3834  6402 I chatty  : uid=1000(system) Binder:3834_D expire 10 lines
03-11 10:26:25.168  3834  7030 I chatty  : uid=1000 system_server expire 6 lines
03-11 10:26:25.290  3834  7032 I chatty  : uid=1000 system_server expire 1 line
03-11 10:26:25.319  3834  6322 I chatty  : uid=1000(system) Binder:3834_9 expire 6 lines
03-11 10:26:25.667  3834  3866 I chatty  : uid=1000(system) ActivityManager expire 3 lines
03-11 10:26:25.781  3834  7116 I chatty  : uid=1000 system_server expire 7 lines
03-11 10:26:26.098  7096  7096 I InCall_sys: InCallPresenter - onCallListChange oldState= NO_CALLS newState=NO_CALLS switching to NO_CALLS
03-11 10:26:26.247  3834  6423 I chatty  : uid=1000(system) Binder:3834_10 expire 71 lines
03-11 10:26:26.248  3834  6404 I chatty  : uid=1000(system) Binder:3834_E expire 2 lines
03-11 10:26:26.249  3834  3861 I chatty  : uid=1000(system) Binder:3834_2 expire 4 lines
03-11 10:26:26.964  3834  6314 I chatty  : uid=1000(system) Binder:3834_8 expire 3 lines
03-11 10:26:26.992  3834  5923 I chatty  : uid=1000(system) Binder:3834_7 expire 3 lines
03-11 10:26:27.046  5783  5836 I chatty  : uid=1000(system) local_job_dispa expire 1 line
03-11 10:26:27.050  3834  6389 I chatty  : uid=1000(system) Binder:3834_B expire 2 lines
03-11 10:26:28.869  7096  7096 I InCall_sys: Call - update Call_0 call, old state is INCOMING, new call detail is INCOMING
03-11 10:26:28.871  7096  7096 I InCall_sys: InCallPresenter - onCallListChange oldState= INCOMING newState=INCOMING switching to INCOMING
03-11 10:26:28.879  7096  7096 I InCall_sys: Call - update Call_0 call, old state is INCOMING, new call detail is INCOMING
03-11 10:26:28.888  7096  7096 I InCall_sys: Call - update Call_0 call, old state is INCOMING, new call detail is INCOMING
03-11 10:26:28.929  7096  7096 I InCall_sys: Call - update Call_0 call, old state is INCOMING, new call detail is DISCONNECTED
03-11 10:26:28.934  7096  7096 I InCall_sys: InCallPresenter - onCallListChange oldState= INCOMING newState=INCALL switching to INCALL
03-11 10:26:28.950  7096  7096 I InCall_sys: Call - update Call_0 call, old state is DISCONNECTED, new call detail is DISCONNECTED
03-11 10:26:28.953  7096  7096 I InCall_sys: InCallPresenter - onCallListChange oldState= INCALL newState=INCALL switching to INCALL
03-11 10:26:28.987  7096  7096 I InCall_sys: InCallPresenter - onCallListChange oldState= INCALL newState=NO_CALLS switching to NO_CALLS
03-11 10:26:28.993  7096  7096 I InCall_sys: InCallPresenter - onCallListChange oldState= NO_CALLS newState=NO_CALLS switching to NO_CALLS
03-11 10:26:28.998  7096  7096 I InCall_sys: InCallPresenter - onCallListChange oldState= NO_CALLS newState=NO_CALLS switching to NO_CALLS
03-11 10:26:30.426  3834  6422 I chatty  : uid=1000(system) Binder:3834_F expire 6 lines
03-11 10:26:31.248  3834  6344 I chatty  : uid=1000(system) Binder:3834_A expire 2 lines
03-11 10:26:31.419  3834  5916 I chatty  : uid=1000(system) Binder:3834_5 expire 5 lines
03-11 10:26:31.441  7096  7096 I InCall_sys: InCallPresenter - onCallListChange oldState= NO_CALLS newState=NO_CALLS switching to NO_CALLS
03-11 10:26:31.454  3834  6401 I chatty  : uid=1000(system) Binder:3834_C expire 3 lines
03-11 10:26:31.474  6674  6674 I chatty  : uid=1000(system) com.miui.securitycenter.remote expire 2 lines
03-11 10:26:31.518  3834  5915 I chatty  : uid=1000(system) Binder:3834_4 expire 3 lines
