03-11 11:45:41.249  3834  6423 I chatty  : uid=1000(system) Binder:3834_10 expire 4 lines
03-11 11:45:41.404  3834  3860 I chatty  : uid=1000(system) Binder:3834_1 expire 4 lines
03-11 11:45:41.405  3834  5915 I chatty  : uid=1000(system) Binder:3834_4 expire 6 lines
03-11 11:45:42.200  3834  6422 I chatty  : uid=1000(system) Binder:3834_F expire 6 lines
03-11 11:45:46.277  3834  4664 I chatty  : uid=1000(system) InputReader expire 12 lines
03-11 11:45:48.744 26760 15908 I chatty  : uid=1000(system) com.android.settings expire 1 line
03-11 11:45:48.846  3834  3866 I chatty  : uid=1000(system) ActivityManager expire 8 lines
03-11 11:45:49.313  3834  6404 I chatty  : uid=1000(system) Binder:3834_E expire 8 lines
03-11 11:45:49.402  3834  5919 I chatty  : uid=1000(system) Binder:3834_6 expire 4 lines
03-11 11:45:51.850  3834  6402 I chatty  : uid=1000(system) Binder:3834_D expire 10 lines
03-11 11:45:52.564  5783  5836 I chatty  : uid=1000(system) local_job_dispa expire 2 lines
03-11 11:45:52.947  3834  6344 I chatty  : uid=1000(system) Binder:3834_A expire 6 lines
03-11 11:45:54.935 15937 16001 E ActivityThread: Failed to find provider info for metok
03-11 11:45:54.948 15937 15954 E ActivityThread: Failed to find provider info for metok
03-11 11:45:56.362   405   417 I Ext4Crypt: ext4 crypto complete called on /data
03-11 11:45:56.362   405   417 I Ext4Crypt: No master key, so not ext4enc
03-11 11:45:56.364   405   417 D VoldCryptCmdListener: cryptfs getpwtype
03-11 11:45:56.364   405   417 I Ext4Crypt: ext4 crypto complete called on /data
03-11 11:45:56.364   405   417 I Ext4Crypt: No master key, so not ext4enc
03-11 11:45:56.674  3834  6322 I chatty  : uid=1000(system) Binder:3834_9 expire 6 lines
03-11 11:45:57.662  3834  3865 I chatty  : uid=1000(system) android.bg expire 1 line
03-11 11:49:38.862 16268 16268 I chatty  : uid=1000(system) com.miui.securitycenter expire 4 lines
03-11 11:49:38.972 16268 16291 I chatty  : uid=1000(system) com.miui.securitycenter expire 2 lines
03-11 11:49:40.088 16300 16342 W PackageParser: Ignoring duplicate uses-permissions/uses-permissions-sdk-m: android.permission.READ_PHONE_STATE in package: org.test.aprojekt at: Binary XML file line #86
03-11 11:49:40.936  3834  5923 I chatty  : uid=1000(system) Binder:3834_7 expire 5 lines
03-11 11:49:40.943  7268  7285 D DefContainer: Copying /data/local/tmp/aAplikacja-0.1-debug.apk to base.apk
03-11 11:49:41.091  3834  3876 I chatty  : uid=1000(system) PackageManager expire 9 lines
03-11 11:49:42.480  3834  5479 I chatty  : uid=1000(system) LocationPolicy expire 1 line
03-11 11:49:42.545  3834  3834 I chatty  : uid=1000 system_server expire 2 lines
03-11 11:49:42.899 16357 16357 I chatty  : uid=1000(system) com.miui.networkassistant.shadow expire 2 lines
03-11 11:49:44.057 16421 16421 I chatty  : uid=1000(system) com.android.keychain expire 1 line
03-11 11:49:48.478  6494  6494 W PackageParser: Ignoring duplicate uses-permissions/uses-permissions-sdk-m: android.permission.READ_PHONE_STATE in package: org.test.aprojekt at: Binary XML file line #86
03-11 11:49:49.534   405   417 I Ext4Crypt: ext4 crypto complete called on /data
03-11 11:49:49.534   405   417 I Ext4Crypt: No master key, so not ext4enc
03-11 11:49:49.536   405   417 D VoldCryptCmdListener: cryptfs getpwtype
03-11 11:49:49.536   405   417 I Ext4Crypt: ext4 crypto complete called on /data
03-11 11:49:49.536   405   417 I Ext4Crypt: No master key, so not ext4enc
03-11 11:49:49.625  3834  6402 I chatty  : uid=1000(system) Binder:3834_D expire 1 line
03-11 11:49:54.346 16655 16655 I chatty  : uid=1000(system) com.miui.sysbase expire 4 lines
03-11 11:49:54.404  3834  5472 I chatty  : uid=1000(system) ConnectivitySer expire 17 lines
03-11 11:49:54.987  3834  5923 I chatty  : uid=1000(system) Binder:3834_7 expire 5 lines
03-11 11:49:55.050  3834  6389 I chatty  : uid=1000(system) Binder:3834_B expire 3 lines
03-11 11:49:55.128  3834  3834 I chatty  : uid=1000 system_server expire 51 lines
03-11 11:49:55.138  3834  3861 I chatty  : uid=1000(system) Binder:3834_2 expire 9 lines
03-11 11:49:58.930  3834  6314 I chatty  : uid=1000(system) Binder:3834_8 expire 17 lines
03-11 11:49:59.001  3834  6322 I chatty  : uid=1000(system) Binder:3834_9 expire 11 lines
03-11 11:49:59.029  3834 16918 I chatty  : uid=1000 system_server expire 6 lines
03-11 11:49:59.131  3834 12080 I chatty  : uid=1000(system) AsyncTask #7 expire 1 line
03-11 11:49:59.155  3834  3866 I chatty  : uid=1000(system) ActivityManager expire 2 lines
03-11 11:49:59.214  3834  6344 I chatty  : uid=1000(system) Binder:3834_A expire 4 lines
03-11 11:49:59.420  3834 16985 I chatty  : uid=1000 system_server expire 10 lines
03-11 11:49:59.541  3834  6401 I chatty  : uid=1000(system) Binder:3834_C expire 4 lines
03-11 11:49:59.870 16948 16948 I InCall_sys: InCallPresenter - onCallListChange oldState= NO_CALLS newState=NO_CALLS switching to NO_CALLS
03-11 11:50:00.226  3834  6423 I chatty  : uid=1000(system) Binder:3834_10 expire 1 line
03-11 11:50:00.227  3834  5530 I chatty  : uid=1000(system) Binder:3834_3 expire 3 lines
03-11 11:50:00.243  3834  6422 I chatty  : uid=1000(system) Binder:3834_F expire 3 lines
03-11 11:50:11.903  3834  5916 I chatty  : uid=1000(system) Binder:3834_5 expire 1 line
03-11 11:50:12.396 16948 16948 I InCall_sys: Call - update Call_0 call, old state is INCOMING, new call detail is INCOMING
03-11 11:50:12.399 16948 16948 I InCall_sys: InCallPresenter - onCallListChange oldState= INCOMING newState=INCOMING switching to INCOMING
03-11 11:50:12.409 16948 16948 I InCall_sys: Call - update Call_0 call, old state is INCOMING, new call detail is INCOMING
03-11 11:50:12.415  3834  6322 I chatty  : uid=1000(system) Binder:3834_9 expire 58 lines
03-11 11:50:12.420 16948 16948 I InCall_sys: Call - update Call_0 call, old state is INCOMING, new call detail is INCOMING
03-11 11:50:12.429 16948 16948 I InCall_sys: Call - update Call_0 call, old state is INCOMING, new call detail is INCOMING
03-11 11:50:12.431  3834  3834 I chatty  : uid=1000 system_server expire 3 lines
03-11 11:50:12.496 16948 16948 I InCall_sys: Call - update Call_0 call, old state is INCOMING, new call detail is DISCONNECTED
03-11 11:50:12.502 16948 16948 I InCall_sys: InCallPresenter - onCallListChange oldState= INCOMING newState=INCALL switching to INCALL
03-11 11:50:12.545 16948 16948 I InCall_sys: Call - update Call_0 call, old state is DISCONNECTED, new call detail is DISCONNECTED
03-11 11:50:12.555 16948 16948 I InCall_sys: InCallPresenter - onCallListChange oldState= INCALL newState=INCALL switching to INCALL
03-11 11:50:12.572 16948 16948 I InCall_sys: InCallPresenter - onCallListChange oldState= INCALL newState=NO_CALLS switching to NO_CALLS
03-11 11:50:12.577 16948 16948 I InCall_sys: InCallPresenter - onCallListChange oldState= NO_CALLS newState=NO_CALLS switching to NO_CALLS
03-11 11:50:12.583 16948 16948 I InCall_sys: InCallPresenter - onCallListChange oldState= NO_CALLS newState=NO_CALLS switching to NO_CALLS
03-11 11:50:12.683  5783  5836 I chatty  : uid=1000(system) local_job_dispa expire 1 line
03-11 11:50:13.005  6208  6208 I chatty  : uid=1000(system) com.miui.networkassistant.deamon expire 1 line
03-11 11:50:14.511 16948 16948 I InCall_sys: InCallPresenter - onCallListChange oldState= NO_CALLS newState=NO_CALLS switching to NO_CALLS
03-11 11:50:15.056  3834  6423 I chatty  : uid=1000(system) Binder:3834_10 expire 10 lines
03-11 11:50:15.058  3834  6422 I chatty  : uid=1000(system) Binder:3834_F expire 11 lines
03-11 11:50:15.059  3834  5472 I chatty  : uid=1000(system) ConnectivitySer expire 28 lines
03-11 11:50:15.111  3834  6322 I chatty  : uid=1000(system) Binder:3834_9 expire 10 lines
03-11 11:50:16.066 16655 16655 I chatty  : uid=1000(system) com.miui.sysbase expire 9 lines
03-11 11:50:20.449  3834  6402 I chatty  : uid=1000(system) Binder:3834_D expire 4 lines
03-11 11:50:20.788  6453  6453 E ActivityThread: Performing stop of activity that is not resumed: {com.teslacoilsw.launcher/com.teslacoilsw.launcher.NovaLauncher}
03-11 11:50:20.788  6453  6453 E ActivityThread: java.lang.RuntimeException: Performing stop of activity that is not resumed: {com.teslacoilsw.launcher/com.teslacoilsw.launcher.NovaLauncher}
03-11 11:50:20.788  6453  6453 E ActivityThread: 	at android.app.ActivityThread.performStopActivityInner(ActivityThread.java:3490)
03-11 11:50:20.788  6453  6453 E ActivityThread: 	at android.app.ActivityThread.handleStopActivity(ActivityThread.java:3575)
03-11 11:50:20.788  6453  6453 E ActivityThread: 	at android.app.ActivityThread.access$1300(ActivityThread.java:153)
03-11 11:50:20.788  6453  6453 E ActivityThread: 	at android.app.ActivityThread$H.handleMessage(ActivityThread.java:1398)
03-11 11:50:20.788  6453  6453 E ActivityThread: 	at android.os.Handler.dispatchMessage(Handler.java:102)
03-11 11:50:20.788  6453  6453 E ActivityThread: 	at android.os.Looper.loop(Looper.java:154)
03-11 11:50:20.788  6453  6453 E ActivityThread: 	at android.app.ActivityThread.main(ActivityThread.java:5465)
03-11 11:50:20.788  6453  6453 E ActivityThread: 	at java.lang.reflect.Method.invoke(Native Method)
03-11 11:50:20.788  6453  6453 E ActivityThread: 	at com.android.internal.os.ZygoteInit$MethodAndArgsCaller.run(ZygoteInit.java:738)
03-11 11:50:20.788  6453  6453 E ActivityThread: 	at com.android.internal.os.ZygoteInit.main(ZygoteInit.java:628)
03-11 11:50:20.945  3834  5915 I chatty  : uid=1000(system) Binder:3834_4 expire 4 lines
03-11 11:50:31.620  3834  5919 I chatty  : uid=1000(system) Binder:3834_6 expire 8 lines
03-11 11:50:36.696  3834  6344 I chatty  : uid=1000(system) Binder:3834_A expire 9 lines
03-11 11:51:12.676  3834  3865 I chatty  : uid=1000(system) android.bg expire 4 lines
03-11 11:51:13.255  3834  5923 I chatty  : uid=1000(system) Binder:3834_7 expire 4 lines
03-11 11:51:13.321  3834  5530 I chatty  : uid=1000(system) Binder:3834_3 expire 11 lines
03-11 11:51:16.480  3834  3860 I chatty  : uid=1000(system) Binder:3834_1 expire 5 lines
03-11 11:51:16.977  5783  5836 I chatty  : uid=1000(system) local_job_dispa expire 2 lines
03-11 11:51:20.840  3834  6314 I chatty  : uid=1000(system) Binder:3834_8 expire 4 lines
03-11 11:51:35.012  3834  6389 I chatty  : uid=1000(system) Binder:3834_B expire 9 lines
03-11 11:51:51.733  3834  3861 I chatty  : uid=1000(system) Binder:3834_2 expire 7 lines
03-11 11:51:55.079  3834  6404 I chatty  : uid=1000(system) Binder:3834_E expire 8 lines
03-11 11:52:04.744  7248  7248 W MIUI-BLOCK-MONITOR: The msg null took 2ms and took 1489229524744ms after dispatch.
03-11 11:52:35.152  3834  6401 I chatty  : uid=1000(system) Binder:3834_C expire 6 lines
03-11 11:53:34.903  7248  7248 W MIUI-BLOCK-MONITOR: The msg null took 1ms and took 1489229614903ms after dispatch.
03-11 11:54:51.778  3834  3834 I chatty  : uid=1000 system_server expire 5 lines
03-11 11:54:52.424  3834  5472 I chatty  : uid=1000(system) ConnectivitySer expire 19 lines
03-11 11:55:21.714  3834  3873 I chatty  : uid=1000(system) PowerManagerSer expire 6 lines
03-11 11:55:22.089  5783  5783 I chatty  : uid=1000(system) com.android.systemui expire 1 line
03-11 11:55:22.204  3834  5509 I chatty  : uid=1000(system) PhotonicModulat expire 1 line
03-11 11:55:22.206  3834  3871 I chatty  : uid=1000(system) android.display expire 1 line
03-11 11:55:23.657  3834  3866 I chatty  : uid=1000(system) ActivityManager expire 8 lines
03-11 11:55:25.027  3834  5916 I chatty  : uid=1000(system) Binder:3834_5 expire 5 lines
03-11 11:55:25.137  3834  5471 I chatty  : uid=1000(system) WifiService expire 2 lines
03-11 11:55:27.340   405   417 I Ext4Crypt: ext4 crypto complete called on /data
03-11 11:55:27.340   405   417 I Ext4Crypt: No master key, so not ext4enc
03-11 11:55:27.342  3834  4668 I chatty  : uid=1000(system) CryptdConnector expire 4 lines
03-11 11:55:27.343   405   417 D VoldCryptCmdListener: cryptfs getpwtype
03-11 11:55:27.343   405   417 I Ext4Crypt: ext4 crypto complete called on /data
03-11 11:55:27.343   405   417 I Ext4Crypt: No master key, so not ext4enc
03-11 11:55:43.682  3834  6423 I chatty  : uid=1000(system) Binder:3834_10 expire 1 line
03-11 11:55:47.159  7248  7248 W MIUI-BLOCK-MONITOR: The msg null took 6ms and took 1489229747159ms after dispatch.
03-11 11:55:47.163  7248 12796 E MQSEventManagerDelegate: failed to get MQSService.
03-11 12:04:54.773 18921 18921 I chatty  : uid=1000(system) com.miui.sysbase expire 7 lines
03-11 12:07:42.717   405   417 I Ext4Crypt: ext4 crypto complete called on /data
03-11 12:07:42.717   405   417 I Ext4Crypt: No master key, so not ext4enc
03-11 12:07:42.719   405   417 D VoldCryptCmdListener: cryptfs getpwtype
03-11 12:07:42.720   405   417 I Ext4Crypt: ext4 crypto complete called on /data
03-11 12:07:42.720   405   417 I Ext4Crypt: No master key, so not ext4enc
03-11 12:07:43.965  3834  5530 I chatty  : uid=1000(system) Binder:3834_3 expire 1 line
03-11 12:13:32.179 19466 19466 I chatty  : uid=1000(system) com.qualcomm.qti.modemtestmode expire 3 lines
03-11 12:13:44.049  3834  6401 I chatty  : uid=1000(system) Binder:3834_C expire 7 lines
03-11 12:16:12.086  3834  3873 I chatty  : uid=1000(system) PowerManagerSer expire 12 lines
03-11 12:16:12.124  3834  3869 I chatty  : uid=1000(system) android.fg expire 1 line
03-11 12:16:12.257  3834  3834 I chatty  : uid=1000 system_server expire 18 lines
03-11 12:16:12.284  3834  6422 I chatty  : uid=1000(system) Binder:3834_F expire 3 lines
03-11 12:16:12.328  3834  6404 I chatty  : uid=1000(system) Binder:3834_E expire 5 lines
03-11 12:16:12.350  5783  7301 I chatty  : uid=1000(system) local_job_dispa expire 2 lines
03-11 12:16:12.397  3834  5509 I chatty  : uid=1000(system) PhotonicModulat expire 3 lines
03-11 12:16:12.398  3834  3871 I chatty  : uid=1000(system) android.display expire 22 lines
03-11 12:16:12.562  3834  6389 I chatty  : uid=1000(system) Binder:3834_B expire 6 lines
03-11 12:16:12.575  5783  5783 I chatty  : uid=1000(system) com.android.systemui expire 2 lines
03-11 12:16:12.615  5783  5836 I chatty  : uid=1000(system) local_job_dispa expire 1 line
03-11 12:16:12.794  3834  5923 I chatty  : uid=1000(system) Binder:3834_7 expire 4 lines
03-11 12:16:12.795  3834  3867 I chatty  : uid=1000(system) android.ui expire 13 lines
03-11 12:16:12.865  3834  6344 I chatty  : uid=1000(system) Binder:3834_A expire 6 lines
03-11 12:16:12.916  6674  6674 I chatty  : uid=1000(system) com.miui.securitycenter.remote expire 3 lines
03-11 12:16:12.941  3834  5916 I chatty  : uid=1000(system) Binder:3834_5 expire 3 lines
03-11 12:16:13.242 26760 26760 I chatty  : uid=1000(system) com.android.settings expire 2 lines
03-11 12:16:13.278 26760 19741 I chatty  : uid=1000(system) com.android.settings expire 2 lines
03-11 12:16:13.448  3834  5530 I chatty  : uid=1000(system) Binder:3834_3 expire 7 lines
03-11 12:16:14.081  3834  4664 I chatty  : uid=1000(system) InputReader expire 5 lines
03-11 12:16:14.450  3834  3860 I chatty  : uid=1000(system) Binder:3834_1 expire 3 lines
03-11 12:16:14.451   405   417 I Ext4Crypt: ext4 crypto complete called on /data
03-11 12:16:14.451   405   417 I Ext4Crypt: No master key, so not ext4enc
03-11 12:16:14.452  3834  4668 I chatty  : uid=1000(system) CryptdConnector expire 8 lines
03-11 12:16:14.457   405   417 D VoldCryptCmdListener: cryptfs getpwtype
03-11 12:16:14.457   405   417 I Ext4Crypt: ext4 crypto complete called on /data
03-11 12:16:14.458   405   417 I Ext4Crypt: No master key, so not ext4enc
03-11 12:16:14.537  3834  6423 I chatty  : uid=1000(system) Binder:3834_10 expire 5 lines
03-11 12:16:14.630  3834  5915 I chatty  : uid=1000(system) Binder:3834_4 expire 9 lines
03-11 12:16:14.924  3834  5919 I chatty  : uid=1000(system) Binder:3834_6 expire 8 lines
03-11 12:16:18.048  3834  5471 I chatty  : uid=1000(system) WifiService expire 3 lines
03-11 12:17:23.628  3834  3866 I chatty  : uid=1000(system) ActivityManager expire 4 lines
03-11 12:17:23.836   405   417 I Ext4Crypt: ext4 crypto complete called on /data
03-11 12:17:23.836   405   417 I Ext4Crypt: No master key, so not ext4enc
03-11 12:17:23.838   405   417 D VoldCryptCmdListener: cryptfs getpwtype
03-11 12:17:23.838   405   417 I Ext4Crypt: ext4 crypto complete called on /data
03-11 12:17:23.838   405   417 I Ext4Crypt: No master key, so not ext4enc
03-11 12:17:33.938 19822 19822 W MIUI-BLOCK-MONITOR: The msg { when=-1ms what=5 arg2=-1 obj=com.google.android.gms.common.internal.zzf$zzk@f673477 target=com.google.android.gms.common.internal.zzf$zzd planTime=1489231043955 dispatchTime=1489231043956 finishTime=0 } took 9983ms and took 9982ms after dispatch.
03-11 12:17:33.968 19865 19865 I chatty  : uid=1000(system) com.miui.sysbase expire 8 lines
03-11 12:17:46.154  3834  6322 I chatty  : uid=1000(system) Binder:3834_9 expire 2 lines
03-11 12:18:15.319 15528 15528 W MIUI-BLOCK-MONITOR: The msg { when=-147ms callback=android.app.LoadedApk$ReceiverDispatcher$Args target=android.app.ActivityThread$H planTime=1489231066028 dispatchTime=1489231066164 finishTime=0 } took 29287ms and took 29151ms after dispatch.
03-11 12:18:15.428 19987 19987 W MIUI-BLOCK-MONITOR: The msg { when=-2ms what=110 obj=AppBindData{appInfo=ApplicationInfo{18a7c30 com.android.providers.calendar}} target=android.app.ActivityThread$H planTime=1489231066152 dispatchTime=1489231066154 finishTime=0 } took 29276ms and took 29274ms after dispatch.
03-11 12:18:15.680 19977 19977 W MIUI-BLOCK-MONITOR: The msg { when=-5ms what=110 obj=AppBindData{appInfo=ApplicationInfo{18a7c30 com.android.calendar}} target=android.app.ActivityThread$H planTime=1489231066144 dispatchTime=1489231066150 finishTime=0 } took 29536ms and took 29530ms after dispatch.
03-11 12:18:16.890  3834  3861 I chatty  : uid=1000(system) Binder:3834_2 expire 2 lines
03-11 12:18:17.311  3834  6314 I chatty  : uid=1000(system) Binder:3834_8 expire 5 lines
03-11 12:19:44.567  3834  6402 I chatty  : uid=1000(system) Binder:3834_D expire 6 lines
03-11 12:19:44.567   405   417 I Ext4Crypt: ext4 crypto complete called on /data
03-11 12:19:44.567   405   417 I Ext4Crypt: No master key, so not ext4enc
03-11 12:19:44.569   405   417 D VoldCryptCmdListener: cryptfs getpwtype
03-11 12:19:44.569   405   417 I Ext4Crypt: ext4 crypto complete called on /data
03-11 12:19:44.569   405   417 I Ext4Crypt: No master key, so not ext4enc
03-11 12:26:42.160   405   417 I Ext4Crypt: ext4 crypto complete called on /data
03-11 12:26:42.160   405   417 I Ext4Crypt: No master key, so not ext4enc
03-11 12:26:42.162   405   417 D VoldCryptCmdListener: cryptfs getpwtype
03-11 12:26:42.162   405   417 I Ext4Crypt: ext4 crypto complete called on /data
03-11 12:26:42.162   405   417 I Ext4Crypt: No master key, so not ext4enc
03-11 12:27:24.469  7248  7248 W MIUI-BLOCK-MONITOR: The msg null took 0ms and took 1489231644469ms after dispatch.
03-11 12:27:34.700  3834  3871 I chatty  : uid=1000(system) android.display expire 13 lines
03-11 12:27:35.536  3834  5472 I chatty  : uid=1000(system) ConnectivitySer expire 26 lines
03-11 12:27:35.582  6674  6674 I chatty  : uid=1000(system) com.miui.securitycenter.remote expire 2 lines
03-11 12:27:35.597  3834  6404 I chatty  : uid=1000(system) Binder:3834_E expire 6 lines
03-11 12:27:35.694  3834  6402 I chatty  : uid=1000(system) Binder:3834_D expire 7 lines
03-11 12:27:39.127  3834  5915 I chatty  : uid=1000(system) Binder:3834_4 expire 23 lines
03-11 12:27:40.243  3834  3834 I chatty  : uid=1000 system_server expire 9 lines
03-11 12:27:40.422  3834  3865 I chatty  : uid=1000(system) android.bg expire 1 line
03-11 12:27:40.428  5783  5783 I chatty  : uid=1000(system) com.android.systemui expire 1 line
03-11 12:27:40.688 26760 26760 I chatty  : uid=1000(system) com.android.settings expire 6 lines
03-11 12:27:40.728 26760 20377 I chatty  : uid=1000(system) com.android.settings expire 4 lines
03-11 12:27:40.818 26760 20380 I chatty  : uid=1000(system) com.android.settings expire 2 lines
03-11 12:27:40.975  3834  6401 I chatty  : uid=1000(system) Binder:3834_C expire 10 lines
03-11 12:27:41.139  3834  5471 I chatty  : uid=1000(system) WifiService expire 3 lines
03-11 12:27:46.607  3834  5530 I chatty  : uid=1000(system) Binder:3834_3 expire 3 lines
03-11 12:28:01.303  3834  6423 I chatty  : uid=1000(system) Binder:3834_10 expire 5 lines
03-11 12:28:01.639  3834  5919 I chatty  : uid=1000(system) Binder:3834_6 expire 5 lines
03-11 12:28:01.945 20476 20476 I chatty  : uid=1000(system) com.miui.securitycenter expire 4 lines
03-11 12:28:02.124 20476 20498 I chatty  : uid=1000(system) com.miui.securitycenter expire 2 lines
03-11 12:28:02.565  3834  3866 I chatty  : uid=1000(system) ActivityManager expire 8 lines
03-11 12:28:03.428 20507 20557 W PackageParser: Ignoring duplicate uses-permissions/uses-permissions-sdk-m: android.permission.READ_PHONE_STATE in package: org.test.aprojekt at: Binary XML file line #86
03-11 12:28:04.416  7268  7286 D DefContainer: Copying /data/local/tmp/aAplikacja-0.1-debug.apk to base.apk
03-11 12:28:04.599  3834  3876 I chatty  : uid=1000(system) PackageManager expire 9 lines
03-11 12:28:05.053 20584 20584 I chatty  : uid=1000(system) com.miui.sysbase expire 5 lines
03-11 12:28:05.123  3834  3861 I chatty  : uid=1000(system) Binder:3834_2 expire 2 lines
03-11 12:28:05.303  3834  5916 I chatty  : uid=1000(system) Binder:3834_5 expire 3 lines
03-11 12:28:06.200  5783  5836 I chatty  : uid=1000(system) local_job_dispa expire 1 line
03-11 12:28:06.262  3834  5479 I chatty  : uid=1000(system) LocationPolicy expire 1 line
03-11 12:28:06.295  3834  5923 I chatty  : uid=1000(system) Binder:3834_7 expire 6 lines
03-11 12:28:06.497  3834  3860 I chatty  : uid=1000(system) Binder:3834_1 expire 3 lines
03-11 12:28:06.709 20707 20707 I chatty  : uid=1000(system) com.miui.networkassistant.shadow expire 2 lines
03-11 12:28:07.024  3834  6322 I chatty  : uid=1000(system) Binder:3834_9 expire 2 lines
03-11 12:28:07.336  3834  6389 I chatty  : uid=1000(system) Binder:3834_B expire 3 lines
03-11 12:28:07.528  3834  6344 I chatty  : uid=1000(system) Binder:3834_A expire 4 lines
03-11 12:28:07.528 20762 20762 E ActivityThread: Failed to find provider info for com.sec.badge
03-11 12:28:07.597  3834  6422 I chatty  : uid=1000(system) Binder:3834_F expire 3 lines
03-11 12:28:08.583 20900 20900 I chatty  : uid=1000(system) com.android.keychain expire 1 line
03-11 12:28:09.820 20912 20999 D ActivityThread: Loading provider com.google.android.gmail.provider;com.android.mail.notifier;com.google.android.gm.email.provider;com.google.android.gm.tasks.provider;com.google.android.gm.email.notifier: com.android.email.provider.EmailProvider
03-11 12:28:12.924  6494  6494 W PackageParser: Ignoring duplicate uses-permissions/uses-permissions-sdk-m: android.permission.READ_PHONE_STATE in package: org.test.aprojekt at: Binary XML file line #86
03-11 12:28:12.938  6494 14293 W PackageParser: Ignoring duplicate uses-permissions/uses-permissions-sdk-m: android.permission.READ_PHONE_STATE in package: org.test.aprojekt at: Binary XML file line #86
03-11 12:28:13.003  6494 14293 W PackageParser: Ignoring duplicate uses-permissions/uses-permissions-sdk-m: android.permission.READ_PHONE_STATE in package: org.test.aprojekt at: Binary XML file line #86
03-11 12:28:13.265  3834  5472 I chatty  : uid=1000(system) ConnectivitySer expire 25 lines
03-11 12:28:13.301  3834  3868 I chatty  : uid=1000(system) ActivityManager expire 1 line
03-11 12:28:14.023   405   417 I Ext4Crypt: ext4 crypto complete called on /data
03-11 12:28:14.023   405   417 I Ext4Crypt: No master key, so not ext4enc
03-11 12:28:14.024  3834  4668 I chatty  : uid=1000(system) CryptdConnector expire 2 lines
03-11 12:28:14.026   405   417 D VoldCryptCmdListener: cryptfs getpwtype
03-11 12:28:14.026   405   417 I Ext4Crypt: ext4 crypto complete called on /data
03-11 12:28:14.026   405   417 I Ext4Crypt: No master key, so not ext4enc
03-11 12:28:14.213  3834  6401 I chatty  : uid=1000(system) Binder:3834_C expire 1 line
03-11 12:28:18.143  3834  6314 I chatty  : uid=1000(system) Binder:3834_8 expire 6 lines
03-11 12:28:20.873  3834  3834 I chatty  : uid=1000 system_server expire 49 lines
03-11 12:28:20.876  3834  6344 I chatty  : uid=1000(system) Binder:3834_A expire 5 lines
03-11 12:28:20.886  3834  6401 I chatty  : uid=1000(system) Binder:3834_C expire 8 lines
03-11 12:28:20.910  3834 21396 I chatty  : uid=1000 system_server expire 6 lines
03-11 12:28:20.997  3834  7374 I chatty  : uid=1000(system) AsyncTask #3 expire 1 line
03-11 12:28:21.018  3834  3866 I chatty  : uid=1000(system) ActivityManager expire 2 lines
03-11 12:28:21.227  3834 21456 I chatty  : uid=1000 system_server expire 8 lines
03-11 12:28:21.717 21420 21420 I InCall_sys: InCallPresenter - onCallListChange oldState= NO_CALLS newState=NO_CALLS switching to NO_CALLS
03-11 12:28:21.872  3834  5919 I chatty  : uid=1000(system) Binder:3834_6 expire 3 lines
03-11 12:28:21.880  3834  6422 I chatty  : uid=1000(system) Binder:3834_F expire 3 lines
03-11 12:28:21.885  3834  5916 I chatty  : uid=1000(system) Binder:3834_5 expire 3 lines
03-11 12:28:21.888  3834  6423 I chatty  : uid=1000(system) Binder:3834_10 expire 3 lines
03-11 12:28:22.132  3834  5530 I chatty  : uid=1000(system) Binder:3834_3 expire 5 lines
03-11 12:28:24.909  3834  6389 I chatty  : uid=1000(system) Binder:3834_B expire 3 lines
03-11 12:28:26.245  3834  5472 I chatty  : uid=1000(system) ConnectivitySer expire 26 lines
03-11 12:28:27.404  3834  3861 I chatty  : uid=1000(system) Binder:3834_2 expire 67 lines
03-11 12:28:27.418 21420 21420 I InCall_sys: Call - update Call_0 call, old state is INCOMING, new call detail is INCOMING
03-11 12:28:27.420 21420 21420 I InCall_sys: InCallPresenter - onCallListChange oldState= INCOMING newState=INCOMING switching to INCOMING
03-11 12:28:27.674 21420 21420 I InCall_sys: Call - update Call_0 call, old state is INCOMING, new call detail is INCOMING
03-11 12:28:27.688 21420 21420 I InCall_sys: Call - update Call_0 call, old state is INCOMING, new call detail is INCOMING
03-11 12:28:27.701 21420 21420 I InCall_sys: Call - update Call_0 call, old state is INCOMING, new call detail is INCOMING
03-11 12:28:27.760 21420 21420 I InCall_sys: Call - update Call_0 call, old state is INCOMING, new call detail is DISCONNECTED
03-11 12:28:27.766 21420 21420 I InCall_sys: InCallPresenter - onCallListChange oldState= INCOMING newState=INCALL switching to INCALL
03-11 12:28:27.775  3834  6322 I chatty  : uid=1000(system) Binder:3834_9 expire 2 lines
03-11 12:28:27.782 21420 21420 I InCall_sys: Call - update Call_0 call, old state is DISCONNECTED, new call detail is DISCONNECTED
03-11 12:28:27.789 21420 21420 I InCall_sys: InCallPresenter - onCallListChange oldState= INCALL newState=INCALL switching to INCALL
03-11 12:28:27.828 21420 21420 I InCall_sys: InCallPresenter - onCallListChange oldState= INCALL newState=NO_CALLS switching to NO_CALLS
03-11 12:28:27.833 21420 21420 I InCall_sys: InCallPresenter - onCallListChange oldState= NO_CALLS newState=NO_CALLS switching to NO_CALLS
03-11 12:28:27.861 21420 21420 I InCall_sys: InCallPresenter - onCallListChange oldState= NO_CALLS newState=NO_CALLS switching to NO_CALLS
03-11 12:28:27.890  5783  5836 I chatty  : uid=1000(system) local_job_dispa expire 1 line
03-11 12:28:29.794 21420 21420 I InCall_sys: InCallPresenter - onCallListChange oldState= NO_CALLS newState=NO_CALLS switching to NO_CALLS
03-11 12:28:29.854 20584 20584 I chatty  : uid=1000(system) com.miui.sysbase expire 2 lines
03-11 12:28:30.227  3834  6404 I chatty  : uid=1000(system) Binder:3834_E expire 2 lines
03-11 12:28:36.860  6208  6208 I chatty  : uid=1000(system) com.miui.networkassistant.deamon expire 1 line
03-11 12:28:37.207  3834  4662 I chatty  : uid=1000(system) AlarmManager expire 1 line
03-11 12:28:54.810  3834  3865 I chatty  : uid=1000(system) android.bg expire 1 line
03-11 12:28:57.236  3834  6402 I chatty  : uid=1000(system) Binder:3834_D expire 8 lines
03-11 12:29:15.668  3834  6423 I chatty  : uid=1000(system) Binder:3834_10 expire 6 lines
03-11 12:29:15.770  5783  5836 I chatty  : uid=1000(system) local_job_dispa expire 2 lines
03-11 12:29:15.831  3834  5916 I chatty  : uid=1000(system) Binder:3834_5 expire 9 lines
03-11 12:29:16.229 21936 21936 I chatty  : uid=1000(system) com.miui.securitycenter expire 4 lines
03-11 12:29:16.331 21936 21958 I chatty  : uid=1000(system) com.miui.securitycenter expire 2 lines
03-11 12:29:16.617  3834  6422 I chatty  : uid=1000(system) Binder:3834_F expire 2 lines
03-11 12:29:16.618  3834  6344 I chatty  : uid=1000(system) Binder:3834_A expire 4 lines
03-11 12:29:16.713  6453  6453 E ActivityThread: Performing stop of activity that is not resumed: {com.teslacoilsw.launcher/com.teslacoilsw.launcher.NovaLauncher}
03-11 12:29:16.713  6453  6453 E ActivityThread: java.lang.RuntimeException: Performing stop of activity that is not resumed: {com.teslacoilsw.launcher/com.teslacoilsw.launcher.NovaLauncher}
03-11 12:29:16.713  6453  6453 E ActivityThread: 	at android.app.ActivityThread.performStopActivityInner(ActivityThread.java:3490)
03-11 12:29:16.713  6453  6453 E ActivityThread: 	at android.app.ActivityThread.handleStopActivity(ActivityThread.java:3575)
03-11 12:29:16.713  6453  6453 E ActivityThread: 	at android.app.ActivityThread.access$1300(ActivityThread.java:153)
03-11 12:29:16.713  6453  6453 E ActivityThread: 	at android.app.ActivityThread$H.handleMessage(ActivityThread.java:1398)
03-11 12:29:16.713  6453  6453 E ActivityThread: 	at android.os.Handler.dispatchMessage(Handler.java:102)
03-11 12:29:16.713  6453  6453 E ActivityThread: 	at android.os.Looper.loop(Looper.java:154)
03-11 12:29:16.713  6453  6453 E ActivityThread: 	at android.app.ActivityThread.main(ActivityThread.java:5465)
03-11 12:29:16.713  6453  6453 E ActivityThread: 	at java.lang.reflect.Method.invoke(Native Method)
03-11 12:29:16.713  6453  6453 E ActivityThread: 	at com.android.internal.os.ZygoteInit$MethodAndArgsCaller.run(ZygoteInit.java:738)
03-11 12:29:16.713  6453  6453 E ActivityThread: 	at com.android.internal.os.ZygoteInit.main(ZygoteInit.java:628)
03-11 12:29:16.852 21828 21967 W PackageParser: Ignoring duplicate uses-permissions/uses-permissions-sdk-m: android.permission.READ_PHONE_STATE in package: org.test.aprojekt at: Binary XML file line #86
03-11 12:29:18.002  7268  2964 D DefContainer: Copying /data/local/tmp/aAplikacja-0.1-debug.apk to base.apk
03-11 12:29:18.162  3834  3876 I chatty  : uid=1000(system) PackageManager expire 9 lines
03-11 12:29:18.750  3834  3866 I chatty  : uid=1000(system) ActivityManager expire 7 lines
03-11 12:29:19.365  3834  5479 I chatty  : uid=1000(system) LocationPolicy expire 1 line
03-11 12:29:19.452  3834  6314 I chatty  : uid=1000(system) Binder:3834_8 expire 2 lines
03-11 12:29:19.479  3834  3834 I chatty  : uid=1000 system_server expire 42 lines
03-11 12:29:19.589  3834  5530 I chatty  : uid=1000(system) Binder:3834_3 expire 8 lines
03-11 12:29:19.652 21991 21991 I chatty  : uid=1000(system) com.miui.networkassistant.shadow expire 2 lines
03-11 12:29:20.030  3834  5919 I chatty  : uid=1000(system) Binder:3834_6 expire 4 lines
03-11 12:29:20.154  3834  6389 I chatty  : uid=1000(system) Binder:3834_B expire 6 lines
03-11 12:29:20.403  3834  3860 I chatty  : uid=1000(system) Binder:3834_1 expire 5 lines
03-11 12:29:20.583  3834  3861 I chatty  : uid=1000(system) Binder:3834_2 expire 1 line
03-11 12:29:21.284 22079 22079 I chatty  : uid=1000(system) com.android.keychain expire 1 line
03-11 12:29:21.465  3834  5923 I chatty  : uid=1000(system) Binder:3834_7 expire 3 lines
03-11 12:29:23.712  3834  5915 I chatty  : uid=1000(system) Binder:3834_4 expire 3 lines
03-11 12:29:23.819  3834  6322 I chatty  : uid=1000(system) Binder:3834_9 expire 2 lines
03-11 12:29:23.988  6674  6674 I chatty  : uid=1000(system) com.miui.securitycenter.remote expire 1 line
03-11 12:29:24.152  6494  6494 W PackageParser: Ignoring duplicate uses-permissions/uses-permissions-sdk-m: android.permission.READ_PHONE_STATE in package: org.test.aprojekt at: Binary XML file line #86
03-11 12:29:24.159  6494 14307 W PackageParser: Ignoring duplicate uses-permissions/uses-permissions-sdk-m: android.permission.READ_PHONE_STATE in package: org.test.aprojekt at: Binary XML file line #86
03-11 12:29:24.203  6494 14307 W PackageParser: Ignoring duplicate uses-permissions/uses-permissions-sdk-m: android.permission.READ_PHONE_STATE in package: org.test.aprojekt at: Binary XML file line #86
03-11 12:29:24.403  3834  6404 I chatty  : uid=1000(system) Binder:3834_E expire 24 lines
03-11 12:29:24.815  3834  6401 I chatty  : uid=1000(system) Binder:3834_C expire 20 lines
03-11 12:29:24.965   405   417 I Ext4Crypt: ext4 crypto complete called on /data
03-11 12:29:24.966   405   417 I Ext4Crypt: No master key, so not ext4enc
03-11 12:29:24.967  3834  4668 I chatty  : uid=1000(system) CryptdConnector expire 2 lines
03-11 12:29:24.967   405   417 D VoldCryptCmdListener: cryptfs getpwtype
03-11 12:29:24.967   405   417 I Ext4Crypt: ext4 crypto complete called on /data
03-11 12:29:24.967   405   417 I Ext4Crypt: No master key, so not ext4enc
03-11 12:29:27.996  3834  3865 I chatty  : uid=1000(system) android.bg expire 1 line
03-11 12:29:35.977  3834 22390 I chatty  : uid=1000 system_server expire 6 lines
03-11 12:29:36.239  3834 22432 I chatty  : uid=1000 system_server expire 7 lines
03-11 12:29:36.623 22407 22407 I InCall_sys: InCallPresenter - onCallListChange oldState= NO_CALLS newState=NO_CALLS switching to NO_CALLS
03-11 12:29:36.638  3834  3834 I chatty  : uid=1000 system_server expire 10 lines
03-11 12:29:36.805  3834  6401 I chatty  : uid=1000(system) Binder:3834_C expire 1 line
03-11 12:29:39.347  3834  4662 I chatty  : uid=1000(system) AlarmManager expire 1 line
03-11 12:29:40.814  7248  7248 W MIUI-BLOCK-MONITOR: The msg null took 2ms and took 1489231780814ms after dispatch.
03-11 12:29:44.106 22407 22407 I InCall_sys: Call - update Call_0 call, old state is INCOMING, new call detail is INCOMING
03-11 12:29:44.111 22407 22407 I InCall_sys: InCallPresenter - onCallListChange oldState= INCOMING newState=INCOMING switching to INCOMING
03-11 12:29:44.170 22407 22407 I InCall_sys: Call - update Call_0 call, old state is INCOMING, new call detail is INCOMING
03-11 12:29:44.171 22407 22407 I InCall_sys: Call - update Call_0 call, old state is INCOMING, new call detail is INCOMING
03-11 12:29:44.172  3834  6404 I chatty  : uid=1000(system) Binder:3834_E expire 9 lines
03-11 12:29:44.179  3834  6404 I Telecom : CallAudioManager: updateAudioStreamAndMode :  mIsRinging: false, mIsTonePlaying: false, call: [246698111, DISCONNECTED, com.android.phone/com.android.services.telephony.TelephonyConnectionService, tel:*********, A, childs(0), has_parent(false), [[Capabilities: CAPABILITY_SUPPORT_HOLD CAPABILITY_MUTE CAPABILITY_SPEED_UP_MT_AUDIO]], false, ComponentInfo{com.android.phone/com.android.services.telephony.TelephonyConnectionService}, [1b6453892473a467d07372d45eb05abc2031647a], UserHandle{0}]
03-11 12:29:44.179  3834  6404 V Telecom : CallAudioManager: updateAudioStreamAndMode : no ringing call
03-11 12:29:44.179  3834  6404 V Telecom : CallAudioManager: abandoning audio focus
03-11 12:29:44.179  3834  3834 V Telecom : : Request to change audio mode from MODE_RINGTONE to MODE_NORMAL
03-11 12:29:44.196  3834  6404 V Telecom : MiuiRinger: stop call waiting.
03-11 12:29:44.196  3834 22432 V Telecom : MiuiAsyncRingtonePlayer: Handler cleared.
03-11 12:29:44.218  3834  6404 I Telecom : MiuiMissedCallNotifierImpl: Adding missed call notification for [246698111, DISCONNECTED, com.android.phone/com.android.services.telephony.TelephonyConnectionService, tel:*********, A, childs(0), has_parent(false), [[Capabilities: CAPABILITY_SUPPORT_HOLD CAPABILITY_MUTE CAPABILITY_SPEED_UP_MT_AUDIO]], false, ComponentInfo{com.android.phone/com.android.services.telephony.TelephonyConnectionService}, [1b6453892473a467d07372d45eb05abc2031647a], UserHandle{0}].
03-11 12:29:44.229  3834  6404 I Telecom : InCallController: Sending updateCall [246698111, DISCONNECTED, com.android.phone/com.android.services.telephony.TelephonyConnectionService, tel:*********, A, childs(0), has_parent(false), [[Capabilities: CAPABILITY_SUPPORT_HOLD CAPABILITY_MUTE CAPABILITY_SPEED_UP_MT_AUDIO]], false, ComponentInfo{com.android.phone/com.android.services.telephony.TelephonyConnectionService}, [1b6453892473a467d07372d45eb05abc2031647a], UserHandle{0}] ==> [InCall@68, parent:null, children:[]]
03-11 12:29:44.231  3834  6404 I Telecom : InCallController: Components updated: [ComponentInfo{com.android.incallui/com.android.incallui.InCallServiceImpl}]
03-11 12:29:44.231  3834  6404 V Telecom : MiuiCallsManager: Updating foreground call, [246698111, DISCONNECTED, com.android.phone/com.android.services.telephony.TelephonyConnectionService, tel:*********, A, childs(0), has_parent(false), [[Capabilities: CAPABILITY_SUPPORT_HOLD CAPABILITY_MUTE CAPABILITY_SPEED_UP_MT_AUDIO]], false, ComponentInfo{com.android.phone/com.android.services.telephony.TelephonyConnectionService}, [1b6453892473a467d07372d45eb05abc2031647a], UserHandle{0}] -> null.
03-11 12:29:44.231  3834  6404 I Telecom : CallAudioManager: updateAudioStreamAndMode :  mIsRinging: false, mIsTonePlaying: false, call: null
03-11 12:29:44.231  3834  6404 V Telecom : CallAudioManager: updateAudioStreamAndMode : no ringing call
03-11 12:29:44.231  3834  6404 D Telecom : BluetoothPhoneService: onForegroundCallChanged
03-11 12:29:44.232  3834  6404 D Telecom : DtmfLocalTonePlayer: stopTone: mToneGenerator == null.
03-11 12:29:44.232  3834  6404 D Telecom : DtmfLocalTonePlayer: Posting delete.
03-11 12:29:44.234 22407 22407 I InCall_sys: Call - update Call_0 call, old state is INCOMING, new call detail is DISCONNECTED
03-11 12:29:44.237  3834  6404 I Telecom : InCallController: onCanAddCallChanged : true
03-11 12:29:44.237  3834  6404 D Telecom : MiuiCallsManager:  entered manageDsdaInCallTones 
03-11 12:29:44.239  3834  6404 D Telecom : ConnectionServiceWrapper: ConnectionService -> Telecom: setConferenceableConnections ConnectionService@67 []
03-11 12:29:44.244  3834  6404 I Telecom : InCallController: Sending updateCall [246698111, DISCONNECTED, com.android.phone/com.android.services.telephony.TelephonyConnectionService, tel:*********, A, childs(0), has_parent(false), [[Capabilities: CAPABILITY_SUPPORT_HOLD CAPABILITY_MUTE CAPABILITY_SPEED_UP_MT_AUDIO]], false, ComponentInfo{com.android.phone/com.android.services.telephony.TelephonyConnectionService}, [1b6453892473a467d07372d45eb05abc2031647a], UserHandle{0}] ==> [InCall@68, parent:null, children:[]]
03-11 12:29:44.245  3834  6404 I Telecom : InCallController: Components updated: [ComponentInfo{com.android.incallui/com.android.incallui.InCallServiceImpl}]
03-11 12:29:44.246  3834  6404 D Telecom : ConnectionServiceWrapper: ConnectionService -> Telecom: removeCall ConnectionService@67
03-11 12:29:44.246  3834  6404 V Telecom : MiuiCallsManager: removeCall([246698111, DISCONNECTED, com.android.phone/com.android.services.telephony.TelephonyConnectionService, tel:*********, A, childs(0), has_parent(false), [[Capabilities: CAPABILITY_SUPPORT_HOLD CAPABILITY_MUTE CAPABILITY_SPEED_UP_MT_AUDIO]], false, ComponentInfo{com.android.phone/com.android.services.telephony.TelephonyConnectionService}, [1b6453892473a467d07372d45eb05abc2031647a], UserHandle{0}])
03-11 12:29:44.246 22407 22407 I InCall_sys: InCallPresenter - onCallListChange oldState= INCOMING newState=INCALL switching to INCALL
03-11 12:29:44.246  3834  6404 V Telecom : ConnectionServiceWrapper: Call count decrement 0, com.android.phone/com.android.services.telephony.TelephonyConnectionService
03-11 12:29:44.246  3834  6404 I Telecom : ConnectionServiceWrapper: Service unbound ComponentInfo{com.android.phone/com.android.services.telephony.TelephonyConnectionService}, from unbind.
03-11 12:29:44.247  3834  6404 I Telecom : Event: Call 35: DESTROYED, null
03-11 12:29:44.248  3834  6404 V Telecom : CallAudioManager: onCallRemoved
03-11 12:29:44.248  3834  6404 D Telecom : BluetoothPhoneService: onCallRemoved
03-11 12:29:44.248  3834  6404 D Telecom : MiuiAsyncRingtonePlayer: Posting stop.
03-11 12:29:44.248  3834  6404 D Telecom : MiuiAsyncRingtonePlayer: Message 2 skipped because there is no handler.
03-11 12:29:44.248  3834  6404 V Telecom : MiuiRinger: stop call waiting.
03-11 12:29:44.249  3834  6404 I Telecom : PhoneStateBroadcaster: Broadcasted state change: 0
03-11 12:29:44.249  3834  6404 I Telecom : InCallController: onCallRemoved: [246698111, DISCONNECTED, null, tel:*********, A, childs(0), has_parent(false), [[Capabilities: CAPABILITY_SUPPORT_HOLD CAPABILITY_MUTE CAPABILITY_SPEED_UP_MT_AUDIO]], false, ComponentInfo{com.android.phone/com.android.services.telephony.TelephonyConnectionService}, [1b6453892473a467d07372d45eb05abc2031647a], UserHandle{0}]
03-11 12:29:44.250  3834  6404 I Telecom : ProximitySensorManager: All calls removed, resetting proximity sensor to default state
03-11 12:29:44.250  3834  6404 I Telecom : ProximitySensorManager: Proximity wake lock already released
03-11 12:29:44.250  3834  6404 D Telecom : MiuiCallsManager: updateLchStatus subInConversation: null
03-11 12:29:44.250  3834  6404 D Telecom : MiuiCallsManager: setActiveSubscription = null
03-11 12:29:44.250  3834  6404 D Telecom : MiuiCallsManager:  entered manageDsdaInCallTones 
03-11 12:29:44.306 22407 22407 I InCall_sys: Call - update Call_0 call, old state is DISCONNECTED, new call detail is DISCONNECTED
03-11 12:29:44.309 22407 22407 I InCall_sys: InCallPresenter - onCallListChange oldState= INCALL newState=INCALL switching to INCALL
03-11 12:29:44.320 22407 22407 I InCall_sys: InCallPresenter - onCallListChange oldState= INCALL newState=NO_CALLS switching to NO_CALLS
03-11 12:29:44.325 22407 22407 I InCall_sys: InCallPresenter - onCallListChange oldState= NO_CALLS newState=NO_CALLS switching to NO_CALLS
03-11 12:29:44.328 22407 22407 I InCall_sys: InCallPresenter - onCallListChange oldState= NO_CALLS newState=NO_CALLS switching to NO_CALLS
03-11 12:29:44.421  5783  5836 W ContextImpl: Calling a method in the system process without a qualified user: android.app.ContextImpl.bindService:1295 android.content.ContextWrapper.bindService:614 com.xiaomi.mistatistic.sdk.controller.LocalEventRecorder.a:90 com.xiaomi.mistatistic.sdk.controller.LocalEventRecorder.b:70 com.xiaomi.mistatistic.sdk.controller.LocalEventRecorder.a:25 
03-11 12:29:44.971  3834  6389 I ActivityManager: Process com.google.android.partnersetup (pid 22161) has died
03-11 12:29:44.973  3834  6389 D ActivityManager: cleanUpApplicationRecord -- 22161
03-11 12:29:46.250  3834  3834 I Telecom : InCallController: Unbinding from InCallService ComponentInfo{com.android.incallui/com.android.incallui.InCallServiceImpl}
03-11 12:29:46.258 22407 22407 I InCall_sys: InCallPresenter - onCallListChange oldState= NO_CALLS newState=NO_CALLS switching to NO_CALLS
03-11 12:29:46.271  3834  6322 I ActivityManager: Process com.miui.cloudservice (pid 22045) has died
03-11 12:29:46.271  3834  6322 D ActivityManager: cleanUpApplicationRecord -- 22045
03-11 12:29:49.704  3834  6314 W ActivityManager: Killing processes SecurityCenter kill com.miui.networkassistant.shadow at adjustment 0
03-11 12:29:49.705  3834  6314 I ActivityManager: Killing 21991:com.miui.networkassistant.shadow/1000 (adj 0): SecurityCenter kill com.miui.networkassistant.shadow
03-11 12:29:49.841  3834  3861 D ActivityManager: cleanUpApplicationRecord -- 21991
03-11 12:29:49.843  6208  6208 I ActivityThread: Removing dead content provider:android.content.ContentProviderProxy@666ccb1
03-11 12:29:50.546  3834  3866 I ActivityManager: Start proc 22712:com.miui.sysbase/1000 for broadcast com.miui.cloudservice.sysbase/.receiver.TelephonyStateChangeReceiver
03-11 12:29:50.871 22712 22712 W ContextImpl: Calling a method in the system process without a qualified user: android.app.ContextImpl.startService:1231 android.content.ContextWrapper.startService:591 android.content.ContextWrapper.startService:591 android.support.v4.content.WakefulBroadcastReceiver.startWakefulService:89 com.miui.cloudservice.sysbase.service.SimStateMonitorService.notifyTelephonyStateChange:60 
03-11 12:29:50.883 22712 22712 W ContextImpl: Calling a method in the system process without a qualified user: android.app.ContextImpl.startService:1231 android.content.ContextWrapper.startService:591 miui.core.SdkManager$1.run:186 android.os.Handler.handleCallback:742 android.os.Handler.dispatchMessage:95 
03-11 12:29:51.091 22712 22712 W ContextImpl: Calling a method in the system process without a qualified user: android.app.ContextImpl.startService:1231 android.content.ContextWrapper.startService:591 android.content.ContextWrapper.startService:591 android.support.v4.content.WakefulBroadcastReceiver.startWakefulService:89 com.miui.cloudservice.sysbase.service.SimStateMonitorService.notifyTelephonyStateChange:60 
03-11 12:29:55.371  3834  6423 I ActivityManager: START u0 {flg=0x10000000 cmp=org.test.aprojekt/org.test.AcceptCallActivity} from uid 10232 on display 0
03-11 12:29:55.532  3834  6423 I ActivityManager: Start proc 22783:org.test.aprojekt/u0a232 for activity org.test.aprojekt/org.test.AcceptCallActivity
03-11 12:29:55.604  5783  5836 W ContextImpl: Calling a method in the system process without a qualified user: android.app.ContextImpl.bindService:1295 android.content.ContextWrapper.bindService:614 com.xiaomi.mistatistic.sdk.controller.LocalEventRecorder.a:90 com.xiaomi.mistatistic.sdk.controller.LocalEventRecorder.b:70 com.xiaomi.mistatistic.sdk.controller.LocalEventRecorder.a:25 
03-11 12:29:55.863  3834  6404 W InputMethodManagerService: Window already focused, ignoring focus gain of: com.android.internal.view.IInputMethodClient$Stub$Proxy@9f82645 attribute=null, token = android.os.BinderProxy@a9a4c7a
03-11 12:29:55.922  3834  6422 D WifiService: acquireWifiLockLocked: WifiLock{NlpWifiLock type=2 binder=android.os.BinderProxy@f42e2a8}
03-11 12:29:56.071  3834  6322 I ActivityManager: Process com.google.android.apps.photos (pid 22187) has died
03-11 12:29:56.072  3834  6322 D ActivityManager: cleanUpApplicationRecord -- 22187
03-11 12:29:59.369  3834  6322 D WifiService: releaseWifiLockLocked: WifiLock{NlpWifiLock type=2 binder=android.os.BinderProxy@f42e2a8}
03-11 12:30:00.950 22712 22712 W ContextImpl: Calling a method in the system process without a qualified user: android.app.ContextImpl.startService:1231 android.content.ContextWrapper.startService:591 android.content.ContextWrapper.startService:591 android.support.v4.content.WakefulBroadcastReceiver.startWakefulService:89 com.miui.cloudservice.sysbase.service.SimStateMonitorService.notifyTelephonyStateChange:60 
03-11 12:30:01.365 22712 22712 W ContextImpl: Calling a method in the system process without a qualified user: android.app.ContextImpl.startService:1231 android.content.ContextWrapper.startService:591 android.content.ContextWrapper.startService:591 android.support.v4.content.WakefulBroadcastReceiver.startWakefulService:89 com.miui.cloudservice.sysbase.service.SimStateMonitorService.notifyTelephonyStateChange:60 
03-11 12:30:11.402 22712 22712 W ContextImpl: Calling a method in the system process without a qualified user: android.app.ContextImpl.startService:1231 android.content.ContextWrapper.startService:591 android.content.ContextWrapper.startService:591 android.support.v4.content.WakefulBroadcastReceiver.startWakefulService:89 com.miui.cloudservice.sysbase.service.SimStateMonitorService.notifyTelephonyStateChange:60 
03-11 12:30:11.406  3834  5919 I ActivityManager: Process com.android.musicfx (pid 20783) has died
03-11 12:30:11.407  3834  5919 D ActivityManager: cleanUpApplicationRecord -- 20783
03-11 12:30:11.914 22712 22712 W ContextImpl: Calling a method in the system process without a qualified user: android.app.ContextImpl.startService:1231 android.content.ContextWrapper.startService:591 android.content.ContextWrapper.startService:591 android.support.v4.content.WakefulBroadcastReceiver.startWakefulService:89 com.miui.cloudservice.sysbase.service.SimStateMonitorService.notifyTelephonyStateChange:60 
03-11 12:30:12.086  3834  6401 I ActivityManager: Process com.miui.gallery (pid 22355) has died
03-11 12:30:12.086  3834  6401 D ActivityManager: cleanUpApplicationRecord -- 22355
03-11 12:30:13.047  3834  3866 I ActivityManager: Start proc 22925:com.android.calendar/u0a4 for broadcast com.android.calendar/.widget.MonthWidgetProvider
03-11 12:30:13.108  3834  3834 I ActivityManager: Start proc 22940:com.android.providers.calendar/u0a5 for content provider com.android.providers.calendar/.CalendarProvider2
03-11 12:30:13.192  3834  3865 I UsageStatsService: Time changed in UsageStats by -2 seconds
03-11 12:30:13.194  3834  3865 I UsageStatsService: User[0] Flushing usage stats to disk
03-11 12:30:13.169  3834  3865 I UsageStatsDatabase: Time changed by -2s7ms. files deleted: 0 files moved: 697
03-11 12:30:13.177  3834  3865 I UsageStatsService: User[0] Rollover scheduled @ 2017-03-12 01:00:00(1489276800000)
03-11 12:30:13.478  3834  6344 I ActivityManager: Start proc 22987:com.android.deskclock/u0a50 for broadcast com.android.deskclock/.receiver.AlarmInitReceiver
03-11 12:30:13.914  3834  6423 I ActivityManager: Start proc 23012:com.miui.backup/9800 for broadcast com.miui.backup/.auto.AutoBackupReceiver
03-11 12:30:14.308  3834  5530 I ActivityManager: Start proc 23034:com.miui.cloudbackup/u0a7 for broadcast com.miui.cloudbackup/.receiver.TimeChangedReceiver
03-11 12:30:14.667  6674  6674 W ContextImpl: Calling a method in the system process without a qualified user: android.app.ContextImpl.startService:1231 android.content.ContextWrapper.startService:591 android.content.ContextWrapper.startService:591 com.miui.powercenter.bootshutdown.a.bp:-1 com.miui.powercenter.provider.DateResetReceiver.bR:-1 
