03-11 02:32:34.776  6494 14298 W PackageParser: Unknown element under <manifest>: library at /data/app/tv.twitch.android.app-2/base.apk Binary XML file line #25
03-11 02:32:35.304  6494 14298 W PackageParser: Unknown element under <manifest>: library at /data/app/tv.twitch.android.app-2/base.apk Binary XML file line #25
03-11 02:39:30.443  3834  3834 I chatty  : uid=1000 system_server expire 6 lines
03-11 02:48:55.607  3834  5915 I chatty  : uid=1000(system) Binder:3834_4 expire 2 lines
03-11 02:48:55.938  3834  5923 I chatty  : uid=1000(system) Binder:3834_7 expire 2 lines
03-11 02:48:56.307 21050 21353 I chatty  : uid=1000(system) com.android.settings expire 1 line
03-11 02:48:57.100  3834  6322 I chatty  : uid=1000(system) Binder:3834_9 expire 1 line
03-11 02:48:58.131 21407 21436 D ActivityThread: Loading provider com.google.android.gmail.provider;com.android.mail.notifier;com.google.android.gm.email.provider;com.google.android.gm.tasks.provider;com.google.android.gm.email.notifier: com.android.email.provider.EmailProvider
03-11 02:48:59.159 21500 21500 I chatty  : uid=1000(system) com.miui.sysbase expire 2 lines
03-11 02:48:59.166  7248  7248 W MIUI-BLOCK-MONITOR: The msg null took 0ms and took 1489196939166ms after dispatch.
03-11 02:48:59.712  3834  5472 I chatty  : uid=1000(system) ConnectivitySer expire 34 lines
03-11 02:48:59.728  3834  3834 I chatty  : uid=1000 system_server expire 11 lines
03-11 02:49:00.621  3834  6322 I chatty  : uid=1000(system) Binder:3834_9 expire 10 lines
03-11 02:49:00.635   405   417 I Ext4Crypt: ext4 crypto complete called on /data
03-11 02:49:00.639   405   417 I Ext4Crypt: No master key, so not ext4enc
03-11 02:49:00.641  3834  4668 I chatty  : uid=1000(system) CryptdConnector expire 6 lines
03-11 02:49:00.643   405   417 D VoldCryptCmdListener: cryptfs getpwtype
03-11 02:49:00.643   405   417 I Ext4Crypt: ext4 crypto complete called on /data
03-11 02:49:00.643   405   417 I Ext4Crypt: No master key, so not ext4enc
03-11 02:49:02.164  3834  6401 I chatty  : uid=1000(system) Binder:3834_C expire 8 lines
03-11 02:49:02.798  3834  6422 I chatty  : uid=1000(system) Binder:3834_F expire 5 lines
03-11 02:49:02.818  3834  6314 I chatty  : uid=1000(system) Binder:3834_8 expire 5 lines
03-11 02:49:03.099 18308 18308 W MIUI-BLOCK-MONITOR: The msg { when=0 callback=org.chromium.chrome.browser.ChromeBackgroundService$1 target=android.os.Handler planTime=1489196939981 dispatchTime=1489196939981 finishTime=0 } took 3118ms and took 3118ms after dispatch.
03-11 02:49:03.206  3834  3861 I chatty  : uid=1000(system) Binder:3834_2 expire 9 lines
03-11 02:49:03.267  3834  5915 I chatty  : uid=1000(system) Binder:3834_4 expire 8 lines
03-11 02:49:03.270  3834  6404 I chatty  : uid=1000(system) Binder:3834_E expire 9 lines
03-11 02:49:03.716 21579 21579 W MIUI-BLOCK-MONITOR: The msg { when=-10ms what=110 obj=AppBindData{appInfo=ApplicationInfo{18a7c30 com.google.android.apps.maps}} target=android.app.ActivityThread$H planTime=1489196939404 dispatchTime=1489196939414 finishTime=0 } took 4309ms and took 4299ms after dispatch.
03-11 02:49:04.027  3834  5471 I chatty  : uid=1000(system) WifiService expire 8 lines
03-11 02:49:05.650 21500 21500 I chatty  : uid=1000(system) com.miui.sysbase expire 3 lines
03-11 02:49:06.877  3834  6344 I chatty  : uid=1000(system) Binder:3834_A expire 4 lines
03-11 02:49:07.023  3834  5919 I chatty  : uid=1000(system) Binder:3834_6 expire 3 lines
03-11 02:49:07.024   405   417 I Ext4Crypt: ext4 crypto complete called on /data
03-11 02:49:07.024   405   417 I Ext4Crypt: No master key, so not ext4enc
03-11 02:49:07.026   405   417 D VoldCryptCmdListener: cryptfs getpwtype
03-11 02:49:07.026   405   417 I Ext4Crypt: ext4 crypto complete called on /data
03-11 02:49:07.027   405   417 I Ext4Crypt: No master key, so not ext4enc
03-11 02:49:07.565  5783  5836 I chatty  : uid=1000(system) local_job_dispa expire 3 lines
03-11 02:49:11.797  6494 14298 W PackageParser: Unknown element under <manifest>: library at /data/app/com.spotify.music-2/base.apk Binary XML file line #59
03-11 02:49:11.797  6494 14298 W PackageParser: Unknown element under <manifest>: library at /data/app/com.spotify.music-2/base.apk Binary XML file line #60
03-11 02:49:11.829  6494 14298 W PackageParser: Unknown element under <manifest>: library at /data/app/com.spotify.music-2/base.apk Binary XML file line #59
03-11 02:49:11.830  6494 14298 W PackageParser: Unknown element under <manifest>: library at /data/app/com.spotify.music-2/base.apk Binary XML file line #60
03-11 02:49:23.014  6494 14298 W PackageParser: Ignoring duplicate uses-permissions/uses-permissions-sdk-m: android.permission.READ_PHONE_STATE in package: org.test.myapp at: Binary XML file line #86
03-11 02:49:23.023  6494 14298 W PackageParser: Ignoring duplicate uses-permissions/uses-permissions-sdk-m: android.permission.READ_PHONE_STATE in package: org.test.myapp at: Binary XML file line #86
03-11 02:49:25.917  3834  5923 I chatty  : uid=1000(system) Binder:3834_7 expire 7 lines
03-11 02:49:26.592  3834  5479 I chatty  : uid=1000(system) LocationPolicy expire 3 lines
03-11 02:49:26.660  3834  3865 I chatty  : uid=1000(system) android.bg expire 4 lines
03-11 02:49:27.860  3834  3866 I chatty  : uid=1000(system) ActivityManager expire 5 lines
03-11 02:49:27.946  3834  5916 I chatty  : uid=1000(system) Binder:3834_5 expire 6 lines
03-11 02:49:35.623  6494 14298 W PackageParser: Ignoring duplicate uses-permissions/uses-permissions-sdk-m: android.permission.READ_CONTACTS in package: com.facebook.katana at: Binary XML file line #85
03-11 02:49:35.623  6494 14298 W PackageParser: Ignoring duplicate uses-permissions/uses-permissions-sdk-m: android.permission.WRITE_CONTACTS in package: com.facebook.katana at: Binary XML file line #86
03-11 02:49:35.627  6494 14298 W PackageParser: Ignoring duplicate uses-permissions/uses-permissions-sdk-m: android.permission.RECEIVE_BOOT_COMPLETED in package: com.facebook.katana at: Binary XML file line #161
03-11 02:49:35.628  6494 14298 W PackageParser: Ignoring duplicate uses-permissions/uses-permissions-sdk-m: android.permission.BLUETOOTH in package: com.facebook.katana at: Binary XML file line #191
03-11 02:49:35.628  6494 14298 W PackageParser: Ignoring duplicate uses-permissions/uses-permissions-sdk-m: android.permission.BLUETOOTH_ADMIN in package: com.facebook.katana at: Binary XML file line #192
03-11 02:49:35.713  6494 14298 W PackageParser: Unknown element under <application>: uses-feature at /data/app/com.facebook.katana-2/base.apk Binary XML file line #1882
03-11 02:49:35.747  6494 14298 W PackageParser: Ignoring duplicate uses-permissions/uses-permissions-sdk-m: android.permission.READ_CONTACTS in package: com.facebook.katana at: Binary XML file line #85
03-11 02:49:35.747  6494 14298 W PackageParser: Ignoring duplicate uses-permissions/uses-permissions-sdk-m: android.permission.WRITE_CONTACTS in package: com.facebook.katana at: Binary XML file line #86
03-11 02:49:35.750  6494 14298 W PackageParser: Ignoring duplicate uses-permissions/uses-permissions-sdk-m: android.permission.RECEIVE_BOOT_COMPLETED in package: com.facebook.katana at: Binary XML file line #161
03-11 02:49:35.751  6494 14298 W PackageParser: Ignoring duplicate uses-permissions/uses-permissions-sdk-m: android.permission.BLUETOOTH in package: com.facebook.katana at: Binary XML file line #191
03-11 02:49:35.751  6494 14298 W PackageParser: Ignoring duplicate uses-permissions/uses-permissions-sdk-m: android.permission.BLUETOOTH_ADMIN in package: com.facebook.katana at: Binary XML file line #192
03-11 02:49:35.833  6494 14298 W PackageParser: Unknown element under <application>: uses-feature at /data/app/com.facebook.katana-2/base.apk Binary XML file line #1882
03-11 02:53:31.210  6494  6494 W MIUI-BLOCK-MONITOR: The msg { when=0 callback=com.miui.guardprovider.engine.mi.MiEngine$2$1 target=android.os.Handler planTime=1489197187887 dispatchTime=1489197187888 finishTime=0 } took 23323ms and took 23322ms after dispatch.
03-11 03:11:28.593  6837  7447 I chatty  : uid=1000(system) remote_job_disp expire 1 line
03-11 03:42:55.638 21050 21050 I chatty  : uid=1000(system) com.android.settings expire 4 lines
03-11 04:02:00.555  6494 14298 W PackageParser: Ignoring duplicate uses-permissions/uses-permissions-sdk-m: android.permission.READ_CALENDAR in package: com.facebook.orca at: Binary XML file line #135
03-11 04:02:00.579  6494 14298 W PackageParser: Unknown element under <application>: uses-permission at /data/app/com.facebook.orca-1/base.apk Binary XML file line #1082
03-11 04:02:00.604  6494 14298 W PackageParser: Ignoring duplicate uses-permissions/uses-permissions-sdk-m: android.permission.READ_CALENDAR in package: com.facebook.orca at: Binary XML file line #135
03-11 04:02:00.628  6494 14298 W PackageParser: Unknown element under <application>: uses-permission at /data/app/com.facebook.orca-1/base.apk Binary XML file line #1082
03-11 05:04:23.371  6494 14298 W PackageParser: Ignoring duplicate uses-permissions/uses-permissions-sdk-m: android.permission.READ_PHONE_STATE in package: org.test.nowyprojekttestdwa at: Binary XML file line #86
03-11 05:04:23.378  6494 14298 W PackageParser: Ignoring duplicate uses-permissions/uses-permissions-sdk-m: android.permission.READ_PHONE_STATE in package: org.test.nowyprojekttestdwa at: Binary XML file line #86
03-11 05:13:24.612  3834 19085 I chatty  : uid=1000(system) work-thread expire 1 line
03-11 05:14:10.382  5868  5868 W MIUI-BLOCK-MONITOR: The msg { when=0 what=115 obj=ServiceArgsData{token=android.os.BinderProxy@5fd03d9 startId=255 args=Intent { act=com.xiaomi.push.SEND_IQ cmp=com.xiaomi.xmsf/com.xiaomi.push.service.XMPushService (has extras) }} target=android.app.ActivityThread$H planTime=1489205606389 dispatchTime=1489205606389 finishTime=0 } took 43993ms and took 43993ms after dispatch.
03-11 06:08:42.458  6494  6494 W MIUI-BLOCK-MONITOR: The msg { when=0 callback=com.miui.guardprovider.engine.avast.AvastEngine$2$1 target=android.os.Handler planTime=1489208865328 dispatchTime=1489208865328 finishTime=0 } took 57130ms and took 57130ms after dispatch.
03-11 06:29:48.532  6494 15370 W PackageParser: Unknown element under <application>: enable-feature at /data/app/com.blizzard.wtcg.hearthstone-1/base.apk Binary XML file line #68
03-11 06:29:48.532  6494 15370 W PackageParser: Unknown element under <manifest>: supports-gl-texture at /data/app/com.blizzard.wtcg.hearthstone-1/base.apk Binary XML file line #120
03-11 06:29:48.539  6494 15370 W PackageParser: Unknown element under <application>: enable-feature at /data/app/com.blizzard.wtcg.hearthstone-1/base.apk Binary XML file line #68
03-11 06:29:48.540  6494 15370 W PackageParser: Unknown element under <manifest>: supports-gl-texture at /data/app/com.blizzard.wtcg.hearthstone-1/base.apk Binary XML file line #120
03-11 06:40:29.745  7248  7248 W MIUI-BLOCK-MONITOR: The msg null took 11ms and took 1489210829745ms after dispatch.
03-11 06:40:29.865  3834  3834 I chatty  : uid=1000 system_server expire 9 lines
03-11 06:40:29.883  3834  5530 I chatty  : uid=1000(system) Binder:3834_3 expire 8 lines
03-11 06:40:30.027  7248  7248 E ActivityThread: Service com.google.android.location.places.service.PlaceDetectionAsyncService has leaked IntentReceiver amth@d81bb17 that was originally registered here. Are you missing a call to unregisterReceiver()?
03-11 06:40:30.027  7248  7248 E ActivityThread: android.app.IntentReceiverLeaked: Service com.google.android.location.places.service.PlaceDetectionAsyncService has leaked IntentReceiver amth@d81bb17 that was originally registered here. Are you missing a call to unregisterReceiver()?
03-11 06:40:30.027  7248  7248 E ActivityThread: 	at android.app.LoadedApk$ReceiverDispatcher.<init>(LoadedApk.java:920)
03-11 06:40:30.027  7248  7248 E ActivityThread: 	at android.app.LoadedApk.getReceiverDispatcher(LoadedApk.java:721)
03-11 06:40:30.027  7248  7248 E ActivityThread: 	at android.app.ContextImpl.registerReceiverInternal(ContextImpl.java:1182)
03-11 06:40:30.027  7248  7248 E ActivityThread: 	at android.app.ContextImpl.registerReceiver(ContextImpl.java:1162)
03-11 06:40:30.027  7248  7248 E ActivityThread: 	at android.content.ContextWrapper.registerReceiver(ContextWrapper.java:571)
03-11 06:40:30.027  7248  7248 E ActivityThread: 	at android.content.ContextWrapper.registerReceiver(ContextWrapper.java:571)
03-11 06:40:30.027  7248  7248 E ActivityThread: 	at android.content.ContextWrapper.registerReceiver(ContextWrapper.java:571)
03-11 06:40:30.027  7248  7248 E ActivityThread: 	at android.content.ContextWrapper.registerReceiver(ContextWrapper.java:571)
03-11 06:40:30.027  7248  7248 E ActivityThread: 	at amrb.run(:com.google.android.gms:4414)
03-11 06:40:30.027  7248  7248 E ActivityThread: 	at android.os.Handler.handleCallback(Handler.java:742)
03-11 06:40:30.027  7248  7248 E ActivityThread: 	at android.os.Handler.dispatchMessage(Handler.java:95)
03-11 06:40:30.027  7248  7248 E ActivityThread: 	at android.os.Looper.loop(Looper.java:154)
03-11 06:40:30.027  7248  7248 E ActivityThread: 	at android.os.HandlerThread.run(HandlerThread.java:61)
03-11 06:40:30.063  3834  6402 I chatty  : uid=1000(system) Binder:3834_D expire 10 lines
03-11 06:40:31.226  6494 14298 W PackageParser: No actions in intent filter at /data/app/cn.wps.moffice_eng-1/base.apk Binary XML file line #832
03-11 06:40:31.421  6494 14298 W PackageParser: No actions in intent filter at /data/app/cn.wps.moffice_eng-1/base.apk Binary XML file line #832
03-11 06:40:32.917 22499 22499 I chatty  : uid=1000(system) com.miui.klo.bugreport expire 4 lines
03-11 06:40:32.949   405   417 I Ext4Crypt: ext4 crypto complete called on /data
03-11 06:40:32.957   405   417 I Ext4Crypt: No master key, so not ext4enc
03-11 06:40:32.958   405   417 D VoldCryptCmdListener: cryptfs getpwtype
03-11 06:40:32.958   405   417 I Ext4Crypt: ext4 crypto complete called on /data
03-11 06:40:32.958   405   417 I Ext4Crypt: No master key, so not ext4enc
03-11 06:40:35.667  3834  3860 I chatty  : uid=1000(system) Binder:3834_1 expire 6 lines
03-11 06:40:37.102  6494 15370 W PackageParser: Ignoring duplicate uses-permissions/uses-permissions-sdk-m: android.permission.READ_PHONE_STATE in package: org.test.myapp at: Binary XML file line #90
03-11 06:40:37.118  6494 15370 W PackageParser: Ignoring duplicate uses-permissions/uses-permissions-sdk-m: android.permission.READ_PHONE_STATE in package: org.test.myapp at: Binary XML file line #90
03-11 06:40:42.801  6494 14298 W PackageParser: Ignoring duplicate uses-permissions/uses-permissions-sdk-m: android.permission.READ_PHONE_STATE in package: org.test.myapp at: Binary XML file line #90
03-11 06:40:42.815  6494 14298 W PackageParser: Ignoring duplicate uses-permissions/uses-permissions-sdk-m: android.permission.READ_PHONE_STATE in package: org.test.myapp at: Binary XML file line #90
03-11 06:40:48.491  6494 15370 W PackageParser: Ignoring duplicate uses-permissions/uses-permissions-sdk-m: android.permission.READ_PHONE_STATE in package: org.test.myapp at: Binary XML file line #90
03-11 06:40:48.505  6494 15370 W PackageParser: Ignoring duplicate uses-permissions/uses-permissions-sdk-m: android.permission.READ_PHONE_STATE in package: org.test.myapp at: Binary XML file line #90
03-11 06:40:54.603  6494 14298 W PackageParser: Ignoring duplicate uses-permissions/uses-permissions-sdk-m: android.permission.READ_PHONE_STATE in package: org.test.myapp at: Binary XML file line #90
03-11 06:40:54.618  6494 14298 W PackageParser: Ignoring duplicate uses-permissions/uses-permissions-sdk-m: android.permission.READ_PHONE_STATE in package: org.test.myapp at: Binary XML file line #90
03-11 06:41:00.676  6494 15370 W PackageParser: Unknown element under <application>: intent-filter at /storage/C279-51FF/apki/Wdwdas-0.1-debug.apk Binary XML file line #61
03-11 06:41:00.678  6494 15370 W PackageParser: Ignoring duplicate uses-permissions/uses-permissions-sdk-m: android.permission.READ_PHONE_STATE in package: org.test.dawdsad at: Binary XML file line #97
03-11 06:41:00.696  6494 15370 W PackageParser: Unknown element under <application>: intent-filter at /storage/C279-51FF/apki/Wdwdas-0.1-debug.apk Binary XML file line #61
03-11 06:41:00.698  6494 15370 W PackageParser: Ignoring duplicate uses-permissions/uses-permissions-sdk-m: android.permission.READ_PHONE_STATE in package: org.test.dawdsad at: Binary XML file line #97
03-11 06:41:57.429  3834  4667 I chatty  : uid=1000(system) VoldConnector expire 6 lines
03-11 06:41:57.496  3834  4666 I chatty  : uid=1000(system) MountService expire 3 lines
03-11 06:41:57.761  3834  6389 I chatty  : uid=1000(system) Binder:3834_B expire 3 lines
03-11 06:41:58.444  3834  6423 I chatty  : uid=1000(system) Binder:3834_10 expire 6 lines
03-11 06:41:58.460  3834  3876 I chatty  : uid=1000(system) PackageManager expire 2 lines
03-11 06:41:59.115 22753 22753 I chatty  : uid=1000(system) com.miui.sysbase expire 3 lines
03-11 06:41:59.291  6424  6424 D MccTable: updateMccMncConfiguration mccmnc='null' fromServiceState=true
03-11 06:41:59.292  6424  6424 D MccTable: WIFI_COUNTRY_CODE set to 
03-11 06:41:59.793  6762 22810 E ActivityThread: Failed to find provider info for com.google.android.wearable.settings
03-11 06:41:59.882  3834  6322 I chatty  : uid=1000(system) Binder:3834_9 expire 1 line
03-11 06:42:00.058 22753 22845 I chatty  : uid=1000(system) com.miui.sysbase expire 1 line
03-11 06:42:00.541  3834  6402 I chatty  : uid=1000(system) Binder:3834_D expire 3 lines
03-11 06:42:01.670  3834  6404 I chatty  : uid=1000(system) Binder:3834_E expire 12 lines
03-11 06:42:01.682  3834  5472 I chatty  : uid=1000(system) ConnectivitySer expire 4 lines
03-11 06:42:02.375  3834  6389 I chatty  : uid=1000(system) Binder:3834_B expire 2 lines
03-11 06:42:02.402  3834  6314 I chatty  : uid=1000(system) Binder:3834_8 expire 6 lines
03-11 06:42:02.515  3834  5916 I chatty  : uid=1000(system) Binder:3834_5 expire 11 lines
03-11 06:42:02.525  3834  6423 I chatty  : uid=1000(system) Binder:3834_10 expire 10 lines
03-11 06:42:02.710  3834  3866 I chatty  : uid=1000(system) ActivityManager expire 12 lines
03-11 06:42:03.300 22753 22753 I chatty  : uid=1000(system) com.miui.sysbase expire 11 lines
03-11 06:42:04.653  3834  5923 I chatty  : uid=1000(system) Binder:3834_7 expire 10 lines
03-11 06:42:04.654  6762 22810 E ActivityThread: Failed to find provider info for com.google.android.wearable.settings
03-11 06:42:04.781  3834  6422 I chatty  : uid=1000(system) Binder:3834_F expire 5 lines
03-11 06:42:05.023  3834  3860 I chatty  : uid=1000(system) Binder:3834_1 expire 10 lines
03-11 06:42:05.272  3834  5530 I chatty  : uid=1000(system) Binder:3834_3 expire 3 lines
03-11 06:42:05.705  3834  3861 I chatty  : uid=1000(system) Binder:3834_2 expire 8 lines
03-11 06:42:05.939  3834  6344 I chatty  : uid=1000(system) Binder:3834_A expire 12 lines
03-11 06:42:05.940  3834  6322 I chatty  : uid=1000(system) Binder:3834_9 expire 10 lines
03-11 06:42:06.340 22995 22995 W MIUI-BLOCK-MONITOR: The msg { when=-30ms what=110 obj=AppBindData{appInfo=ApplicationInfo{a2556ad com.facebook.orca}} target=android.app.ActivityThread$H planTime=1489210923046 dispatchTime=1489210923076 finishTime=0 } took 3294ms and took 3264ms after dispatch.
03-11 06:42:06.413  3834  6401 I chatty  : uid=1000(system) Binder:3834_C expire 17 lines
03-11 06:42:06.625  3834  5919 I chatty  : uid=1000(system) Binder:3834_6 expire 5 lines
03-11 06:42:07.833   405   417 I Ext4Crypt: ext4 crypto complete called on /data
03-11 06:42:07.833   405   417 I Ext4Crypt: No master key, so not ext4enc
03-11 06:42:07.833  3834  4668 I chatty  : uid=1000(system) CryptdConnector expire 2 lines
03-11 06:42:07.835   405   417 D VoldCryptCmdListener: cryptfs getpwtype
03-11 06:42:07.835   405   417 I Ext4Crypt: ext4 crypto complete called on /data
03-11 06:42:07.835   405   417 I Ext4Crypt: No master key, so not ext4enc
03-11 06:42:39.750  3834  4667 I chatty  : uid=1000(system) VoldConnector expire 15 lines
03-11 06:42:39.758   405   413 V vold    : /system/bin/sgdisk
03-11 06:42:39.759   405   413 V vold    :     --android-dump
03-11 06:42:39.759   405   413 V vold    :     /dev/block/vold/disk:179,64
03-11 06:42:39.986   405   413 V vold    : DISK mbr
03-11 06:42:39.986   405   413 V vold    : PART 5 c
03-11 06:42:40.000  3834  4666 I chatty  : uid=1000(system) MountService expire 4 lines
03-11 06:42:40.001   405   416 V vold    : /system/bin/blkid
03-11 06:42:40.002   405   416 V vold    :     -c
03-11 06:42:40.002   405   416 V vold    :     /dev/null
03-11 06:42:40.002   405   416 V vold    :     -s
03-11 06:42:40.002   405   416 V vold    :     TYPE
03-11 06:42:40.002   405   416 V vold    :     -s
03-11 06:42:40.002   405   416 V vold    :     UUID
03-11 06:42:40.002   405   416 V vold    :     -s
03-11 06:42:40.002   405   416 V vold    :     LABEL
03-11 06:42:40.002   405   416 V vold    :     /dev/block/vold/public:179,69
03-11 06:42:40.026  3834  3834 I chatty  : uid=1000 system_server expire 4 lines
03-11 06:42:40.256   405   416 V vold    : /dev/block/vold/public:179,69: UUID="C279-51FF" TYPE="vfat" 
03-11 06:42:40.258   405   416 V vold    : /system/bin/fsck_msdos
03-11 06:42:40.258   405   416 V vold    :     -p
03-11 06:42:40.258   405   416 V vold    :     -f
03-11 06:42:40.259   405   416 V vold    :     /dev/block/vold/public:179,69
03-11 06:42:41.414  6424  6424 D MccTable: updateMccMncConfiguration mccmnc='' fromServiceState=false
03-11 06:42:43.621   405   416 I Vold    : Filesystem check completed OK
03-11 06:42:43.642   405   416 V vold    : Waiting for FUSE to spin up...
03-11 06:42:46.127   405   416 V vold    : Waiting for FUSE to spin up...
03-11 06:42:46.182   405   416 V vold    : Waiting for FUSE to spin up...
03-11 06:42:47.111  3834  5915 I chatty  : uid=1000(system) Binder:3834_4 expire 9 lines
03-11 06:42:47.998  6424  6424 D MccTable: updateMccMncConfiguration mccmnc='26001' fromServiceState=false
03-11 06:42:48.011  6424  6424 D MccTable: updateMccMncConfiguration defaultMccMnc=
03-11 06:42:48.012  6424  6424 D MccTable: updateMccMncConfiguration: mcc=260, mnc=1
03-11 06:42:48.012  6424  6424 D MccTable: updateMccMncConfiguration updateConfig config={1.0 260mcc1mnc ?locale ?layoutDir ?swdp ?wdp ?hdp ?density ?lsize ?long ?orien ?uimode ?night ?touch ?keyb/?/? ?nav/? themeChanged=0 themeChangedFlags=0}
03-11 06:42:48.424 22753 23475 I chatty  : uid=1000(system) com.miui.sysbase expire 4 lines
03-11 06:42:48.677  6424  6424 D MccTable: updateMccMncConfiguration mccmnc='26001' fromServiceState=false
03-11 06:42:48.678  6424  6424 D MccTable: updateMccMncConfiguration defaultMccMnc=26001
03-11 06:42:48.678  6424  6424 D MccTable: updateMccMncConfiguration: mcc=260, mnc=1
03-11 06:42:48.678  6424  6424 D MccTable: updateMccMncConfiguration updateConfig config={1.0 260mcc1mnc ?locale ?layoutDir ?swdp ?wdp ?hdp ?density ?lsize ?long ?orien ?uimode ?night ?touch ?keyb/?/? ?nav/? themeChanged=0 themeChangedFlags=0}
03-11 06:42:48.960  6424  6424 D MccTable: updateMccMncConfiguration mccmnc='26001' fromServiceState=false
03-11 06:42:48.962  6424  6424 D MccTable: updateMccMncConfiguration defaultMccMnc=26001
03-11 06:42:48.962  6424  6424 D MccTable: updateMccMncConfiguration: mcc=260, mnc=1
03-11 06:42:48.962  6424  6424 D MccTable: updateMccMncConfiguration updateConfig config={1.0 260mcc1mnc ?locale ?layoutDir ?swdp ?wdp ?hdp ?density ?lsize ?long ?orien ?uimode ?night ?touch ?keyb/?/? ?nav/? themeChanged=0 themeChangedFlags=0}
03-11 06:42:50.116  3834  3860 I chatty  : uid=1000(system) Binder:3834_1 expire 7 lines
03-11 06:42:50.626  6762 23550 E ActivityThread: Failed to find provider info for com.google.android.wearable.settings
03-11 06:42:51.302 23561 23561 I chatty  : uid=1000(system) com.qualcomm.qti.modemtestmode expire 3 lines
03-11 06:42:52.853  3834  5916 I chatty  : uid=1000(system) Binder:3834_5 expire 4 lines
03-11 06:42:52.960 22753 22753 I chatty  : uid=1000(system) com.miui.sysbase expire 4 lines
03-11 06:42:54.317  6762 23550 E ActivityThread: Failed to find provider info for com.google.android.wearable.settings
03-11 06:42:54.572  7248  7248 W MIUI-BLOCK-MONITOR: The msg null took 1ms and took 1489210974572ms after dispatch.
03-11 06:42:54.849  3834  6344 I chatty  : uid=1000(system) Binder:3834_A expire 4 lines
03-11 06:42:54.851  3834  6322 I chatty  : uid=1000(system) Binder:3834_9 expire 1 line
03-11 06:42:56.114  3834  5471 I chatty  : uid=1000(system) WifiService expire 5 lines
03-11 06:43:05.085  3834  3834 I chatty  : uid=1000 system_server expire 14 lines
03-11 06:43:05.222  6424  6424 D MccTable: updateMccMncConfiguration mccmnc='26001' fromServiceState=true
03-11 06:43:05.238  6424  6424 D MccTable: updateMccMncConfiguration defaultMccMnc=26001
03-11 06:43:05.238  6424  6424 D MccTable: updateMccMncConfiguration: mcc=260, mnc=1
03-11 06:43:05.238  6424  6424 D MccTable: WIFI_COUNTRY_CODE set to pl
03-11 06:43:05.239  3834  3861 I chatty  : uid=1000(system) Binder:3834_2 expire 4 lines
03-11 06:43:05.488  3834  6322 I chatty  : uid=1000(system) Binder:3834_9 expire 4 lines
03-11 06:43:05.579  3834  5530 I chatty  : uid=1000(system) Binder:3834_3 expire 3 lines
03-11 06:43:05.588  3834  6422 I chatty  : uid=1000(system) Binder:3834_F expire 5 lines
03-11 06:43:05.591  3834  5919 I chatty  : uid=1000(system) Binder:3834_6 expire 7 lines
03-11 06:43:05.421  3834  6402 I chatty  : uid=1000(system) Binder:3834_D expire 7 lines
03-11 06:43:05.462  3834  5923 I chatty  : uid=1000(system) Binder:3834_7 expire 5 lines
03-11 06:43:05.559  3834  6389 I chatty  : uid=1000(system) Binder:3834_B expire 5 lines
03-11 06:43:05.575  3834  5916 I chatty  : uid=1000(system) Binder:3834_5 expire 5 lines
03-11 06:43:05.627  3834  6314 I chatty  : uid=1000(system) Binder:3834_8 expire 3 lines
03-11 06:43:06.204  3834  6401 I chatty  : uid=1000(system) Binder:3834_C expire 5 lines
03-11 06:43:06.863  3834  6404 I chatty  : uid=1000(system) Binder:3834_E expire 5 lines
03-11 06:43:06.913  6674  6674 I chatty  : uid=1000(system) com.miui.securitycenter.remote expire 3 lines
03-11 06:43:06.941  3834  6344 I chatty  : uid=1000(system) Binder:3834_A expire 6 lines
03-11 06:43:06.943  3834  6423 I chatty  : uid=1000(system) Binder:3834_10 expire 5 lines
03-11 06:43:07.263  3834  3860 I chatty  : uid=1000(system) Binder:3834_1 expire 8 lines
03-11 06:43:08.094 24057 24057 I chatty  : uid=1000(system) com.android.settings expire 1 line
03-11 06:43:08.481 22753 22753 I chatty  : uid=1000(system) com.miui.sysbase expire 7 lines
03-11 06:43:14.774  3834  4664 I chatty  : uid=1000(system) InputReader expire 6 lines
03-11 06:43:14.881  3834  3873 I chatty  : uid=1000(system) PowerManagerSer expire 8 lines
03-11 06:43:14.910  5783  7301 I chatty  : uid=1000(system) local_job_dispa expire 1 line
03-11 06:43:14.977  3834  5509 I chatty  : uid=1000(system) PhotonicModulat expire 2 lines
03-11 06:43:14.978  3834  3871 I chatty  : uid=1000(system) android.display expire 19 lines
03-11 06:43:15.046  5783  5783 I chatty  : uid=1000(system) com.android.systemui expire 2 lines
03-11 06:43:15.119  3834  3867 I chatty  : uid=1000(system) android.ui expire 6 lines
03-11 06:43:15.479  3834  5472 I chatty  : uid=1000(system) ConnectivitySer expire 49 lines
03-11 06:43:15.627  3834  5479 I chatty  : uid=1000(system) LocationPolicy expire 1 line
03-11 06:43:15.630  3834  3865 I chatty  : uid=1000(system) android.bg expire 1 line
03-11 06:43:15.914 24057 24195 I chatty  : uid=1000(system) com.android.settings expire 1 line
03-11 06:43:16.287  3834  5915 I chatty  : uid=1000(system) Binder:3834_4 expire 1 line
03-11 06:43:16.571  5783  5836 I chatty  : uid=1000(system) local_job_dispa expire 2 lines
03-11 06:43:19.400  3834  3866 I chatty  : uid=1000(system) ActivityManager expire 2 lines
03-11 06:43:21.050   405   417 I Ext4Crypt: ext4 crypto complete called on /data
03-11 06:43:21.053   405   417 I Ext4Crypt: No master key, so not ext4enc
03-11 06:43:21.054  3834  4668 I chatty  : uid=1000(system) CryptdConnector expire 2 lines
03-11 06:43:21.055   405   417 D VoldCryptCmdListener: cryptfs getpwtype
03-11 06:43:21.055   405   417 I Ext4Crypt: ext4 crypto complete called on /data
03-11 06:43:21.055   405   417 I Ext4Crypt: No master key, so not ext4enc
03-11 06:46:04.347 22995 22995 W MIUI-BLOCK-MONITOR: The msg { when=0 what=1 target=X.0Qm planTime=1489211126660 dispatchTime=1489211126660 finishTime=0 } took 37687ms and took 37687ms after dispatch.
03-11 06:53:14.621  3834  4662 I chatty  : uid=1000(system) AlarmManager expire 1 line
03-11 06:53:14.655  3834  3834 I chatty  : uid=1000 system_server expire 2 lines
03-11 06:53:17.288  3834  5472 I chatty  : uid=1000(system) ConnectivitySer expire 27 lines
03-11 06:53:19.287  3834  3834 I chatty  : uid=1000 system_server expire 10 lines
03-11 06:53:19.927 22753 22753 I chatty  : uid=1000(system) com.miui.sysbase expire 10 lines
03-11 06:53:24.672  5783  5836 I chatty  : uid=1000(system) local_job_dispa expire 1 line
03-11 06:55:20.405  6424  6424 W MIUI-BLOCK-MONITOR: The msg null took 11ms and took 1489211720405ms after dispatch.
03-11 06:55:32.127  3834  5530 I chatty  : uid=1000(system) Binder:3834_3 expire 7 lines
03-11 06:55:38.572 25064 25064 W MIUI-BLOCK-MONITOR: The msg { when=-3ms what=110 obj=AppBindData{appInfo=ApplicationInfo{18a7c30 com.android.deskclock}} target=android.app.ActivityThread$H planTime=1489211732191 dispatchTime=1489211732194 finishTime=0 } took 6381ms and took 6378ms after dispatch.
03-11 06:55:39.000  6674  6674 I chatty  : uid=1000(system) com.miui.securitycenter.remote expire 8 lines
03-11 06:56:39.585  3834  3861 I chatty  : uid=1000(system) Binder:3834_2 expire 2 lines
03-11 06:56:43.282  3834  6422 I chatty  : uid=1000(system) Binder:3834_F expire 10 lines
03-11 07:02:40.328  3834  3866 I chatty  : uid=1000(system) ActivityManager expire 10 lines
03-11 07:02:40.960  3834  5919 I chatty  : uid=1000(system) Binder:3834_6 expire 9 lines
03-11 07:02:40.961  3834  6389 I chatty  : uid=1000(system) Binder:3834_B expire 12 lines
03-11 07:02:40.961  3834  6404 I chatty  : uid=1000(system) Binder:3834_E expire 11 lines
03-11 07:02:40.962  3834  6401 I chatty  : uid=1000(system) Binder:3834_C expire 7 lines
03-11 07:02:40.962  3834  3860 I chatty  : uid=1000(system) Binder:3834_1 expire 8 lines
03-11 07:02:41.147  3834  5923 I chatty  : uid=1000(system) Binder:3834_7 expire 2 lines
03-11 07:02:44.634  7248  7248 W MIUI-BLOCK-MONITOR: The msg null took 11ms and took 1489212164634ms after dispatch.
03-11 07:07:47.972  6424  6424 W MIUI-BLOCK-MONITOR: The msg null took 16ms and took 1489212467972ms after dispatch.
03-11 07:07:47.977 22753 22753 I chatty  : uid=1000(system) com.miui.sysbase expire 11 lines
03-11 07:08:00.431  7248  7248 W MIUI-BLOCK-MONITOR: The msg null took 10ms and took 1489212480431ms after dispatch.
03-11 07:08:00.437  7248 12796 E MQSEventManagerDelegate: failed to get MQSService.
03-11 07:08:45.241  3834  6314 I chatty  : uid=1000(system) Binder:3834_8 expire 5 lines
03-11 07:14:43.038  3834  6402 I chatty  : uid=1000(system) Binder:3834_D expire 8 lines
03-11 07:14:43.301  3834  6344 I chatty  : uid=1000(system) Binder:3834_A expire 3 lines
03-11 07:14:43.302  3834  5472 I chatty  : uid=1000(system) ConnectivitySer expire 10 lines
03-11 07:14:43.309  3834  5471 I chatty  : uid=1000(system) WifiService expire 2 lines
03-11 07:20:27.044  3834 19085 I chatty  : uid=1000(system) work-thread expire 1 line
03-11 07:20:27.105  3834  3865 I chatty  : uid=1000(system) android.bg expire 4 lines
03-11 07:21:19.831 25515 25515 W MIUI-BLOCK-MONITOR: The msg { when=-4ms what=110 obj=AppBindData{appInfo=ApplicationInfo{a2556ad com.facebook.katana}} target=android.app.ActivityThread$H planTime=1489213227037 dispatchTime=1489213227041 finishTime=0 } took 52794ms and took 52790ms after dispatch.
03-11 07:22:48.855  7248  7248 W MIUI-BLOCK-MONITOR: The msg null took 0ms and took 1489213368855ms after dispatch.
03-11 07:22:49.536  3834  6423 I chatty  : uid=1000(system) Binder:3834_10 expire 2 lines
03-11 07:22:50.216   405   417 I Ext4Crypt: ext4 crypto complete called on /data
03-11 07:22:50.216   405   417 I Ext4Crypt: No master key, so not ext4enc
03-11 07:22:50.217  3834  4668 I chatty  : uid=1000(system) CryptdConnector expire 4 lines
03-11 07:22:50.218   405   417 D VoldCryptCmdListener: cryptfs getpwtype
03-11 07:22:50.219   405   417 I Ext4Crypt: ext4 crypto complete called on /data
03-11 07:22:50.219   405   417 I Ext4Crypt: No master key, so not ext4enc
03-11 07:23:30.372  5783  7301 I chatty  : uid=1000(system) local_job_dispa expire 1 line
03-11 07:23:30.426  3834  3873 I chatty  : uid=1000(system) PowerManagerSer expire 3 lines
03-11 07:23:30.456  3834  5509 I chatty  : uid=1000(system) PhotonicModulat expire 1 line
03-11 07:23:30.457  3834  3871 I chatty  : uid=1000(system) android.display expire 7 lines
03-11 07:23:31.134  7248  7248 W MIUI-BLOCK-MONITOR: The msg null took 1ms and took 1489213411134ms after dispatch.
03-11 07:23:31.178  3834  3867 I chatty  : uid=1000(system) android.ui expire 5 lines
03-11 07:23:31.408  3834  3834 I chatty  : uid=1000 system_server expire 2 lines
03-11 07:23:31.442  7248  7248 W MIUI-BLOCK-MONITOR: The msg null took 73ms and took 1489213411442ms after dispatch.
03-11 07:23:31.469  3834  6322 I chatty  : uid=1000(system) Binder:3834_9 expire 5 lines
03-11 07:23:31.692  3834  5915 I chatty  : uid=1000(system) Binder:3834_4 expire 2 lines
03-11 07:23:32.293 25939 25939 E ActivityThread: Failed to find provider info for com.sec.badge
03-11 07:23:33.378 25983 26000 D ActivityThread: Loading provider com.google.android.gmail.provider;com.android.mail.notifier;com.google.android.gm.email.provider;com.google.android.gm.tasks.provider;com.google.android.gm.email.notifier: com.android.email.provider.EmailProvider
03-11 07:23:34.071  3834  5916 I chatty  : uid=1000(system) Binder:3834_5 expire 5 lines
03-11 07:23:42.706   405   417 I Ext4Crypt: ext4 crypto complete called on /data
03-11 07:23:42.707   405   417 I Ext4Crypt: No master key, so not ext4enc
03-11 07:23:42.713   405   417 D VoldCryptCmdListener: cryptfs getpwtype
03-11 07:23:42.713   405   417 I Ext4Crypt: ext4 crypto complete called on /data
03-11 07:23:42.713   405   417 I Ext4Crypt: No master key, so not ext4enc
03-11 07:24:03.583  3834  3861 I chatty  : uid=1000(system) Binder:3834_2 expire 10 lines
03-11 07:24:03.853  3834  3866 I chatty  : uid=1000(system) ActivityManager expire 13 lines
03-11 07:24:04.173  3834  5919 I chatty  : uid=1000(system) Binder:3834_6 expire 10 lines
03-11 07:24:04.785  3834  5472 I chatty  : uid=1000(system) ConnectivitySer expire 12 lines
03-11 07:24:07.485  6334  6334 I chatty  : uid=1000(system) com.miui.whetstone expire 1 line
03-11 07:24:07.503  3834  3860 I chatty  : uid=1000(system) Binder:3834_1 expire 10 lines
03-11 07:24:07.587  3834  3834 I chatty  : uid=1000 system_server expire 15 lines
03-11 07:24:07.656  3834  5923 I chatty  : uid=1000(system) Binder:3834_7 expire 10 lines
03-11 07:24:07.796  3834  5530 I chatty  : uid=1000(system) Binder:3834_3 expire 7 lines
03-11 07:24:07.802  3834  6344 I chatty  : uid=1000(system) Binder:3834_A expire 11 lines
03-11 07:24:10.126  3834  6402 I chatty  : uid=1000(system) Binder:3834_D expire 4 lines
03-11 07:24:10.130  3834  5471 I chatty  : uid=1000(system) WifiService expire 9 lines
03-11 07:24:10.160  5783  5836 I chatty  : uid=1000(system) local_job_dispa expire 1 line
03-11 07:24:10.274  3834  6389 I chatty  : uid=1000(system) Binder:3834_B expire 10 lines
03-11 07:24:10.306  3834  6423 I chatty  : uid=1000(system) Binder:3834_10 expire 6 lines
03-11 07:24:10.953  3834  4664 I chatty  : uid=1000(system) InputReader expire 25 lines
03-11 07:24:11.388  6453  6453 W ViewRootImpl: Dropping event due to no window focus: KeyEvent { action=ACTION_DOWN, keyCode=KEYCODE_BACK, scanCode=158, metaState=0, flags=0x48, repeatCount=0, eventTime=15189132, downTime=15189132, deviceId=9, source=0x101 }
03-11 07:24:11.477  6453  6453 W ViewRootImpl: Cancelling event due to no window focus: KeyEvent { action=ACTION_UP, keyCode=KEYCODE_BACK, scanCode=158, metaState=0, flags=0x68, repeatCount=0, eventTime=15189248, downTime=15189132, deviceId=9, source=0x101 }
03-11 07:24:11.477  6453  6453 W ViewRootImpl: Cancelling event due to no window focus: KeyEvent { action=ACTION_UP, keyCode=KEYCODE_BACK, scanCode=158, metaState=0, flags=0x68, repeatCount=0, eventTime=15189248, downTime=15189132, deviceId=9, source=0x101 }
03-11 07:24:11.477  6453  6453 W ViewRootImpl: Cancelling event due to no window focus: KeyEvent { action=ACTION_UP, keyCode=KEYCODE_BACK, scanCode=158, metaState=0, flags=0x68, repeatCount=0, eventTime=15189248, downTime=15189132, deviceId=9, source=0x101 }
03-11 07:24:11.477  6453  6453 W ViewRootImpl: Cancelling event due to no window focus: KeyEvent { action=ACTION_UP, keyCode=KEYCODE_BACK, scanCode=158, metaState=0, flags=0x68, repeatCount=0, eventTime=15189248, downTime=15189132, deviceId=9, source=0x101 }
03-11 07:24:11.477  6453  6453 W ViewRootImpl: Cancelling event due to no window focus: KeyEvent { action=ACTION_UP, keyCode=KEYCODE_BACK, scanCode=158, metaState=0, flags=0x68, repeatCount=0, eventTime=15189248, downTime=15189132, deviceId=9, source=0x101 }
03-11 07:24:11.477  6453  6453 W ViewRootImpl: Cancelling event due to no window focus: KeyEvent { action=ACTION_UP, keyCode=KEYCODE_BACK, scanCode=158, metaState=0, flags=0x68, repeatCount=0, eventTime=15189248, downTime=15189132, deviceId=9, source=0x101 }
03-11 07:24:11.477  6453  6453 W ViewRootImpl: Cancelling event due to no window focus: KeyEvent { action=ACTION_UP, keyCode=KEYCODE_BACK, scanCode=158, metaState=0, flags=0x68, repeatCount=0, eventTime=15189248, downTime=15189132, deviceId=9, source=0x101 }
03-11 07:24:11.478  6453  6453 W ViewRootImpl: Cancelling event due to no window focus: KeyEvent { action=ACTION_UP, keyCode=KEYCODE_BACK, scanCode=158, metaState=0, flags=0x68, repeatCount=0, eventTime=15189248, downTime=15189132, deviceId=9, source=0x101 }
03-11 07:24:11.478  6453  6453 W ViewRootImpl: Cancelling event due to no window focus: KeyEvent { action=ACTION_UP, keyCode=KEYCODE_BACK, scanCode=158, metaState=0, flags=0x68, repeatCount=0, eventTime=15189248, downTime=15189132, deviceId=9, source=0x101 }
03-11 07:24:11.564  3834  5915 I chatty  : uid=1000(system) Binder:3834_4 expire 7 lines
03-11 07:24:12.693  3834  3873 I chatty  : uid=1000(system) PowerManagerSer expire 4 lines
03-11 07:24:13.103  3834  5509 I chatty  : uid=1000(system) PhotonicModulat expire 1 line
03-11 07:24:13.120  3834  3871 I chatty  : uid=1000(system) android.display expire 1 line
03-11 07:24:13.204  5783  5783 I chatty  : uid=1000(system) com.android.systemui expire 2 lines
03-11 07:24:13.330  3834  6401 I chatty  : uid=1000(system) Binder:3834_C expire 3 lines
03-11 07:24:14.623 26372 26372 E ActivityThread: Failed to find provider info for com.sec.badge
03-11 07:24:15.939 26372 26372 W MIUI-BLOCK-MONITOR: The msg { when=-8ms what=110 obj=AppBindData{appInfo=ApplicationInfo{18a7c30 com.teslacoilsw.notifier}} target=android.app.ActivityThread$H planTime=1489213452049 dispatchTime=1489213452057 finishTime=0 } took 3885ms and took 3877ms after dispatch.
03-11 07:24:15.978  3834  6314 I chatty  : uid=1000(system) Binder:3834_8 expire 7 lines
03-11 07:24:17.402  3834  6422 I chatty  : uid=1000(system) Binder:3834_F expire 2 lines
03-11 07:24:17.753 26526 26579 D ActivityThread: Loading provider com.google.android.gmail.provider;com.android.mail.notifier;com.google.android.gm.email.provider;com.google.android.gm.tasks.provider;com.google.android.gm.email.notifier: com.android.email.provider.EmailProvider
03-11 07:24:36.351 26760 26760 I chatty  : uid=1000(system) com.android.settings expire 4 lines
03-11 07:24:36.426 26760 26808 I chatty  : uid=1000(system) android.bg expire 1 line
03-11 07:24:56.612 26933 26933 I chatty  : uid=1000(system) com.qualcomm.qti.modemtestmode expire 3 lines
03-11 07:25:35.962  7248  7248 W MIUI-BLOCK-MONITOR: The msg { when=-1ms what=115 obj=ServiceArgsData{token=android.os.BinderProxy@64565c0 startId=344 args=Intent { act=com.google.android.location.reporting.ACTION_LOCATION cmp=com.google.android.gms/com.google.android.location.reporting.service.DispatchingService (has extras) }} target=android.app.ActivityThread$H planTime=0 dispatchTime=0 finishTime=0 } took 0ms and took 1489213535962ms after dispatch.
03-11 07:26:40.155  3834  3860 I chatty  : uid=1000(system) Binder:3834_1 expire 1 line
03-11 07:26:41.779   405   417 I Ext4Crypt: ext4 crypto complete called on /data
03-11 07:26:41.781   405   417 I Ext4Crypt: No master key, so not ext4enc
03-11 07:26:41.783  3834  4668 I chatty  : uid=1000(system) CryptdConnector expire 2 lines
03-11 07:26:41.784  3834  5923 I chatty  : uid=1000(system) Binder:3834_7 expire 2 lines
03-11 07:26:41.785   405   417 D VoldCryptCmdListener: cryptfs getpwtype
03-11 07:26:41.785   405   417 I Ext4Crypt: ext4 crypto complete called on /data
03-11 07:26:41.785   405   417 I Ext4Crypt: No master key, so not ext4enc
03-11 07:26:43.020  3834  6404 I chatty  : uid=1000(system) Binder:3834_E expire 2 lines
03-11 07:27:32.394  3834  3861 I chatty  : uid=1000(system) Binder:3834_2 expire 3 lines
03-11 07:27:32.585  3834  6322 I chatty  : uid=1000(system) Binder:3834_9 expire 5 lines
03-11 07:27:32.705  3834  3866 I chatty  : uid=1000(system) ActivityManager expire 10 lines
03-11 07:27:33.978 27228 27228 I chatty  : uid=1000(system) com.miui.sysbase expire 15 lines
03-11 07:27:33.999  3834  6389 I chatty  : uid=1000(system) Binder:3834_B expire 5 lines
03-11 07:27:34.005  3834  6401 I chatty  : uid=1000(system) Binder:3834_C expire 5 lines
03-11 07:27:34.007  3834  5472 I chatty  : uid=1000(system) ConnectivitySer expire 24 lines
03-11 07:27:35.408  3834  6422 I chatty  : uid=1000(system) Binder:3834_F expire 6 lines
03-11 07:27:35.416  3834  3861 I chatty  : uid=1000(system) Binder:3834_2 expire 4 lines
03-11 07:27:35.421  3834  5916 I chatty  : uid=1000(system) Binder:3834_5 expire 6 lines
03-11 07:27:35.432  3834  6314 I chatty  : uid=1000(system) Binder:3834_8 expire 3 lines
03-11 07:27:35.440  3834  6344 I chatty  : uid=1000(system) Binder:3834_A expire 6 lines
03-11 07:27:35.473  3834  5923 I chatty  : uid=1000(system) Binder:3834_7 expire 2 lines
03-11 07:27:35.601  3834  5530 I chatty  : uid=1000(system) Binder:3834_3 expire 3 lines
03-11 07:27:35.752  3834  5919 I chatty  : uid=1000(system) Binder:3834_6 expire 1 line
03-11 07:27:36.371  3834  6423 I chatty  : uid=1000(system) Binder:3834_10 expire 3 lines
03-11 07:27:36.461  3834  3834 I chatty  : uid=1000 system_server expire 7 lines
03-11 07:27:40.824  3834  6402 I chatty  : uid=1000(system) Binder:3834_D expire 3 lines
03-11 07:27:40.883 26760 26760 I chatty  : uid=1000(system) com.android.settings expire 6 lines
03-11 07:27:40.948   405   417 I Ext4Crypt: ext4 crypto complete called on /data
03-11 07:27:40.949   405   417 I Ext4Crypt: No master key, so not ext4enc
03-11 07:27:40.949  3834  4668 I chatty  : uid=1000(system) CryptdConnector expire 4 lines
03-11 07:27:40.950   405   417 D VoldCryptCmdListener: cryptfs getpwtype
03-11 07:27:40.950   405   417 I Ext4Crypt: ext4 crypto complete called on /data
03-11 07:27:40.950   405   417 I Ext4Crypt: No master key, so not ext4enc
03-11 07:27:43.076  7248  7248 W MIUI-BLOCK-MONITOR: The msg null took 1ms and took 1489213663076ms after dispatch.
03-11 07:27:50.629  3834  3860 I chatty  : uid=1000(system) Binder:3834_1 expire 5 lines
03-11 07:27:50.683  5783  5783 I chatty  : uid=1000(system) com.android.systemui expire 1 line
03-11 07:27:51.043  5783  5836 I chatty  : uid=1000(system) local_job_dispa expire 1 line
03-11 07:28:54.165 27428 27428 W MIUI-BLOCK-MONITOR: The msg { when=-1ms what=1 obj=android.os.AsyncTask$AsyncTaskResult@e025a2d target=android.os.AsyncTask$InternalHandler planTime=1489213730738 dispatchTime=1489213730740 finishTime=0 } took 3427ms and took 3425ms after dispatch.
03-11 07:28:56.267  3834  5472 I chatty  : uid=1000(system) ConnectivitySer expire 56 lines
03-11 07:29:42.165  3834  6404 I chatty  : uid=1000(system) Binder:3834_E expire 2 lines
03-11 07:29:46.275  7248  7248 W MIUI-BLOCK-MONITOR: The msg null took 4ms and took 1489213786275ms after dispatch.
03-11 07:31:43.380  7248  7248 W MIUI-BLOCK-MONITOR: The msg null took 0ms and took 1489213903380ms after dispatch.
03-11 07:31:45.782  7248  7248 W MIUI-BLOCK-MONITOR: The msg null took 0ms and took 1489213905782ms after dispatch.
03-11 07:32:35.279  3834  5472 I chatty  : uid=1000(system) ConnectivitySer expire 3 lines
03-11 07:32:36.788  6674  6674 I chatty  : uid=1000(system) com.miui.securitycenter.remote expire 4 lines
03-11 07:32:37.112  3834  5471 I chatty  : uid=1000(system) WifiService expire 1 line
03-11 07:32:37.438 27228 27228 I chatty  : uid=1000(system) com.miui.sysbase expire 2 lines
03-11 07:32:50.122   405   417 I Ext4Crypt: ext4 crypto complete called on /data
03-11 07:32:50.122   405   417 I Ext4Crypt: No master key, so not ext4enc
03-11 07:32:50.126   405   417 D VoldCryptCmdListener: cryptfs getpwtype
03-11 07:32:50.126   405   417 I Ext4Crypt: ext4 crypto complete called on /data
03-11 07:32:50.126   405   417 I Ext4Crypt: No master key, so not ext4enc
03-11 07:33:15.727  5783  5836 I chatty  : uid=1000(system) local_job_dispa expire 3 lines
03-11 07:33:15.767 26760 26760 I chatty  : uid=1000(system) com.android.settings expire 13 lines
03-11 07:33:17.982  3834  6422 I chatty  : uid=1000(system) Binder:3834_F expire 8 lines
03-11 07:33:18.529  3834  6314 I chatty  : uid=1000(system) Binder:3834_8 expire 8 lines
03-11 07:33:18.613  3834  5915 I chatty  : uid=1000(system) Binder:3834_4 expire 7 lines
03-11 07:33:37.392  3834  6322 I chatty  : uid=1000(system) Binder:3834_9 expire 5 lines
03-11 07:33:37.406  3834  3860 I chatty  : uid=1000(system) Binder:3834_1 expire 2 lines
03-11 07:33:37.775  3834  5916 I chatty  : uid=1000(system) Binder:3834_5 expire 6 lines
03-11 07:33:37.780  3834  6401 I chatty  : uid=1000(system) Binder:3834_C expire 4 lines
03-11 07:34:42.098  3834  5530 I chatty  : uid=1000(system) Binder:3834_3 expire 9 lines
03-11 07:35:19.118  3834  3861 I chatty  : uid=1000(system) Binder:3834_2 expire 3 lines
03-11 07:36:47.821  3834  6344 I chatty  : uid=1000(system) Binder:3834_A expire 6 lines
03-11 07:39:41.425  3834  3834 I chatty  : uid=1000 system_server expire 16 lines
03-11 07:40:08.918  3834  6404 I chatty  : uid=1000(system) Binder:3834_E expire 5 lines
03-11 07:40:48.615 26372 26372 W MIUI-BLOCK-MONITOR: The msg { when=-1ms what=113 obj=ReceiverData{intent=Intent { act=android.intent.action.BADGE_COUNT_UPDATE flg=0x10 cmp=com.teslacoilsw.notifier/.Receiver (has extras) } packageName=com.teslacoilsw.notifier resultCode=-1 resultData=null resultExtras=null} target=android.app.ActivityThread$H planTime=1489214436391 dispatchTime=1489214436392 finishTime=0 } took 12218ms and took 12217ms after dispatch.
03-11 07:40:51.290  3834  6402 I chatty  : uid=1000(system) Binder:3834_D expire 4 lines
03-11 07:40:51.298  3834  6423 I chatty  : uid=1000(system) Binder:3834_10 expire 7 lines
03-11 07:40:51.448  3834  5923 I chatty  : uid=1000(system) Binder:3834_7 expire 4 lines
03-11 07:40:52.686  5783  5783 I chatty  : uid=1000(system) com.android.systemui expire 1 line
03-11 07:41:25.652 26760 26760 I chatty  : uid=1000(system) com.android.settings expire 13 lines
03-11 07:41:25.710  7248  7248 W MIUI-BLOCK-MONITOR: The msg null took 0ms and took 1489214485710ms after dispatch.
03-11 07:41:25.917  7248  7248 E ActivityThread: Service com.google.android.location.places.service.PlaceDetectionAsyncService has leaked IntentReceiver amth@1d6ea7d that was originally registered here. Are you missing a call to unregisterReceiver()?
03-11 07:41:25.917  7248  7248 E ActivityThread: android.app.IntentReceiverLeaked: Service com.google.android.location.places.service.PlaceDetectionAsyncService has leaked IntentReceiver amth@1d6ea7d that was originally registered here. Are you missing a call to unregisterReceiver()?
03-11 07:41:25.917  7248  7248 E ActivityThread: 	at android.app.LoadedApk$ReceiverDispatcher.<init>(LoadedApk.java:920)
03-11 07:41:25.917  7248  7248 E ActivityThread: 	at android.app.LoadedApk.getReceiverDispatcher(LoadedApk.java:721)
03-11 07:41:25.917  7248  7248 E ActivityThread: 	at android.app.ContextImpl.registerReceiverInternal(ContextImpl.java:1182)
03-11 07:41:25.917  7248  7248 E ActivityThread: 	at android.app.ContextImpl.registerReceiver(ContextImpl.java:1162)
03-11 07:41:25.917  7248  7248 E ActivityThread: 	at android.content.ContextWrapper.registerReceiver(ContextWrapper.java:571)
03-11 07:41:25.917  7248  7248 E ActivityThread: 	at android.content.ContextWrapper.registerReceiver(ContextWrapper.java:571)
03-11 07:41:25.917  7248  7248 E ActivityThread: 	at android.content.ContextWrapper.registerReceiver(ContextWrapper.java:571)
03-11 07:41:25.917  7248  7248 E ActivityThread: 	at android.content.ContextWrapper.registerReceiver(ContextWrapper.java:571)
03-11 07:41:25.917  7248  7248 E ActivityThread: 	at amrb.run(:com.google.android.gms:4414)
03-11 07:41:25.917  7248  7248 E ActivityThread: 	at android.os.Handler.handleCallback(Handler.java:742)
03-11 07:41:25.917  7248  7248 E ActivityThread: 	at android.os.Handler.dispatchMessage(Handler.java:95)
03-11 07:41:25.917  7248  7248 E ActivityThread: 	at android.os.Looper.loop(Looper.java:154)
03-11 07:41:25.917  7248  7248 E ActivityThread: 	at android.os.HandlerThread.run(HandlerThread.java:61)
03-11 07:41:26.173  7248  7248 W MIUI-BLOCK-MONITOR: The msg null took 1ms and took 1489214486173ms after dispatch.
