03-11 12:30:14.673  6674  6674 W ContextImpl: Calling a method in the system process without a qualified user: android.app.ContextImpl.startService:1231 android.content.ContextWrapper.startService:591 android.content.ContextWrapper.startService:591 com.miui.powercenter.bootshutdown.a.br:-1 com.miui.powercenter.provider.DateResetReceiver.bR:-1 
03-11 12:30:14.729  3834  6322 I ActivityManager: Start proc 23056:com.miui.cloudservice/u0a48 for broadcast com.miui.cloudservice/.alipay.provision.EventReceiver
03-11 12:30:15.186  3834  6404 I ActivityManager: Start proc 23073:com.qualcomm.timeservice/1000 for broadcast com.qualcomm.timeservice/.TimeServiceBroadcastReceiver
03-11 12:30:15.449  3834  3860 I ActivityManager: Killing 22234:com.miui.cloudservice:sync/u0a48 (adj 15): empty #17
03-11 12:30:15.529  3834  5923 D ActivityManager: cleanUpApplicationRecord -- 22234
03-11 12:30:15.549  3834  6344 D WifiService: acquireWifiLockLocked: WifiLock{NlpWifiLock type=2 binder=android.os.BinderProxy@f42e2a8}
03-11 12:30:15.590  5783  5836 W ContextImpl: Calling a method in the system process without a qualified user: android.app.ContextImpl.bindService:1295 android.content.ContextWrapper.bindService:614 com.xiaomi.mistatistic.sdk.controller.LocalEventRecorder.a:90 com.xiaomi.mistatistic.sdk.controller.LocalEventRecorder.b:70 com.xiaomi.mistatistic.sdk.controller.LocalEventRecorder.a:25 
03-11 12:30:18.886  3834  6402 D WifiService: releaseWifiLockLocked: WifiLock{NlpWifiLock type=2 binder=android.os.BinderProxy@f42e2a8}
03-11 12:30:35.555  3834  6322 D WifiService: acquireWifiLockLocked: WifiLock{NlpWifiLock type=2 binder=android.os.BinderProxy@250a514}
03-11 12:30:38.919  3834  5915 D WifiService: releaseWifiLockLocked: WifiLock{NlpWifiLock type=2 binder=android.os.BinderProxy@250a514}
03-11 12:30:43.603  3834  3865 I ActivityManager: Start proc 23191:com.miui.cloudservice:sync/u0a48 for service com.miui.cloudservice/.calllog.CallLogSyncService
03-11 12:30:45.793  3834  6422 I ActivityManager: Start proc 23245:com.miui.gallery/u0a24 for content provider com.miui.gallery/.provider.GalleryProvider
03-11 12:30:45.801  3834  5530 I ActivityManager: Killing 21400:com.miui.yellowpage/u0a9 (adj 15): empty #17
03-11 12:30:45.908  3834  5923 D ActivityManager: cleanUpApplicationRecord -- 21400
03-11 12:30:46.267  3834  6344 I ActivityManager: Killing 18427:com.google.process.gapps/u0a15 (adj 15): empty #17
03-11 12:30:46.281  5783  5836 W ContextImpl: Calling a method in the system process without a qualified user: android.app.ContextImpl.bindService:1295 android.content.ContextWrapper.bindService:614 com.xiaomi.mistatistic.sdk.controller.LocalEventRecorder.a:90 com.xiaomi.mistatistic.sdk.controller.LocalEventRecorder.b:70 com.xiaomi.mistatistic.sdk.controller.LocalEventRecorder.a:25 
03-11 12:30:46.348  3834  3860 D ActivityManager: cleanUpApplicationRecord -- 18427
03-11 12:30:55.032  3834  3861 V LocationPolicy: writePolicyLocked()
03-11 12:30:55.564  3834  6322 D WifiService: acquireWifiLockLocked: WifiLock{NlpWifiLock type=2 binder=android.os.BinderProxy@250a514}
03-11 12:30:58.268  5783  5836 W ContextImpl: Calling a method in the system process without a qualified user: android.app.ContextImpl.bindService:1295 android.content.ContextWrapper.bindService:614 com.xiaomi.mistatistic.sdk.controller.LocalEventRecorder.a:90 com.xiaomi.mistatistic.sdk.controller.LocalEventRecorder.b:70 com.xiaomi.mistatistic.sdk.controller.LocalEventRecorder.a:25 
03-11 12:30:58.959  3834  6322 D WifiService: releaseWifiLockLocked: WifiLock{NlpWifiLock type=2 binder=android.os.BinderProxy@250a514}
03-11 12:31:15.573  3834  6404 D WifiService: acquireWifiLockLocked: WifiLock{NlpWifiLock type=2 binder=android.os.BinderProxy@250a514}
03-11 12:31:18.951  3834  3861 D WifiService: releaseWifiLockLocked: WifiLock{NlpWifiLock type=2 binder=android.os.BinderProxy@250a514}
03-11 12:31:35.582  3834  5919 D WifiService: acquireWifiLockLocked: WifiLock{NlpWifiLock type=2 binder=android.os.BinderProxy@250a514}
03-11 12:31:38.915  3834  3860 D WifiService: releaseWifiLockLocked: WifiLock{NlpWifiLock type=2 binder=android.os.BinderProxy@250a514}
03-11 12:31:55.588  3834  6322 D WifiService: acquireWifiLockLocked: WifiLock{NlpWifiLock type=2 binder=android.os.BinderProxy@250a514}
03-11 12:31:58.941  3834  5915 D WifiService: releaseWifiLockLocked: WifiLock{NlpWifiLock type=2 binder=android.os.BinderProxy@250a514}
03-11 12:32:15.598  3834  5919 D WifiService: acquireWifiLockLocked: WifiLock{NlpWifiLock type=2 binder=android.os.BinderProxy@250a514}
03-11 12:32:18.941  7248  7248 W MIUI-BLOCK-MONITOR: The msg null took 2ms and took 1489231938941ms after dispatch.
03-11 12:32:18.942  3834  6314 D WifiService: releaseWifiLockLocked: WifiLock{NlpWifiLock type=2 binder=android.os.BinderProxy@250a514}
03-11 12:32:35.607  3834  5919 D WifiService: acquireWifiLockLocked: WifiLock{NlpWifiLock type=2 binder=android.os.BinderProxy@250a514}
03-11 12:32:38.972  3834  5916 D WifiService: releaseWifiLockLocked: WifiLock{NlpWifiLock type=2 binder=android.os.BinderProxy@250a514}
03-11 12:32:55.615  3834  6423 D WifiService: acquireWifiLockLocked: WifiLock{NlpWifiLock type=2 binder=android.os.BinderProxy@250a514}
03-11 12:32:58.988  3834  6423 D WifiService: releaseWifiLockLocked: WifiLock{NlpWifiLock type=2 binder=android.os.BinderProxy@250a514}
03-11 12:33:15.054  3834  3834 D ConnectivityService: requestNetwork for Request from uid/pid:1000/3834 for NetworkRequest [ id=91, legacyType=3, [ Transports: CELLULAR Capabilities: SUPL&NOT_RESTRICTED&TRUSTED&NOT_VPN] ]
03-11 12:33:15.621  3834  5530 D WifiService: acquireWifiLockLocked: WifiLock{NlpWifiLock type=2 binder=android.os.BinderProxy@250a514}
03-11 12:33:16.008  3834  5472 D ConnectivityService: releasing NetworkRequest NetworkRequest [ id=91, legacyType=3, [ Transports: CELLULAR Capabilities: SUPL&NOT_RESTRICTED&TRUSTED&NOT_VPN] ]
03-11 12:33:17.186 22712 22712 W ContextImpl: Calling a method in the system process without a qualified user: android.app.ContextImpl.startService:1231 android.content.ContextWrapper.startService:591 android.content.ContextWrapper.startService:591 android.support.v4.content.WakefulBroadcastReceiver.startWakefulService:89 com.miui.cloudservice.sysbase.service.SimStateMonitorService.notifyTelephonyStateChange:60 
03-11 12:33:17.618  3834  3861 I ActivityManager: Process com.android.email (pid 22393) has died
03-11 12:33:17.618  3834  3861 D ActivityManager: cleanUpApplicationRecord -- 22393
03-11 12:33:17.680  3834  5915 D ConnectivityService: setProvNotificationVisible: E visible=false networkType=0 action=com.android.internal.telephony.PROVISION0
03-11 12:33:17.681  3834  5915 D ConnectivityService: setProvNotificationVisibleIntent SIGN_IN visible=false networkType=MOBILE extraInfo=null highPriority=false
03-11 12:33:17.689  3834  6314 D ConnectivityService: registerNetworkAgent NetworkAgentInfo{ ni{[type: MOBILE[UMTS], state: CONNECTED/CONNECTED, reason: connected, extra: internet, roaming: false, failover: false, isAvailable: true]}  network{141}  lp{{InterfaceName: rmnet_data0 LinkAddresses: [46.76.255.216/28,]  Routes: [0.0.0.0/0 -> 46.76.255.217 rmnet_data0,] DnsAddresses: [212.2.96.53,212.2.96.54,] Domains: null MTU: 1500 TcpBufferSizes: 4094,87380,1220608,4096,16384,1220608}}  nc{[ Transports: CELLULAR Capabilities: SUPL&INTERNET&NOT_RESTRICTED&TRUSTED&NOT_VPN LinkUpBandwidth>=384Kbps LinkDnBandwidth>=384Kbps Specifier: <4>]}  Score{10}  everValidated{false}  lastValidated{false}  created{false} lingering{false} explicitlySelected{false} acceptUnvalidated{false} everCaptivePortalDetected{false} lastCaptivePortalDetected{false} }
03-11 12:33:17.690  3834  5472 D ConnectivityService: NetworkAgentInfo [MOBILE (UMTS) - 141] EVENT_NETWORK_INFO_CHANGED, going from null to CONNECTED
03-11 12:33:17.692  3834  5472 D ConnectivityService: Adding iface rmnet_data0 to network 141
03-11 12:33:17.703  3834  5915 I ActivityManager: Process com.android.vending (pid 22503) has died
03-11 12:33:17.703  3834  5915 D ActivityManager: cleanUpApplicationRecord -- 22503
03-11 12:33:17.726  3834  5472 D ConnectivityService: Setting MTU size: rmnet_data0, 1500
03-11 12:33:17.728  3834  5472 D ConnectivityService: Adding Route [0.0.0.0/0 -> 46.76.255.217 rmnet_data0] to network 141
03-11 12:33:17.729  3834  5472 D ConnectivityService: Setting Dns servers for network 141 to [/212.2.96.53, /212.2.96.54]
03-11 12:33:17.770  3834  5472 D ConnectivityService: notifyType IP_CHANGED for NetworkAgentInfo [MOBILE (UMTS) - 141]
03-11 12:33:17.790  3834  5472 D ConnectivityService: scheduleUnvalidatedPrompt 141
03-11 12:33:17.790  3834  5472 D ConnectivityService: updateSignalStrengthThresholds: CONNECT, sending [] to NetworkAgentInfo [MOBILE (UMTS) - 141]
03-11 12:33:17.795  3834  5472 D ConnectivityService: Reaping NetworkAgentInfo [MOBILE (UMTS) - 141]
03-11 12:33:17.795  3834  5472 D ConnectivityService: notifyType PRECHECK for NetworkAgentInfo [MOBILE (UMTS) - 141]
03-11 12:33:17.798  3834  5472 D ConnectivityService: setProvNotificationVisibleIntent null visible=false networkType=MOBILE extraInfo=null highPriority=false
03-11 12:33:17.800  3834  5472 D ConnectivityService: NetworkAgentInfo [MOBILE (UMTS) - 141] validation  passed
03-11 12:33:17.800  3834  5472 D ConnectivityService: Reaping NetworkAgentInfo [MOBILE (UMTS) - 141]
03-11 12:33:17.801  3834  5472 D ConnectivityService: notifyType CAP_CHANGED for NetworkAgentInfo [MOBILE (UMTS) - 141]
03-11 12:33:17.805  3834  5472 D ConnectivityService: NetworkAgentInfo [MOBILE (UMTS) - 141] got DISCONNECTED, was satisfying 7
03-11 12:33:17.826  3834  5472 D ConnectivityService: notifyType LOST for NetworkAgentInfo [MOBILE (UMTS) - 141]
03-11 12:33:17.887  3834  5472 E ConnectivityService: EVENT_NETWORK_INFO_CHANGED from unknown NetworkAgent
03-11 12:33:18.093 22712 22712 W ContextImpl: Calling a method in the system process without a qualified user: android.app.ContextImpl.startService:1231 android.content.ContextWrapper.startService:591 android.content.ContextWrapper.startService:591 android.support.v4.content.WakefulBroadcastReceiver.startWakefulService:89 com.miui.cloudservice.sysbase.service.SimStateMonitorService.notifyTelephonyStateChange:60 
03-11 12:33:18.279  3834  6344 I ActivityManager: Process com.android.incallui (pid 22407) has died
03-11 12:33:18.279  3834  6344 D ActivityManager: cleanUpApplicationRecord -- 22407
03-11 12:33:18.281  3834  6401 I ActivityManager: Process com.android.fileexplorer (pid 22421) has died
03-11 12:33:18.281  3834  6401 D ActivityManager: cleanUpApplicationRecord -- 22421
03-11 12:33:18.975  3834  3861 D WifiService: releaseWifiLockLocked: WifiLock{NlpWifiLock type=2 binder=android.os.BinderProxy@250a514}
03-11 12:33:25.799  3834  5472 D ConnectivityService: handlePromptUnvalidated 141
03-11 12:33:35.628  3834  5919 D WifiService: acquireWifiLockLocked: WifiLock{NlpWifiLock type=2 binder=android.os.BinderProxy@250a514}
03-11 12:33:38.950  3834  6402 D WifiService: releaseWifiLockLocked: WifiLock{NlpWifiLock type=2 binder=android.os.BinderProxy@250a514}
03-11 12:33:55.636  3834  5530 D WifiService: acquireWifiLockLocked: WifiLock{NlpWifiLock type=2 binder=android.os.BinderProxy@250a514}
03-11 12:33:58.994  3834  5923 D WifiService: releaseWifiLockLocked: WifiLock{NlpWifiLock type=2 binder=android.os.BinderProxy@250a514}
03-11 12:34:15.644  3834  5916 D WifiService: acquireWifiLockLocked: WifiLock{NlpWifiLock type=2 binder=android.os.BinderProxy@250a514}
03-11 12:34:19.003  3834  5915 D WifiService: releaseWifiLockLocked: WifiLock{NlpWifiLock type=2 binder=android.os.BinderProxy@250a514}
03-11 12:34:35.651  3834  6389 D WifiService: acquireWifiLockLocked: WifiLock{NlpWifiLock type=2 binder=android.os.BinderProxy@250a514}
03-11 12:34:38.995  3834  6401 D WifiService: releaseWifiLockLocked: WifiLock{NlpWifiLock type=2 binder=android.os.BinderProxy@250a514}
03-11 12:34:55.659  3834  3860 D WifiService: acquireWifiLockLocked: WifiLock{NlpWifiLock type=2 binder=android.os.BinderProxy@250a514}
03-11 12:34:56.133  3834  3873 I PowerManagerService: Going to sleep due to screen timeout (uid 1000)...
03-11 12:34:56.139  3834  3834 I WindowManager: Started going to sleep... (why=3)
03-11 12:34:56.347  3834  3873 I WindowManager: Screen turned off...
03-11 12:34:56.348  3834  3873 E ActivityManager: Invalid thumbnail dimensions: 0x0
03-11 12:34:56.409  3834  3873 I ActivityManager: Start proc 23927:com.android.camera/u0a23 for service com.android.camera/.EmptyService
03-11 12:34:56.413  3834  5509 D LocalDisplayAdapter: setDisplayState(id=0, state=OFF)
03-11 12:34:56.414  3834  3871 I DisplayManagerService: Display device changed state: "Wbudowany ekran", OFF
03-11 12:34:56.499  5783  5783 W ContextImpl: Calling a method in the system process without a qualified user: android.app.ContextImpl.bindService:1295 android.content.ContextWrapper.bindService:614 android.content.ContextWrapper.bindService:614 miui.maml.elements.MusicController.registerListener:70 miui.maml.elements.MusicControlScreenElement.init:691 
03-11 12:34:56.666  3834  3860 I ActivityManager: Start proc 23941:com.miui.home/u0a25 for content provider com.miui.home/.launcher.LauncherProvider
03-11 12:34:56.667  3834  6389 I ActivityManager: Process org.test.aprojekt (pid 22783) has died
03-11 12:34:56.667  3834  6389 D ActivityManager: cleanUpApplicationRecord -- 22783
03-11 12:34:56.675  3834  3873 W DreamManagerService: Dream ComponentInfo{com.android.systemui/com.android.systemui.doze.DozeService} does not exist
03-11 12:34:56.676  3834  3873 I PowerManagerService: Sleeping (uid 1000)...
03-11 12:34:56.680  3834  3834 I WindowManager: Finished going to sleep... (why=3)
03-11 12:34:56.689  3834  6322 I ActivityManager: Process com.android.deskclock (pid 22987) has died
03-11 12:34:56.689  3834  6322 D ActivityManager: cleanUpApplicationRecord -- 22987
03-11 12:34:56.708  3834  6389 I ActivityManager: Process com.miui.backup (pid 23012) has died
03-11 12:34:56.708  3834  6389 D ActivityManager: cleanUpApplicationRecord -- 23012
03-11 12:34:56.860  3834  3866 W ActivityManager: Activity pause timeout for ActivityRecord{9100bdd u0 org.test.aprojekt/org.renpy.android.PythonActivity t3514}
03-11 12:34:56.882  3834  6389 I ActivityManager: Process com.android.providers.calendar (pid 22940) has died
03-11 12:34:56.882  3834  6389 D ActivityManager: cleanUpApplicationRecord -- 22940
03-11 12:34:57.659  3834  5530 I ActivityManager: Start proc 23968:com.mfashiongallery.emag/u0a114 for content provider com.mfashiongallery.emag/.LockscreenMagazineProvider
03-11 12:34:57.895  3834  3834 V LocationPolicy: Screen state changed
03-11 12:34:58.098  3834  3866 I ActivityManager: Start proc 23991:com.google.android.apps.maps/u0a70 for broadcast com.google.android.apps.maps/com.google.android.apps.gmm.navigation.service.detection.ActivityRecognitionReceiver
03-11 12:34:58.302  5783  5836 W ContextImpl: Calling a method in the system process without a qualified user: android.app.ContextImpl.bindService:1295 android.content.ContextWrapper.bindService:614 com.xiaomi.mistatistic.sdk.controller.LocalEventRecorder.a:90 com.xiaomi.mistatistic.sdk.controller.LocalEventRecorder.b:70 com.xiaomi.mistatistic.sdk.controller.LocalEventRecorder.a:25 
03-11 12:34:58.984  3834  5923 D WifiService: releaseWifiLockLocked: WifiLock{NlpWifiLock type=2 binder=android.os.BinderProxy@250a514}
03-11 12:34:59.792  3834  5471 D WifiService: New client listening to asynchronous messages
03-11 12:34:59.865  3834  3871 W WindowManager: Window freeze timeout expired.
03-11 12:34:59.878  3834  3871 W WindowManager: Force clearing orientation change: Window{75bec2b u0 org.test.aprojekt/org.renpy.android.PythonActivity}
03-11 12:34:59.914  3834  6389 I ActivityManager: Start proc 24036:com.google.process.gapps/u0a15 for content provider com.google.android.gsf/.gservices.GservicesProvider
03-11 12:35:00.224  3834  5919 I SyncSecurityInjector: Permit sync control for account Account {name=danieljaskolski768@gmail.com, type=com.google} by pid 24036. OTHER ACCOUNT. 
03-11 12:35:01.299  3834  6402 D CryptdConnector: SND -> {194 cryptfs cryptocomplete}
03-11 12:35:01.300   405   417 I Ext4Crypt: ext4 crypto complete called on /data
03-11 12:35:01.300   405   417 I Ext4Crypt: No master key, so not ext4enc
03-11 12:35:01.302  3834  4668 D CryptdConnector: RCV <- {200 194 0}
03-11 12:35:01.302  3834  6402 D CryptdConnector: SND -> {195 cryptfs getpwtype}
03-11 12:35:01.304   405   417 D VoldCryptCmdListener: cryptfs getpwtype
03-11 12:35:01.304   405   417 I Ext4Crypt: ext4 crypto complete called on /data
03-11 12:35:01.305   405   417 I Ext4Crypt: No master key, so not ext4enc
03-11 12:35:01.305  3834  4668 D CryptdConnector: RCV <- {213 195 default}
03-11 12:35:06.867  3834  3866 W ActivityManager: Activity stop timeout for ActivityRecord{9100bdd u0 org.test.aprojekt/org.renpy.android.PythonActivity t3514}
03-11 12:35:15.670  3834  5923 D WifiService: acquireWifiLockLocked: WifiLock{NlpWifiLock type=2 binder=android.os.BinderProxy@250a514}
03-11 12:35:19.341  3834  5916 D WifiService: releaseWifiLockLocked: WifiLock{NlpWifiLock type=2 binder=android.os.BinderProxy@250a514}
03-11 12:35:58.048  3834  6389 V LocationPolicy: writePolicyLocked()
03-11 12:37:39.697  3834  3865 I UsageStatsServiceInjector: appIdleParoleOn=false
03-11 12:38:27.292  3834  5472 D ConnectivityService: notifyType CAP_CHANGED for NetworkAgentInfo [WIFI () - 133]
03-11 12:38:27.396 26760 26760 W ContextImpl: Calling a method in the system process without a qualified user: android.app.ContextImpl.startService:1231 android.content.ContextWrapper.startService:591 android.content.ContextWrapper.startService:591 com.android.settings.MiuiSettingsReceiver.onReceive:154 android.app.ActivityThread.handleReceiver:2750 
03-11 12:38:27.418  3834  5916 I ActivityManager: Start proc 24261:com.android.htmlviewer/u0a61 for broadcast com.android.htmlviewer/com.android.settings.wifi.openwifi.OpenWifiReceiver
03-11 12:38:27.422  3834  5471 D WifiService: ClientHandler.handleMessage ignoring msg={ when=-1ms what=155553 obj=* ID: 6 SSID: domowa PROVIDER-NAME: null BSSID: 64:70:02:a9:82:52 FQDN: null PRIO: 13
03-11 12:38:27.422  3834  5471 D WifiService:  numAssociation 123
03-11 12:38:27.422  3834  5471 D WifiService:  validatedInternetAccess
03-11 12:38:27.422  3834  5471 D WifiService:  KeyMgmt: WPA_PSK Protocols: WPA RSN WAPI
03-11 12:38:27.422  3834  5471 D WifiService:  AuthAlgorithms:
03-11 12:38:27.422  3834  5471 D WifiService:  PairwiseCiphers: TKIP CCMP SMS4
03-11 12:38:27.422  3834  5471 D WifiService:  GroupCiphers: TKIP CCMP SMS4
03-11 12:38:27.422  3834  5471 D WifiService:  PSK: *
03-11 12:38:27.422  3834  5471 D WifiService:  sim_num *
03-11 12:38:27.422  3834  5471 D WifiService: Enterprise config:
03-11 12:38:27.422  3834  5471 D WifiService: password  *
03-11 12:38:27.422  3834  5471 D WifiService: client_cert NULL
03-11 12:38:27.422  3834  5471 D WifiService: engine 0
03-11 12:38:27.422  3834  5471 D WifiService: anonymous_identity NULL
03-11 12:38:27.422  3834  5471 D WifiService: identity  *
03-11 12:38:27.422  3834  5471 D WifiService: domain_suffix_match NULL
03-11 12:38:27.422  3834  5471 D WifiService: phase2 NULL
03-11 12:38:27.422  3834  5471 D WifiService: altsubject_match NULL
03-11 12:38:27.422  3834  5471 D WifiService: subject_match NULL
03-11 12:38:27.422  3834  5471 D WifiService: ca_cert NULL
03-11 12:38:27.422  3834  5471 D WifiService: phase1 NULL
03-11 12:38:27.422  3834  5471 D WifiService: key_id NULL
03-11 12:38:27.422  3834  5471 D WifiService: engine_id NULL
03-11 12:38:27.422  3834  5471 D WifiService: eap NULL
03-11 12:38:27.422  3834  5471 D WifiService: 
03-11 12:38:27.422  3834  5471 D WifiService: 
03-11 12:38:27.422  3834  5471 D WifiService: 
03-11 12:38:27.422  3834  5471 D WifiService: 
03-11 12:38:27.422  3834  5471 D WifiService:  WapiPskType: 0
03-11 12:38:27.422  3834  5471 D WifiService: IP config:
03-11 12:38:27.422  3834  5471 D WifiService: IP assignment: DHCP
03-11 12:38:27.422  3834  5471 D WifiService: Proxy settings: NONE
03-11 12:38:27.422  3834  5471 D WifiService:  autoJoinBSSID=any cuid=1000 cname=android.uid.system:1000 luid=1000 lname=android.uid.system:1000 lcuid=-1 userApproved=USER_APPROVED noInternetAccessExpected=false roamingFailureBlackListTimeMilli: 1000
03-11 12:38:27.422  3834  5471 D WifiService: triggeredLow: 0 triggeredBad: 0 triggeredNotHigh: 0
03-11 12:38:27.422  3834  5471 D WifiService: ticksLow: 0 ticksBad: 0 ticksNotHigh: 8
03-11 12:38:27.422  3834  5471 D WifiService: triggeredJoin: 0
03-11 12:38:27.422  3834  5471 D WifiService: autoJoinBailedDueToLowRssi: false
03-11 12:38:27.422  3834  5471 D WifiService: autoJoinUseAggressiveJoinAttemptThreshold: 0
03-11 12:38:27.422  3834  5471 D WifiService:  target=com.android.server.wifi.WifiServiceImpl$ClientHandler planTime=1489232307422 dispatchTime=1489232307422 finishTime=0 }
03-11 12:41:44.360  3834  3860 D WifiService: acquireWifiLockLocked: WifiLock{NlpWifiLock type=2 binder=android.os.BinderProxy@250a514}
03-11 12:41:44.470  3834  5465 I ActivityManager: Start proc 24391:com.miui.weather2/u0a36 for broadcast com.miui.weather2/.receiver.ReceiverUpdateWeather
03-11 12:41:47.901  3834  5919 D WifiService: releaseWifiLockLocked: WifiLock{NlpWifiLock type=2 binder=android.os.BinderProxy@250a514}
03-11 12:42:17.233 22712 22712 W ContextImpl: Calling a method in the system process without a qualified user: android.app.ContextImpl.startService:1231 android.content.ContextWrapper.startService:591 android.content.ContextWrapper.startService:591 android.support.v4.content.WakefulBroadcastReceiver.startWakefulService:89 com.miui.cloudservice.sysbase.service.SimStateMonitorService.notifyTelephonyStateChange:60 
03-11 12:42:17.605 22712 22712 W ContextImpl: Calling a method in the system process without a qualified user: android.app.ContextImpl.startService:1231 android.content.ContextWrapper.startService:591 android.content.ContextWrapper.startService:591 android.support.v4.content.WakefulBroadcastReceiver.startWakefulService:89 com.miui.cloudservice.sysbase.service.SimStateMonitorService.notifyTelephonyStateChange:60 
03-11 12:42:27.609 22712 22712 W ContextImpl: Calling a method in the system process without a qualified user: android.app.ContextImpl.startService:1231 android.content.ContextWrapper.startService:591 android.content.ContextWrapper.startService:591 android.support.v4.content.WakefulBroadcastReceiver.startWakefulService:89 com.miui.cloudservice.sysbase.service.SimStateMonitorService.notifyTelephonyStateChange:60 
03-11 12:42:28.082 22712 22712 W ContextImpl: Calling a method in the system process without a qualified user: android.app.ContextImpl.startService:1231 android.content.ContextWrapper.startService:591 android.content.ContextWrapper.startService:591 android.support.v4.content.WakefulBroadcastReceiver.startWakefulService:89 com.miui.cloudservice.sysbase.service.SimStateMonitorService.notifyTelephonyStateChange:60 
03-11 12:42:38.080 22712 22712 W ContextImpl: Calling a method in the system process without a qualified user: android.app.ContextImpl.startService:1231 android.content.ContextWrapper.startService:591 android.content.ContextWrapper.startService:591 android.support.v4.content.WakefulBroadcastReceiver.startWakefulService:89 com.miui.cloudservice.sysbase.service.SimStateMonitorService.notifyTelephonyStateChange:60 
03-11 12:42:38.561 22712 22712 W ContextImpl: Calling a method in the system process without a qualified user: android.app.ContextImpl.startService:1231 android.content.ContextWrapper.startService:591 android.content.ContextWrapper.startService:591 android.support.v4.content.WakefulBroadcastReceiver.startWakefulService:89 com.miui.cloudservice.sysbase.service.SimStateMonitorService.notifyTelephonyStateChange:60 
03-11 12:44:56.545  3834  4664 D BaseMiuiPhoneWindowManager: keyCode:26 down:true 23489696 23489696 policyFlags=2000000 deviceId:3 isScreenOn:false
03-11 12:44:56.550  3834  4664 D WindowManager: keyguardActive=true
03-11 12:44:56.576  3834  4664 I PowerManagerService: Waking up from sleep (uid 1000)...
03-11 12:44:56.576  3834  4664 D PowerManagerService: waking up from opPackageName = android reason is android.policy:POWER opUid = 1000
03-11 12:44:56.577  3834  3873 I DisplayPowerController: Blocking screen on until initial contents have been drawn.
03-11 12:44:56.577  3834  3873 I WindowManager: Screen turning on...
03-11 12:44:56.586  3834  3834 I WindowManager: Started waking up...
03-11 12:44:56.601  5783  7301 W ContextImpl: Calling a method in the system process without a qualified user: android.app.ContextImpl.bindService:1295 android.content.ContextWrapper.bindService:614 com.xiaomi.mistatistic.sdk.controller.LocalEventRecorder.a:90 com.xiaomi.mistatistic.sdk.controller.LocalEventRecorder.b:70 com.xiaomi.mistatistic.sdk.controller.LocalEventRecorder.a:25 
03-11 12:44:56.612  3834  5509 D LocalDisplayAdapter: setDisplayState(id=0, state=ON)
03-11 12:44:56.613  3834  3871 I DisplayManagerService: Display device changed state: "Wbudowany ekran", ON
03-11 12:44:56.643  5783  5783 D ProximitySensorWrapper: proximity distance: 5.000305
03-11 12:44:56.682  3834  4664 D BaseMiuiPhoneWindowManager: keyCode:26 down:false 23489849 23489696 policyFlags=22000000 deviceId:3 isScreenOn:true
03-11 12:44:56.682  3834  4664 D WindowManager: keyguardActive=true
03-11 12:44:56.683  3834  3834 W MIUI-BLOCK-MONITOR: The msg { when=-35ms callback=android.view.ViewRootImpl$4 target=android.view.ViewRootImpl$ViewRootHandler planTime=0 dispatchTime=1489232696680 finishTime=0 } took 0ms and took 1489232696683ms after dispatch.
03-11 12:44:56.700  3834  6422 D WindowManager: mKeyguardDelegate.ShowListener.onDrawn.
03-11 12:44:56.700  3834  3867 W WindowManager: Setting mKeyguardDrawComplete
03-11 12:44:56.861  5783  5783 D ProximitySensorWrapper: proximity distance: 5.000305
03-11 12:44:56.913  3834  3867 I WindowManager: Waiting for drawn Window{3848e11 u0 SurfaceView}: removed=false visible=true mHasSurface=true drawState=1
03-11 12:44:56.913  3834  3867 I WindowManager: Waiting for drawn Window{75bec2b u0 org.test.aprojekt/org.renpy.android.PythonActivity}: removed=false visible=true mHasSurface=true drawState=1
03-11 12:44:56.913  3834  3867 I WindowManager: Waiting for drawn Window{b355210 u0 Keyguard}: removed=false visible=true mHasSurface=true drawState=1
03-11 12:44:56.915  3834  3871 I WindowManager: Waiting for drawn Window{3848e11 u0 SurfaceView}: removed=false visible=true mHasSurface=true drawState=1
03-11 12:44:56.915  3834  3871 I WindowManager: Waiting for drawn Window{75bec2b u0 org.test.aprojekt/org.renpy.android.PythonActivity}: removed=false visible=true mHasSurface=true drawState=1
03-11 12:44:56.915  3834  3871 I WindowManager: Waiting for drawn Window{b355210 u0 Keyguard}: removed=false visible=true mHasSurface=true drawState=1
03-11 12:44:56.918  3834  3834 W MIUI-BLOCK-MONITOR: The msg null took 219ms and took 1489232696918ms after dispatch.
03-11 12:44:56.926  3834  3834 D ProximitySensorWrapper: proximity distance: 5.000305
03-11 12:44:56.935  3834 19085 E MQSEventManagerDelegate: failed to get MQSService.
03-11 12:44:56.944  3834  3871 I WindowManager: Waiting for drawn Window{3848e11 u0 SurfaceView}: removed=false visible=true mHasSurface=true drawState=1
03-11 12:44:56.945  3834  3871 I WindowManager: Waiting for drawn Window{75bec2b u0 org.test.aprojekt/org.renpy.android.PythonActivity}: removed=false visible=true mHasSurface=true drawState=1
03-11 12:44:56.945  3834  3871 I WindowManager: Waiting for drawn Window{b355210 u0 Keyguard}: removed=false visible=true mHasSurface=true drawState=4
03-11 12:44:56.945  3834  3871 D WindowManager: Window drawn win=Window{b355210 u0 Keyguard}
03-11 12:44:56.969  3834  3871 I WindowManager: Waiting for drawn Window{3848e11 u0 SurfaceView}: removed=false visible=true mHasSurface=true drawState=1
03-11 12:44:56.969  3834  3871 I WindowManager: Waiting for drawn Window{75bec2b u0 org.test.aprojekt/org.renpy.android.PythonActivity}: removed=false visible=true mHasSurface=true drawState=1
03-11 12:44:56.972  3834  3834 W MIUI-BLOCK-MONITOR: The msg null took 1ms and took 1489232696972ms after dispatch.
03-11 12:44:56.975  3834  5472 D ConnectivityService: notifyType CAP_CHANGED for NetworkAgentInfo [WIFI () - 133]
03-11 12:44:56.985  3834  3871 I WindowManager: Waiting for drawn Window{3848e11 u0 SurfaceView}: removed=false visible=true mHasSurface=true drawState=1
03-11 12:44:56.985  3834  3871 I WindowManager: Waiting for drawn Window{75bec2b u0 org.test.aprojekt/org.renpy.android.PythonActivity}: removed=false visible=true mHasSurface=true drawState=1
03-11 12:44:57.000  3834  3834 V LocationPolicy: Screen state changed
03-11 12:44:57.032  6674  6674 W ContextImpl: Calling a method in the system process without a qualified user: android.app.ContextImpl.sendBroadcast:773 android.content.ContextWrapper.sendBroadcast:406 com.miui.powercenter.provider.PowerSaveService.lg:-1 com.miui.powercenter.provider.PowerSaveService.c:-1 com.miui.powercenter.provider.f.onReceive:-1 
03-11 12:44:57.154  3834  6344 V LocationPolicy: writePolicyLocked()
03-11 12:44:57.232  3834  3834 I WindowManager: Waiting for drawn Window{3848e11 u0 SurfaceView}: removed=false visible=true mHasSurface=true drawState=1
03-11 12:44:57.232  3834  3834 I WindowManager: Waiting for drawn Window{75bec2b u0 org.test.aprojekt/org.renpy.android.PythonActivity}: removed=false visible=true mHasSurface=true drawState=1
03-11 12:44:57.914  3834  3871 W WindowManager: Timeout waiting for drawn: undrawn=[Window{75bec2b u0 org.test.aprojekt/org.renpy.android.PythonActivity}, Window{3848e11 u0 SurfaceView}]
03-11 12:44:57.914  3834  3871 I WindowManager: All windows ready for display!
03-11 12:44:57.915  3834  3867 W WindowManager: Setting mWindowManagerDrawComplete
03-11 12:44:57.932  3834  3867 D WindowManager: finishScreenTurningOn: mAwake=true, mScreenOnEarly=true, mScreenOnFully=false, mKeyguardDrawComplete=true, mWindowManagerDrawComplete=true
03-11 12:44:57.932  3834  3867 I WindowManager: Finished screen turning on...
03-11 12:44:57.932  3834  3873 I DisplayPowerController: Unblocked screen on after 1355 ms
03-11 12:44:57.934  3834  3834 I WindowManager: Finished waking up...
03-11 12:44:58.021  3834  4664 D BaseMiuiPhoneWindowManager: keyCode:26 down:true 23491188 23491188 policyFlags=22000000 deviceId:3 isScreenOn:true
03-11 12:44:58.022  3834  4664 D WindowManager: keyguardActive=true
03-11 12:44:58.145  3834  4664 D BaseMiuiPhoneWindowManager: keyCode:26 down:false 23491312 23491188 policyFlags=22000000 deviceId:3 isScreenOn:true
03-11 12:44:58.145  3834  4664 D WindowManager: keyguardActive=true
03-11 12:44:58.146  3834  4664 I PowerManagerService: Going to sleep due to power button (uid 1000)...
03-11 12:44:58.147  3834  3834 I WindowManager: Started going to sleep... (why=2)
03-11 12:44:58.228  3834  3873 I WindowManager: Screen turned off...
03-11 12:44:58.397  3834  6322 I ActivityManager: Process org.simalliance.openmobileapi.service:remote (pid 18391) has died
03-11 12:44:58.397  3834  6322 D ActivityManager: cleanUpApplicationRecord -- 18391
03-11 12:44:58.399  3834  6322 W ActivityManager: Scheduling restart of crashed service org.simalliance.openmobileapi.service/.SmartcardService in 1000ms
03-11 12:44:58.470  3834  5530 I ActivityManager: Process com.miui.cloudbackup (pid 23034) has died
03-11 12:44:58.470  3834  5530 D ActivityManager: cleanUpApplicationRecord -- 23034
03-11 12:44:58.475  3834  5509 D LocalDisplayAdapter: setDisplayState(id=0, state=OFF)
03-11 12:44:58.476  3834  3871 I DisplayManagerService: Display device changed state: "Wbudowany ekran", OFF
03-11 12:44:58.558  3834  6344 I ActivityManager: Process com.qualcomm.timeservice (pid 23073) has died
03-11 12:44:58.559  3834  6344 D ActivityManager: cleanUpApplicationRecord -- 23073
03-11 12:44:58.579  3834  4664 D BaseMiuiPhoneWindowManager: keyCode:26 down:true 23491747 23491747 policyFlags=2000000 deviceId:3 isScreenOn:false
03-11 12:44:58.580  3834  4664 D WindowManager: keyguardActive=true
03-11 12:44:58.585  3834  5916 I ActivityManager: Process com.android.calendar (pid 22925) has died
03-11 12:44:58.586  3834  5916 D ActivityManager: cleanUpApplicationRecord -- 22925
03-11 12:44:58.590  3834  4664 I PowerManagerService: Waking up from dozing (uid 1000)...
03-11 12:44:58.590  3834  4664 D PowerManagerService: waking up from opPackageName = android reason is android.policy:POWER opUid = 1000
03-11 12:44:58.591  3834  3873 I DisplayPowerController: Blocking screen on until initial contents have been drawn.
03-11 12:44:58.591  3834  3873 I WindowManager: Screen turning on...
03-11 12:44:58.593  3834  3834 I WindowManager: Finished going to sleep... (why=2)
03-11 12:44:58.597  3834  3834 I WindowManager: Started waking up...
03-11 12:44:58.600  5783  5783 D ProximitySensorWrapper: proximity distance: 5.000305
03-11 12:44:58.602  3834  3834 W MIUI-BLOCK-MONITOR: The msg null took 0ms and took 1489232698602ms after dispatch.
03-11 12:44:58.667  3834  5530 I ActivityManager: Process com.miui.cloudservice:sync (pid 23191) has died
03-11 12:44:58.667  3834  5530 D ActivityManager: cleanUpApplicationRecord -- 23191
03-11 12:44:58.741  3834  6401 I ActivityManager: Process com.miui.cloudservice (pid 23056) has died
03-11 12:44:58.742  3834  6401 D ActivityManager: cleanUpApplicationRecord -- 23056
03-11 12:44:58.748  3834  4664 D BaseMiuiPhoneWindowManager: keyCode:26 down:false 23491915 23491747 policyFlags=22000000 deviceId:3 isScreenOn:true
03-11 12:44:58.748  3834  4664 D WindowManager: keyguardActive=true
03-11 12:44:58.759  3834  5509 D LocalDisplayAdapter: setDisplayState(id=0, state=ON)
03-11 12:44:58.936  3834  6422 I ActivityManager: Process com.xiaomi.simactivate.service (pid 19727) has died
03-11 12:44:58.936  3834  6422 D ActivityManager: cleanUpApplicationRecord -- 19727
03-11 12:44:59.045  3834  3871 W WindowManager: Window freeze timeout expired.
03-11 12:44:59.046  3834  3871 W WindowManager: Force clearing orientation change: Window{ffdca67 u0 ScreenOnProximitySensorGuide}
03-11 12:44:59.046  3834  3871 W WindowManager: Force clearing orientation change: Window{75bec2b u0 org.test.aprojekt/org.renpy.android.PythonActivity}
03-11 12:44:59.046  3834  3871 W WindowManager: Force clearing orientation change: Window{3848e11 u0 SurfaceView}
03-11 12:44:59.046  5783  5783 D ProximitySensorWrapper: proximity distance: 5.000305
03-11 12:44:59.047  3834  6389 D WindowManager: mKeyguardDelegate.ShowListener.onDrawn.
03-11 12:44:59.047  3834  3867 W WindowManager: Setting mKeyguardDrawComplete
03-11 12:44:59.051  3834  3834 D ProximitySensorWrapper: proximity distance: 5.000305
03-11 12:44:59.052  3834  3871 I DisplayManagerService: Display device changed state: "Wbudowany ekran", ON
03-11 12:44:59.055  3834  3867 I WindowManager: Waiting for drawn Window{3848e11 u0 SurfaceView}: removed=false visible=true mHasSurface=true drawState=1
03-11 12:44:59.055  3834  3867 I WindowManager: Waiting for drawn Window{75bec2b u0 org.test.aprojekt/org.renpy.android.PythonActivity}: removed=false visible=true mHasSurface=true drawState=1
03-11 12:44:59.055  3834  3867 I WindowManager: Waiting for drawn Window{b355210 u0 Keyguard}: removed=false visible=true mHasSurface=true drawState=1
03-11 12:44:59.065  3834  3871 I WindowManager: Waiting for drawn Window{3848e11 u0 SurfaceView}: removed=false visible=true mHasSurface=true drawState=1
03-11 12:44:59.065  3834  3871 I WindowManager: Waiting for drawn Window{75bec2b u0 org.test.aprojekt/org.renpy.android.PythonActivity}: removed=false visible=true mHasSurface=true drawState=1
03-11 12:44:59.065  3834  3871 I WindowManager: Waiting for drawn Window{b355210 u0 Keyguard}: removed=false visible=true mHasSurface=true drawState=1
03-11 12:44:59.067  3834  3871 I WindowManager: Waiting for drawn Window{3848e11 u0 SurfaceView}: removed=false visible=true mHasSurface=true drawState=1
03-11 12:44:59.067  3834  3871 I WindowManager: Waiting for drawn Window{75bec2b u0 org.test.aprojekt/org.renpy.android.PythonActivity}: removed=false visible=true mHasSurface=true drawState=1
03-11 12:44:59.067  3834  3871 I WindowManager: Waiting for drawn Window{b355210 u0 Keyguard}: removed=false visible=true mHasSurface=true drawState=1
03-11 12:44:59.076  3834  3871 I WindowManager: Waiting for drawn Window{3848e11 u0 SurfaceView}: removed=false visible=true mHasSurface=true drawState=1
03-11 12:44:59.077  3834  3871 I WindowManager: Waiting for drawn Window{75bec2b u0 org.test.aprojekt/org.renpy.android.PythonActivity}: removed=false visible=true mHasSurface=true drawState=1
03-11 12:44:59.077  3834  3871 I WindowManager: Waiting for drawn Window{b355210 u0 Keyguard}: removed=false visible=true mHasSurface=true drawState=1
03-11 12:44:59.102  3834  3834 W InputMethodManagerService: Unexpected intent Intent { act=android.intent.action.SCREEN_OFF flg=0x50000010 }
03-11 12:44:59.105  3834  3871 I WindowManager: Waiting for drawn Window{3848e11 u0 SurfaceView}: removed=false visible=true mHasSurface=true drawState=1
03-11 12:44:59.105  3834  3871 I WindowManager: Waiting for drawn Window{75bec2b u0 org.test.aprojekt/org.renpy.android.PythonActivity}: removed=false visible=true mHasSurface=true drawState=1
03-11 12:44:59.106  3834  3871 I WindowManager: Waiting for drawn Window{b355210 u0 Keyguard}: removed=false visible=true mHasSurface=true drawState=1
03-11 12:44:59.109  3834  3871 I WindowManager: Waiting for drawn Window{3848e11 u0 SurfaceView}: removed=false visible=true mHasSurface=true drawState=1
03-11 12:44:59.109  3834  3871 I WindowManager: Waiting for drawn Window{75bec2b u0 org.test.aprojekt/org.renpy.android.PythonActivity}: removed=false visible=true mHasSurface=true drawState=1
03-11 12:44:59.109  3834  3871 I WindowManager: Waiting for drawn Window{b355210 u0 Keyguard}: removed=false visible=true mHasSurface=true drawState=4
03-11 12:44:59.109  3834  3871 D WindowManager: Window drawn win=Window{b355210 u0 Keyguard}
03-11 12:44:59.121  3834  3871 I WindowManager: Waiting for drawn Window{3848e11 u0 SurfaceView}: removed=false visible=true mHasSurface=true drawState=1
03-11 12:44:59.121  3834  3871 I WindowManager: Waiting for drawn Window{75bec2b u0 org.test.aprojekt/org.renpy.android.PythonActivity}: removed=false visible=true mHasSurface=true drawState=1
03-11 12:44:59.144  3834  3834 V LocationPolicy: Screen state changed
03-11 12:44:59.209  3834  3860 I ActivityManager: Process com.google.android.apps.maps (pid 23991) has died
03-11 12:44:59.209  3834  3860 D ActivityManager: cleanUpApplicationRecord -- 23991
03-11 12:44:59.209  3834  5471 D WifiService: Client connection lost with reason: 4
03-11 12:44:59.249  7248  7248 W MIUI-BLOCK-MONITOR: The msg null took 0ms and took 1489232699249ms after dispatch.
03-11 12:44:59.264  3834  3866 I ActivityManager: Start proc 24730:com.google.android.apps.maps/u0a70 for broadcast com.google.android.apps.maps/com.google.android.apps.gmm.navigation.service.detection.ActivityRecognitionReceiver
03-11 12:44:59.376  3834  3834 I WindowManager: Waiting for drawn Window{3848e11 u0 SurfaceView}: removed=false visible=true mHasSurface=true drawState=1
03-11 12:44:59.376  3834  3834 I WindowManager: Waiting for drawn Window{75bec2b u0 org.test.aprojekt/org.renpy.android.PythonActivity}: removed=false visible=true mHasSurface=true drawState=1
03-11 12:44:59.393  3834  3834 D FingerprintService: info:com.android.keyguard,1,20170311-12:44:59
03-11 12:44:59.394  3834  3834 E MQSEventManagerDelegate: failed to get MQSService.
03-11 12:44:59.394  3834  3834 V FingerprintService: onAuthenticated(owner=com.android.keyguard, id=-177489182, gp=0)
03-11 12:44:59.418  3834  3866 I ActivityManager: Start proc 24745:org.simalliance.openmobileapi.service:remote/1000 for service org.simalliance.openmobileapi.service/.SmartcardService
03-11 12:44:59.474  3834  3834 V LocationPolicy: Screen state changed
03-11 12:44:59.503  3834  5915 I WindowManager: Waiting for drawn Window{3848e11 u0 SurfaceView}: removed=false visible=true mHasSurface=true drawState=1
03-11 12:44:59.503  3834  5915 I WindowManager: Waiting for drawn Window{75bec2b u0 org.test.aprojekt/org.renpy.android.PythonActivity}: removed=false visible=true mHasSurface=true drawState=1
03-11 12:44:59.504  3834  5915 I WindowManager: Waiting for drawn Window{3848e11 u0 SurfaceView}: removed=false visible=true mHasSurface=true drawState=1
03-11 12:44:59.504  3834  5915 I WindowManager: Waiting for drawn Window{75bec2b u0 org.test.aprojekt/org.renpy.android.PythonActivity}: removed=false visible=true mHasSurface=true drawState=1
03-11 12:44:59.518  3834  5923 I WindowManager: Waiting for drawn Window{3848e11 u0 SurfaceView}: removed=false visible=true mHasSurface=true drawState=1
03-11 12:44:59.519  3834  5923 I WindowManager: Waiting for drawn Window{75bec2b u0 org.test.aprojekt/org.renpy.android.PythonActivity}: removed=false visible=true mHasSurface=true drawState=1
03-11 12:44:59.527  6674  6674 W ContextImpl: Calling a method in the system process without a qualified user: android.app.ContextImpl.sendBroadcast:773 android.content.ContextWrapper.sendBroadcast:406 com.miui.powercenter.provider.PowerSaveService.lg:-1 com.miui.powercenter.provider.PowerSaveService.c:-1 com.miui.powercenter.provider.f.onReceive:-1 
03-11 12:44:59.566  3834  6402 I ActivityManager: Process com.miui.home (pid 23941) has died
03-11 12:44:59.566  3834  6402 D ActivityManager: cleanUpApplicationRecord -- 23941
03-11 12:44:59.639  3834  5923 I WindowManager: Waiting for drawn Window{3848e11 u0 SurfaceView}: removed=false visible=true mHasSurface=true drawState=1
03-11 12:44:59.639  3834  5923 I WindowManager: Waiting for drawn Window{75bec2b u0 org.test.aprojekt/org.renpy.android.PythonActivity}: removed=false visible=true mHasSurface=true drawState=1
03-11 12:44:59.657  3834  6401 I ActivityManager: Process com.mfashiongallery.emag (pid 23968) has died
03-11 12:44:59.657  3834  6401 D ActivityManager: cleanUpApplicationRecord -- 23968
03-11 12:44:59.808  3834  6401 W BroadcastQueue: Failure sending broadcast Intent { act=android.intent.action.SCREEN_ON flg=0x50000010 }
03-11 12:44:59.808  3834  6401 W BroadcastQueue: android.os.RemoteException: app.thread must not be null
03-11 12:44:59.808  3834  6401 W BroadcastQueue: 	at com.android.server.am.BroadcastQueue.performReceiveLocked(BroadcastQueue.java:470)
03-11 12:44:59.808  3834  6401 W BroadcastQueue: 	at com.android.server.am.BroadcastQueue.deliverToRegisteredReceiverLocked(BroadcastQueue.java:619)
03-11 12:44:59.808  3834  6401 W BroadcastQueue: 	at com.android.server.am.BroadcastQueue.processNextBroadcast(BroadcastQueue.java:849)
03-11 12:44:59.808  3834  6401 W BroadcastQueue: 	at com.android.server.am.ActivityManagerService.finishReceiver(ActivityManagerService.java:17652)
03-11 12:44:59.808  3834  6401 W BroadcastQueue: 	at android.app.ActivityManagerNative.onTransact(ActivityManagerNative.java:496)
03-11 12:44:59.808  3834  6401 W BroadcastQueue: 	at com.android.server.am.ActivityManagerService.onTransact(ActivityManagerService.java:2576)
03-11 12:44:59.808  3834  6401 W BroadcastQueue: 	at android.os.Binder.execTransact(Binder.java:453)
03-11 12:45:00.055  3834  3871 W WindowManager: Timeout waiting for drawn: undrawn=[Window{75bec2b u0 org.test.aprojekt/org.renpy.android.PythonActivity}, Window{3848e11 u0 SurfaceView}]
03-11 12:45:00.056  3834  3871 I WindowManager: All windows ready for display!
03-11 12:45:00.056  3834  3867 W WindowManager: Setting mWindowManagerDrawComplete
03-11 12:45:00.061  3834  3867 D WindowManager: finishScreenTurningOn: mAwake=true, mScreenOnEarly=true, mScreenOnFully=false, mKeyguardDrawComplete=true, mWindowManagerDrawComplete=true
03-11 12:45:00.061  3834  3867 I WindowManager: Finished screen turning on...
03-11 12:45:00.061  3834  3873 I DisplayPowerController: Unblocked screen on after 1470 ms
03-11 12:45:00.063  3834  3834 I WindowManager: Finished waking up...
03-11 12:45:00.380  3834  5471 D WifiService: New client listening to asynchronous messages
03-11 12:45:00.678  3834  5919 I ActivityManager: Process com.miui.gallery (pid 23245) has died
03-11 12:45:00.678  3834  5919 D ActivityManager: cleanUpApplicationRecord -- 23245
03-11 12:45:00.685  3834  6344 D CryptdConnector: SND -> {196 cryptfs cryptocomplete}
03-11 12:45:00.686   405   417 I Ext4Crypt: ext4 crypto complete called on /data
03-11 12:45:00.686   405   417 I Ext4Crypt: No master key, so not ext4enc
03-11 12:45:00.687  3834  4668 D CryptdConnector: RCV <- {200 196 0}
03-11 12:45:00.688  3834  6344 D CryptdConnector: SND -> {197 cryptfs getpwtype}
03-11 12:45:00.688   405   417 D VoldCryptCmdListener: cryptfs getpwtype
03-11 12:45:00.688   405   417 I Ext4Crypt: ext4 crypto complete called on /data
03-11 12:45:00.688   405   417 I Ext4Crypt: No master key, so not ext4enc
03-11 12:45:00.688  3834  4668 D CryptdConnector: RCV <- {213 197 default}
03-11 12:45:01.520  3834  3871 W WindowManager: Window freeze timeout expired.
03-11 12:45:01.520  3834  3871 W WindowManager: Force clearing orientation change: Window{75bec2b u0 org.test.aprojekt/org.renpy.android.PythonActivity}
03-11 12:45:02.627  3834  4664 D BaseMiuiPhoneWindowManager: keyCode:4 down:true 23495794 23495794 policyFlags=22000002 deviceId:9 isScreenOn:true
03-11 12:45:02.628  3834  4664 D WindowManager: keyguardActive=false
03-11 12:45:03.149  3834  3867 E ActivityManager: Invalid thumbnail dimensions: 0x0
03-11 12:45:03.169  3834  3867 W ActivityManager: system force stopping org.test.aprojekt. Callers=android.app.ActivityManager.forceStopPackageAsUser:2464 com.android.server.policy.MiuiPhoneWindowManager.forceStopPackage:125 com.android.server.policy.BaseMiuiPhoneWindowManager$ScreenKeyLongPressRunnable.closeApp:1607 com.android.server.policy.BaseMiuiPhoneWindowManager$ScreenKeyLongPressRunnable.run:1415 android.os.Handler.handleCallback:742 
03-11 12:45:03.169  3834  3867 I ActivityManager: Force stopping org.test.aprojekt appid=10232 user=0: from system pid 3834
03-11 12:45:03.170  3834  3867 I ActivityManager: Killing 22062:org.test.aprojekt:python/u0a232 (adj 0): stop org.test.aprojekt: from system pid 3834
03-11 12:45:03.170  3834  3867 D ActivityManager: cleanUpApplicationRecord -- 22062
03-11 12:45:03.221  3834  3860 V LocationPolicy: writePolicyLocked()
03-11 12:45:03.357  3834  6344 I WindowState: WIN DEATH: Window{3848e11 u0 SurfaceView}
03-11 12:45:03.359  3834  6389 W ActivityManager: Permission Denial: Accessing service ComponentInfo{com.google.android.music/com.google.android.music.dial.DialMediaRouteProviderService} from pid=13119, uid=10118 that is not exported from uid 10076
03-11 12:45:03.361  3834  5923 I WindowState: WIN DEATH: Window{75bec2b u0 org.test.aprojekt/org.renpy.android.PythonActivity}
03-11 12:45:03.544  6453  6453 W ViewRootImpl: Dropping event due to no window focus: KeyEvent { action=ACTION_DOWN, keyCode=KEYCODE_BACK, scanCode=158, metaState=0, flags=0xc8, repeatCount=1, eventTime=23496295, downTime=23495794, deviceId=9, source=0x101 }
03-11 12:45:03.545  6453  6453 W ViewRootImpl: Dropping event due to no window focus: KeyEvent { action=ACTION_DOWN, keyCode=KEYCODE_BACK, scanCode=158, metaState=0, flags=0x48, repeatCount=2, eventTime=23496654, downTime=23495794, deviceId=9, source=0x101 }
03-11 12:45:03.558  3834  4664 D BaseMiuiPhoneWindowManager: keyCode:4 down:false 23496726 23495794 policyFlags=22000002 deviceId:9 isScreenOn:true
03-11 12:45:03.564  3834  3861 W InputMethodManagerService: Got RemoteException sending setActive(false) notification to pid 22062 uid 10232
03-11 12:45:03.786  3834  3871 W WindowAnimator: Failed to dispatch window animation state change.
03-11 12:45:03.786  3834  3871 W WindowAnimator: android.os.DeadObjectException
03-11 12:45:03.786  3834  3871 W WindowAnimator: 	at android.os.BinderProxy.transactNative(Native Method)
03-11 12:45:03.786  3834  3871 W WindowAnimator: 	at android.os.BinderProxy.transact(Binder.java:506)
03-11 12:45:03.786  3834  3871 W WindowAnimator: 	at android.view.IWindow$Stub$Proxy.onAnimationStopped(IWindow.java:534)
03-11 12:45:03.786  3834  3871 W WindowAnimator: 	at com.android.server.wm.WindowAnimator.updateWindowsLocked(WindowAnimator.java:289)
03-11 12:45:03.786  3834  3871 W WindowAnimator: 	at com.android.server.wm.WindowAnimator.animateLocked(WindowAnimator.java:681)
03-11 12:45:03.786  3834  3871 W WindowAnimator: 	at com.android.server.wm.WindowAnimator.access$000(WindowAnimator.java:53)
03-11 12:45:03.786  3834  3871 W WindowAnimator: 	at com.android.server.wm.WindowAnimator$1.doFrame(WindowAnimator.java:123)
03-11 12:45:03.786  3834  3871 W WindowAnimator: 	at android.view.Choreographer$CallbackRecord.run(Choreographer.java:858)
03-11 12:45:03.786  3834  3871 W WindowAnimator: 	at android.view.Choreographer.doCallbacks(Choreographer.java:672)
03-11 12:45:03.786  3834  3871 W WindowAnimator: 	at android.view.Choreographer.doFrame(Choreographer.java:605)
03-11 12:45:03.786  3834  3871 W WindowAnimator: 	at android.view.Choreographer$FrameDisplayEventReceiver.run(Choreographer.java:846)
03-11 12:45:03.786  3834  3871 W WindowAnimator: 	at android.os.Handler.handleCallback(Handler.java:742)
03-11 12:45:03.786  3834  3871 W WindowAnimator: 	at android.os.Handler.dispatchMessage(Handler.java:95)
03-11 12:45:03.786  3834  3871 W WindowAnimator: 	at android.os.Looper.loop(Looper.java:154)
03-11 12:45:03.786  3834  3871 W WindowAnimator: 	at android.os.HandlerThread.run(HandlerThread.java:61)
03-11 12:45:03.786  3834  3871 W WindowAnimator: 	at com.android.server.ServiceThread.run(ServiceThread.java:46)
