D/AppActiveChecker( 6324): updateAppActiveStateForUidLocked, uid = 10088 appActiveState = 1
D/DataAppRuleChecker( 6324): updateStateForUidActiveChangedLocked, uid: 10088 active: false
D/DataAppRuleChecker( 6324): updateRuleForUidLocked, uid = 10088 rule = 1
D/ActiveStateController( 6324): updateStateForUidActiveChangedLocked, uid: 10088 active: false
D/ActiveStateController( 6324): updateRuleForUidLocked, uid = 10088 property = 0
D/WifiAppRuleChecker( 6324): updateStateForUidActiveChangedLocked, uid: 10088 active: false
D/WifiAppRuleChecker( 6324): updateRuleForUidLocked, uid = 10088 rule = 1
D/NetworkController( 6324): setUidState, uid = 10088 allow = false
D/PowerKeeperConfigureProvider( 6324): appActiveTable insert 268
D/DnsProxyBlocker(  440): add uid(10088)
I/ServiceManager( 4037): Waiting for service goodix.fp...
D/wpa_supplicant( 3162): wlan0: Control interface command 'SIGNAL_POLL'
I/subsystem_ramdump(12809): Usage:./system/bin/subsystem_ramdump [arg1] [arg2] [arg3]
I/subsystem_ramdump(12809): [arg1]: (1/2) Ramdump location: 1: eMMC: /data/ramdump or 2: SD card: /sdcard/ramdump
I/subsystem_ramdump(12809): [arg2]: (1/0) 1: Enable RPM log / 0: Disable RPM log
I/subsystem_ramdump(12809): [arg3]: (1/0) 1: Enable qdss ramdump / 0: Disable qdss ramdump
I/subsystem_ramdump(12809):  Using default ramdump location 1: eMMC: /data/ramdump
I/subsystem_ramdump(12809):  Using default 0: Disable RPM log
I/subsystem_ramdump(12809):  Using default 0: Disable qdss ramdump
E/subsystem_ramdump(12809): Unable to open /dev
E/subsystem_ramdump(12809): Failed to find pil ramdump
I/ServiceManager( 4037): Waiting for service goodix.fp...
I/ServiceManager( 4037): Waiting for service goodix.fp...
I/ServiceManager( 4037): Waiting for service goodix.fp...
I/MSM-irqbalance(  864): Decided to move IRQ239 from CPU0 to CPU1
I/SurfaceFlinger(  424): FPS: 1
D/wpa_supplicant( 3162): wlan0: Control interface command 'SIGNAL_POLL'
I/ServiceManager( 4037): Waiting for service goodix.fp...
I/SurfaceFlinger(  424): FPS: 2
E/WifiStateMachine( 1371): WifiStateMachine CMD_START_SCAN source -2 txSuccessRate=0,00 rxSuccessRate=2,03 targetRoamBSSID=any RSSI=-56
E/WifiStateMachine( 1371): WifiStateMachine starting scan for "bozena2"-WPA_PSK with 2437
D/wpa_supplicant( 3162): wlan0: Control interface command 'SCAN TYPE=ONLY freq=2437'
D/wpa_supplicant( 3162): wlan0: Setting scan request: 0.000000 sec
D/wpa_supplicant( 3162): wlan0: Starting AP scan for wildcard SSID
D/wpa_supplicant( 3162): wlan0: Limit manual scan to specified channels
D/wpa_supplicant( 3162): wlan0: Add radio work 'scan'@0x55c44f59f0
D/wpa_supplicant( 3162): wlan0: First radio work item in the queue - schedule start immediately
D/wpa_supplicant( 3162): wlan0: Starting radio work 'scan'@0x55c44f59f0 after 0.000049 second wait
D/wpa_supplicant( 3162): wlan0: nl80211: scan request
D/wpa_supplicant( 3162): Scan requested (ret=0) - scan timeout 30 seconds
D/wpa_supplicant( 3162): nl80211: Drv Event 33 (NL80211_CMD_TRIGGER_SCAN) received for wlan0
D/wpa_supplicant( 3162): wlan0: nl80211: Scan trigger
D/wpa_supplicant( 3162): wlan0: Event SCAN_STARTED (49) received
D/wpa_supplicant( 3162): wlan0: Own scan request started a scan in 0.000153 seconds
D/wpa_supplicant( 3162): CTRL_IFACE monitor sent successfully to /data/misc/wifi/sockets/wpa_ctrl_464-10\x00
D/wpa_supplicant( 3162): CTRL_IFACE monitor sent successfully to /data/misc/wifi/sockets/wpa_ctrl_1371-2\x00
I/WifiHAL ( 1371): Poll result = 1
I/WifiHAL ( 1371): Found some events!!!
D/WifiHAL ( 1371): no_seq_check received
I/WifiHAL ( 1371): event received NL80211_CMD_TRIGGER_SCAN
I/WifiHAL ( 1371): event received NL80211_CMD_TRIGGER_SCAN, vendor_id = 0x0
I/WifiHAL ( 1371): event ignored!!
D/StatusBar.NetworkController( 3225): onSignalStrengthsChanged received on slotId :0signalStrength=SignalStrength: 99 0 -120 -160 -120 -1 -1 27 -86 -8 110 2147483647 2147483647 gsm|lte level=5 cdmdlevel=0 evdolevel=0
I/WifiHAL ( 1371): Poll result = 1
I/WifiHAL ( 1371): Found some events!!!
D/WifiHAL ( 1371): no_seq_check received
I/WifiHAL ( 1371): event received NL80211_CMD_NEW_SCAN_RESULTS
I/WifiHAL ( 1371): event received NL80211_CMD_NEW_SCAN_RESULTS, vendor_id = 0x0
I/WifiHAL ( 1371): event ignored!!
D/wpa_supplicant( 3162): nl80211: Drv Event 34 (NL80211_CMD_NEW_SCAN_RESULTS) received for wlan0
D/wpa_supplicant( 3162): wlan0: nl80211: New scan results available
D/wpa_supplicant( 3162): nl80211: Scan included frequencies: 2437
D/wpa_supplicant( 3162): wlan0: Event SCAN_RESULTS (3) received
D/wpa_supplicant( 3162): wlan0: Scan completed in 0.079507 seconds
D/wpa_supplicant( 3162): nl80211: Associated on 2437 MHz
D/wpa_supplicant( 3162): nl80211: Associated with 4c:60:de:33:82:18
D/wpa_supplicant( 3162): nl80211: Received scan results (3 BSSes)
D/wpa_supplicant( 3162): nl80211: Scan results indicate BSS status with 4c:60:de:33:82:18 as associated
D/wpa_supplicant( 3162): wlan0: BSS: Start scan result update 335
D/wpa_supplicant( 3162): BSS: last_scan_res_used=3/128
D/wpa_supplicant( 3162): wlan0: Scan-only results received
D/wpa_supplicant( 3162): CTRL_IFACE monitor sent successfully to /data/misc/wifi/sockets/wpa_ctrl_464-10\x00
D/wpa_supplicant( 3162): CTRL_IFACE monitor sent successfully to /data/misc/wifi/sockets/wpa_ctrl_1371-2\x00
D/wpa_supplicant( 3162): wlan0: Radio work 'scan'@0x55c44f59f0 done in 0.094766 seconds
D/wpa_supplicant( 3162): wlan0: Control interface command 'BSS RANGE=0- MASK=0x23987'
D/FingerGoodix( 4037): go into while FingerPrint,getFingerPrintService()
I/ServiceManager( 4037): Waiting for service goodix.fp...
I/subsystem_ramdump(12812): Usage:./system/bin/subsystem_ramdump [arg1] [arg2] [arg3]
I/subsystem_ramdump(12812): [arg1]: (1/2) Ramdump location: 1: eMMC: /data/ramdump or 2: SD card: /sdcard/ramdump
I/subsystem_ramdump(12812): [arg2]: (1/0) 1: Enable RPM log / 0: Disable RPM log
I/subsystem_ramdump(12812): [arg3]: (1/0) 1: Enable qdss ramdump / 0: Disable qdss ramdump
I/subsystem_ramdump(12812):  Using default ramdump location 1: eMMC: /data/ramdump
I/subsystem_ramdump(12812):  Using default 0: Disable RPM log
I/subsystem_ramdump(12812):  Using default 0: Disable qdss ramdump
E/subsystem_ramdump(12812): Unable to open /dev
E/subsystem_ramdump(12812): Failed to find pil ramdump
D/wpa_supplicant( 3162): wlan0: Control interface command 'SIGNAL_POLL'
I/ServiceManager( 4037): Waiting for service goodix.fp...
D/StatusBar.NetworkController( 3225): onSignalStrengthsChanged received on slotId :0signalStrength=SignalStrength: 99 0 -120 -160 -120 -1 -1 30 -85 -11 -6 2147483647 2147483647 gsm|lte level=5 cdmdlevel=0 evdolevel=0
I/SurfaceFlinger(  424): FPS: 1
I/ServiceManager( 4037): Waiting for service goodix.fp...
I/ServiceManager( 4037): Waiting for service goodix.fp...
D/wpa_supplicant( 3162): wlan0: Control interface command 'SIGNAL_POLL'
D/StatusBar.NetworkController( 3225): slot=-10;action=android.net.wifi.RSSI_CHANGED
D/StatusBar.NetworkController( 3225): updateNetworkName chosenNetType=13;mNetworkName[0]=Plus 4G
D/StatusBar.NetworkController( 3225): onSignalStrengthsChanged received on slotId :0signalStrength=SignalStrength: 99 0 -120 -160 -120 -1 -1 31 -87 -13 132 2147483647 2147483647 gsm|lte level=5 cdmdlevel=0 evdolevel=0
I/ServiceManager( 4037): Waiting for service goodix.fp...
D/FingerGoodix( 4037): go into while FingerPrint,getFingerPrintService()
I/subsystem_ramdump(12815): Usage:./system/bin/subsystem_ramdump [arg1] [arg2] [arg3]
I/subsystem_ramdump(12815): [arg1]: (1/2) Ramdump location: 1: eMMC: /data/ramdump or 2: SD card: /sdcard/ramdump
I/subsystem_ramdump(12815): [arg2]: (1/0) 1: Enable RPM log / 0: Disable RPM log
I/subsystem_ramdump(12815): [arg3]: (1/0) 1: Enable qdss ramdump / 0: Disable qdss ramdump
I/subsystem_ramdump(12815):  Using default ramdump location 1: eMMC: /data/ramdump
I/subsystem_ramdump(12815):  Using default 0: Disable RPM log
I/subsystem_ramdump(12815):  Using default 0: Disable qdss ramdump
E/subsystem_ramdump(12815): Unable to open /dev
E/subsystem_ramdump(12815): Failed to find pil ramdump
I/ServiceManager( 4037): Waiting for service goodix.fp...
I/SurfaceFlinger(  424): FPS: 1
I/ServiceManager( 4037): Waiting for service goodix.fp...
D/StatusBar.NetworkController( 3225): onSignalStrengthsChanged received on slotId :0signalStrength=SignalStrength: 99 0 -120 -160 -120 -1 -1 31 -81 -13 94 2147483647 2147483647 gsm|lte level=5 cdmdlevel=0 evdolevel=0
D/wpa_supplicant( 3162): wlan0: Control interface command 'SIGNAL_POLL'
D/StatusBar.NetworkController( 3225): slot=-10;action=android.net.wifi.RSSI_CHANGED
D/StatusBar.NetworkController( 3225): updateNetworkName chosenNetType=13;mNetworkName[0]=Plus 4G
I/ServiceManager( 4037): Waiting for service goodix.fp...
W/ctxmgr  ( 4804): [AclManager]No 2 for (accnt=account#-162297148#, com.google.android.gms(10014):UserLocationProducer, vrsn=10298000, 0, 3pPkg = null ,  3pMdlId = null). Was: 2 for 1, account#-162297148#
