I/python  (12546): ('LonZmapview', -1)
I/python  (12546): ('LatZmapview', -1)
I/python  (12546): Tutaj sprawdzam Weather.czy_burza=0.5
I/python  (12546): plusik
I/python  (12546): ('LonZmapview', -1)
I/python  (12546): ('LatZmapview', -1)
I/python  (12546): Tutaj sprawdzam Weather.czy_burza=0.5
I/python  (12546): plusik
I/python  (12546): ('LonZmapview', -1)
I/python  (12546): ('LatZmapview', -1)
I/python  (12546): Tutaj sprawdzam Weather.czy_burza=0.5
I/python  (12546): plusik
I/python  (12546): ('LonZmapview', -1)
I/python  (12546): ('LatZmapview', -1)
I/python  (12546): Tutaj sprawdzam Weather.czy_burza=0.5
I/python  (12546): plusik
I/python  (12546): ('LonZmapview', -1)
I/python  (12546): ('LatZmapview', -1)
I/python  (12546): Tutaj sprawdzam Weather.czy_burza=0.5
I/python  (12546): plusik
I/python  (12546): ('LonZmapview', -1)
I/python  (12546): ('LatZmapview', -1)
I/python  (12546): Tutaj sprawdzam Weather.czy_burza=0.5
I/python  (12546): plusik
I/python  (12546): ('LonZmapview', -1)
I/python  (12546): ('LatZmapview', -1)
I/python  (12546): Tutaj sprawdzam Weather.czy_burza=0.5
I/python  (12546): plusik
I/python  (12546): ('LonZmapview', -1)
I/python  (12546): ('LatZmapview', -1)
I/python  (12546): Tutaj sprawdzam Weather.czy_burza=0.5
D/wpa_supplicant( 3162): wlan0: Control interface command 'SIGNAL_POLL'
I/python  (12546): plusik
I/python  (12546): ('LonZmapview', -1)
I/SurfaceFlinger(  424): FPS: 1
I/python  (12546): ('LatZmapview', -1)
I/python  (12546): Tutaj sprawdzam Weather.czy_burza=0.5
I/python  (12546): plusik
I/python  (12546): ('LonZmapview', -1)
I/python  (12546): ('LatZmapview', -1)
I/python  (12546): Tutaj sprawdzam Weather.czy_burza=0.5
I/python  (12546): plusik
I/python  (12546): ('LonZmapview', -1)
I/python  (12546): ('LatZmapview', -1)
I/python  (12546): Tutaj sprawdzam Weather.czy_burza=0.5
I/python  (12546): plusik
I/python  (12546): ('LonZmapview', -1)
I/python  (12546): ('LatZmapview', -1)
I/python  (12546): Tutaj sprawdzam Weather.czy_burza=0.5
I/python  (12546): plusik
I/python  (12546): ('LonZmapview', -1)
I/python  (12546): ('LatZmapview', -1)
I/python  (12546): Tutaj sprawdzam Weather.czy_burza=0.5
I/python  (12546): plusik
I/python  (12546): ('LonZmapview', -1)
I/python  (12546): ('LatZmapview', -1)
I/python  (12546): Tutaj sprawdzam Weather.czy_burza=0.5
I/python  (12546): plusik
I/python  (12546): ('LonZmapview', -1)
I/python  (12546): ('LatZmapview', -1)
I/python  (12546): Tutaj sprawdzam Weather.czy_burza=0.5
I/python  (12546): plusik
I/python  (12546): ('LonZmapview', -1)
I/python  (12546): ('LatZmapview', -1)
I/python  (12546): Tutaj sprawdzam Weather.czy_burza=0.5
I/python  (12546): plusik
I/python  (12546): ('LonZmapview', -1)
I/python  (12546): ('LatZmapview', -1)
I/python  (12546): Tutaj sprawdzam Weather.czy_burza=0.5
I/python  (12546): plusik
I/python  (12546): ('LonZmapview', -1)
I/python  (12546): ('LatZmapview', -1)
I/python  (12546): Tutaj sprawdzam Weather.czy_burza=0.5
I/python  (12546): plusik
I/python  (12546): ('LonZmapview', -1)
I/python  (12546): ('LatZmapview', -1)
I/python  (12546): Tutaj sprawdzam Weather.czy_burza=0.5
I/python  (12546): plusik
I/python  (12546): ('LonZmapview', -1)
I/python  (12546): ('LatZmapview', -1)
I/python  (12546): Tutaj sprawdzam Weather.czy_burza=0.5
I/python  (12546): plusik
I/python  (12546): ('LonZmapview', -1)
I/python  (12546): ('LatZmapview', -1)
I/python  (12546): Tutaj sprawdzam Weather.czy_burza=0.5
I/python  (12546): plusik
I/python  (12546): ('LonZmapview', -1)
I/python  (12546): ('LatZmapview', -1)
I/python  (12546): Tutaj sprawdzam Weather.czy_burza=0.5
I/python  (12546): plusik
I/python  (12546): ('LonZmapview', -1)
I/python  (12546): ('LatZmapview', -1)
I/python  (12546): Tutaj sprawdzam Weather.czy_burza=0.5
I/python  (12546): plusik
I/python  (12546): ('LonZmapview', -1)
I/python  (12546): ('LatZmapview', -1)
I/python  (12546): Tutaj sprawdzam Weather.czy_burza=0.5
I/python  (12546): plusik
I/python  (12546): ('LonZmapview', -1)
I/python  (12546): ('LatZmapview', -1)
I/python  (12546): Tutaj sprawdzam Weather.czy_burza=0.5
I/python  (12546): plusik
I/python  (12546): ('LonZmapview', -1)
I/python  (12546): ('LatZmapview', -1)
I/python  (12546): Tutaj sprawdzam Weather.czy_burza=0.5
I/python  (12546): plusik
I/python  (12546): ('LonZmapview', -1)
I/python  (12546): ('LatZmapview', -1)
I/python  (12546): Tutaj sprawdzam Weather.czy_burza=0.5
I/python  (12546): plusik
I/python  (12546): ('LonZmapview', -1)
I/python  (12546): ('LatZmapview', -1)
I/python  (12546): Tutaj sprawdzam Weather.czy_burza=0.5
D/FingerGoodix( 4037): go into while FingerPrint,getFingerPrintService()
I/python  (12546): plusik
I/python  (12546): ('LonZmapview', -1)
I/python  (12546): ('LatZmapview', -1)
I/python  (12546): Tutaj sprawdzam Weather.czy_burza=0.5
I/python  (12546): plusik
I/python  (12546): ('LonZmapview', -1)
I/python  (12546): ('LatZmapview', -1)
I/python  (12546): Tutaj sprawdzam Weather.czy_burza=0.5
I/python  (12546): plusik
I/python  (12546): ('LonZmapview', -1)
I/python  (12546): ('LatZmapview', -1)
I/python  (12546): Tutaj sprawdzam Weather.czy_burza=0.5
I/python  (12546): plusik
I/python  (12546): ('LonZmapview', -1)
I/python  (12546): ('LatZmapview', -1)
I/python  (12546): Tutaj sprawdzam Weather.czy_burza=0.5
I/python  (12546): plusik
I/python  (12546): ('LonZmapview', -1)
I/python  (12546): ('LatZmapview', -1)
I/python  (12546): Tutaj sprawdzam Weather.czy_burza=0.5
I/python  (12546): plusik
I/python  (12546): ('LonZmapview', -1)
I/python  (12546): ('LatZmapview', -1)
I/python  (12546): Tutaj sprawdzam Weather.czy_burza=0.5
I/python  (12546): plusik
I/python  (12546): ('LonZmapview', -1)
I/python  (12546): ('LatZmapview', -1)
I/python  (12546): Tutaj sprawdzam Weather.czy_burza=0.5
I/python  (12546): plusik
I/python  (12546): ('LonZmapview', -1)
I/python  (12546): ('LatZmapview', -1)
I/python  (12546): Tutaj sprawdzam Weather.czy_burza=0.5
I/python  (12546): plusik
I/python  (12546): ('LonZmapview', -1)
I/python  (12546): ('LatZmapview', -1)
I/python  (12546): Tutaj sprawdzam Weather.czy_burza=0.5
I/python  (12546): plusik
I/python  (12546): ('LonZmapview', -1)
I/python  (12546): ('LatZmapview', -1)
I/python  (12546): Tutaj sprawdzam Weather.czy_burza=0.5
I/python  (12546): plusik
I/python  (12546): ('LonZmapview', -1)
I/python  (12546): ('LatZmapview', -1)
I/python  (12546): Tutaj sprawdzam Weather.czy_burza=0.5
I/python  (12546): plusik
I/python  (12546): ('LonZmapview', -1)
I/python  (12546): ('LatZmapview', -1)
I/python  (12546): Tutaj sprawdzam Weather.czy_burza=0.5
I/python  (12546): plusik
I/python  (12546): ('LonZmapview', -1)
I/python  (12546): ('LatZmapview', -1)
I/python  (12546): Tutaj sprawdzam Weather.czy_burza=0.5
I/python  (12546): plusik
I/python  (12546): ('LonZmapview', -1)
I/python  (12546): ('LatZmapview', -1)
I/python  (12546): Tutaj sprawdzam Weather.czy_burza=0.5
I/python  (12546): plusik
I/python  (12546): ('LonZmapview', -1)
I/python  (12546): ('LatZmapview', -1)
I/python  (12546): Tutaj sprawdzam Weather.czy_burza=0.5
I/python  (12546): plusik
I/python  (12546): ('LonZmapview', -1)
I/python  (12546): ('LatZmapview', -1)
I/python  (12546): Tutaj sprawdzam Weather.czy_burza=0.5
I/python  (12546): plusik
I/python  (12546): ('LonZmapview', -1)
I/python  (12546): ('LatZmapview', -1)
I/python  (12546): Tutaj sprawdzam Weather.czy_burza=0.5
I/python  (12546): plusik
I/python  (12546): ('LonZmapview', -1)
I/python  (12546): ('LatZmapview', -1)
I/python  (12546): Tutaj sprawdzam Weather.czy_burza=0.5
W/ctxmgr  ( 4804): [AclManager]No 2 for (accnt=account#-162297148#, com.google.android.gms(10014):UserLocationProducer, vrsn=10298000, 0, 3pPkg = null ,  3pMdlId = null). Was: 2 for 1, account#-162297148#
I/python  (12546): plusik
I/python  (12546): ('LonZmapview', -1)
I/python  (12546): ('LatZmapview', -1)
I/python  (12546): Tutaj sprawdzam Weather.czy_burza=0.5
I/python  (12546): plusik
I/python  (12546): ('LonZmapview', -1)
I/python  (12546): ('LatZmapview', -1)
I/python  (12546): Tutaj sprawdzam Weather.czy_burza=0.5
I/python  (12546): plusik
I/python  (12546): ('LonZmapview', -1)
I/python  (12546): ('LatZmapview', -1)
I/python  (12546): Tutaj sprawdzam Weather.czy_burza=0.5
I/python  (12546): plusik
I/python  (12546): ('LonZmapview', -1)
I/python  (12546): ('LatZmapview', -1)
I/python  (12546): Tutaj sprawdzam Weather.czy_burza=0.5
I/python  (12546): blblbl
I/python  (12546): 0.0
I/python  (12546): plusik
I/python  (12546): ('LonZmapview', -1)
I/python  (12546): ('LatZmapview', -1)
I/python  (12546): Tutaj sprawdzam Weather.czy_burza=0.5
I/python  (12546): plusik
I/python  (12546): ('LonZmapview', -1)
I/python  (12546): ('LatZmapview', -1)
I/python  (12546): Tutaj sprawdzam Weather.czy_burza=0.5
I/python  (12546): plusik
I/python  (12546): ('LonZmapview', -1)
I/python  (12546): ('LatZmapview', -1)
I/python  (12546): Tutaj sprawdzam Weather.czy_burza=0.5
I/python  (12546): plusik
I/python  (12546): ('LonZmapview', -1)
I/python  (12546): ('LatZmapview', -1)
I/python  (12546): Tutaj sprawdzam Weather.czy_burza=0.5
I/python  (12546): plusik
I/python  (12546): ('LonZmapview', -1)
I/python  (12546): ('LatZmapview', -1)
I/python  (12546): Tutaj sprawdzam Weather.czy_burza=0.5
I/python  (12546): plusik
I/python  (12546): ('LonZmapview', -1)
I/python  (12546): ('LatZmapview', -1)
I/python  (12546): Tutaj sprawdzam Weather.czy_burza=0.5
I/python  (12546): plusik
I/python  (12546): ('LonZmapview', -1)
I/python  (12546): ('LatZmapview', -1)
I/python  (12546): Tutaj sprawdzam Weather.czy_burza=0.5
I/python  (12546): wyswietl_error
I/python  (12546): wyswietl_error2
I/python  (12546): /sdcard/Bicom/Zapisane_trasy/Symulacja/2017-05-14 15:48:31.txt
I/python  (12546): /sdcard/Bicom/Zapisane_trasy/2017-05-14 15:48:31.txt
I/python  (12546): [INFO              ] [Base        ] Leaving application in progress...
I/python  (12546):  Traceback (most recent call last):
I/python  (12546):    File "/home/daniel/RoboczyProjekt/aktualnaWersja/screen/.buildozer/android/app/main.py", line 4252, in <module>
I/python  (12546):    File "/home/daniel/RoboczyProjekt/aktualnaWersja/screen/.buildozer/android/platform/python-for-android/build/python-install/lib/python2.7/site-packages/kivy/app.py", line 828, in run
I/python  (12546):    File "/home/daniel/RoboczyProjekt/aktualnaWersja/screen/.buildozer/android/platform/python-for-android/build/python-install/lib/python2.7/site-packages/kivy/base.py", line 487, in runTouchApp
I/python  (12546):    File "/home/daniel/RoboczyProjekt/aktualnaWersja/screen/.buildozer/android/platform/python-for-android/build/python-install/lib/python2.7/site-packages/kivy/core/window/window_pygame.py", line 403, in mainloop
I/python  (12546):    File "/home/daniel/RoboczyProjekt/aktualnaWersja/screen/.buildozer/android/platform/python-for-android/build/python-install/lib/python2.7/site-packages/kivy/core/window/window_pygame.py", line 290, in _mainloop
I/python  (12546):    File "/home/daniel/RoboczyProjekt/aktualnaWersja/screen/.buildozer/android/platform/python-for-android/build/python-install/lib/python2.7/site-packages/kivy/base.py", line 330, in idle
I/python  (12546):    File "/home/daniel/RoboczyProjekt/aktualnaWersja/screen/.buildozer/android/platform/python-for-android/build/python-install/lib/python2.7/site-packages/kivy/base.py", line 315, in dispatch_input
I/python  (12546):    File "/home/daniel/RoboczyProjekt/aktualnaWersja/screen/.buildozer/android/platform/python-for-android/build/python-install/lib/python2.7/site-packages/kivy/base.py", line 281, in post_dispatch_input
I/python  (12546):    File "kivy/_event.pyx", line 718, in kivy._event.EventDispatcher.dispatch (kivy/_event.c:8164)
I/python  (12546):    File "/home/daniel/RoboczyProjekt/aktualnaWersja/screen/.buildozer/android/platform/python-for-android/build/python-install/lib/python2.7/site-packages/kivy/uix/behaviors/button.py", line 138, in on_touch_up
I/python  (12546):    File "kivy/_event.pyx", line 714, in kivy._event.EventDispatcher.dispatch (kivy/_event.c:8119)
I/python  (12546):    File "kivy/_event.pyx", line 1224, in kivy._event.EventObservers.dispatch (kivy/_event.c:14008)
I/python  (12546):    File "kivy/_event.pyx", line 1108, in kivy._event.EventObservers._dispatch (kivy/_event.c:12789)
I/python  (12546):    File "/home/daniel/RoboczyProjekt/aktualnaWersja/screen/.buildozer/android/platform/python-for-android/build/python-install/lib/python2.7/site-packages/kivy/lang.py", line 1557, in custom_callback
I/python  (12546):    File "groupscreen.kv", line 586, in <module>
I/python  (12546):      on_release: root.selectTras(filechooser.path, filechooser.selection)
I/python  (12546):    File "/home/daniel/RoboczyProjekt/aktualnaWersja/screen/.buildozer/android/app/main.py", line 1230, in selectTras
I/python  (12546):  IOError: [Errno 2] No such file or directory: '/sdcard/Bicom/Zapisane_trasy/Symulacja/2017-05-14 15:48:31.txt'
I/ServiceManager( 4037): Waiting for service goodix.fp...
I/python  (12546): Python for android ended.
I/art     (12546): System.exit called, status: 0
I/AndroidRuntime(12546): VM exiting with result code 0, cleanup skipped.
I/MSM-irqbalance(  864): Decided to move IRQ174 from CPU1 to CPU0
W/qti_sensors_hal( 1371): sensors_activate:  handle= 10,en=0
I/SurfaceFlinger(  424): FPS: 1
I/WindowState( 1371): WIN DEATH: Window{50d977c u0 org.test.bicomprojectww/org.renpy.android.PythonActivity}
W/WindowManager( 1371): Force-removing child win Window{2807d05a u0 SurfaceView} from container Window{50d977c u0 org.test.bicomprojectww/org.renpy.android.PythonActivity}
W/WindowManager( 1371): Failed looking up window
W/WindowManager( 1371): java.lang.IllegalArgumentException: Requested window android.os.BinderProxy@30d97805 does not exist
W/WindowManager( 1371): 	at com.android.server.wm.WindowManagerService.windowForClientLocked(WindowManagerService.java)
W/WindowManager( 1371): 	at com.android.server.wm.WindowManagerService.windowForClientLocked(WindowManagerService.java)
W/WindowManager( 1371): 	at com.android.server.wm.WindowState$DeathRecipient.binderDied(WindowState.java)
W/WindowManager( 1371): 	at android.os.BinderProxy.sendDeathNotice(Binder.java)
I/WindowState( 1371): WIN DEATH: null
D/audio_hw_primary(  445): in_standby: enter: stream (0xab2adab0) usecase(15: audio-record)
D/soundtrigger(  445): audio_extn_sound_trigger_update_stream_status: uc_id 15 of type 1 for Event 2, with Raise=0
D/hardware_info(  445): hw_info_append_hw_type : device_name = voice-rec-dmic-ef-fluence
I/soundtrigger(  445): audio_extn_sound_trigger_update_device_status: device 0x4e of type 1 for Event 0, with Raise=1
D/sound_trigger_platform(  445): platform_stdev_check_and_update_concurrency: concurrency active 0, tx 0, rx 0, concurrency session_allowed 1
I/SoundTriggerHwService::Module(  445): void android::SoundTriggerHwService::Module::onCallbackEvent(const android::sp<android::SoundTriggerHwService::CallbackEvent>&) mClient == 0
D/audio_hw_primary(  445): adev_close_input_stream: enter:stream_handle(0xab2adab0)
D/audio_hw_primary(  445): in_standby: enter: stream (0xab2adab0) usecase(15: audio-record)
D/KillProcessAppRuleChecker( 6324): updateStateForFgUidChangedLocked: uid = 10112 foreground = false
D/PowerKeeperEventLogManager( 6324): notifyForegroundCompomentChanged ComponentInfo{com.teslacoilsw.launcher/com.teslacoilsw.launcher.NovaLauncher}
D/PowerKeeperStateMachine( 6324): eventMessage id:100 name:foreground
D/WtProcessController( 3961): onAMResumeActivity callback
D/WtProcessController( 3961): packageMoveToBackground packageName:org.test.bicomprojectww
D/WtProcessController( 3961): set foreground process size 1 pid:4126pacakgeName:com.teslacoilsw.launcher
D/DataAppRuleChecker( 6324): updateStateForFgUidChangedLocked: uid = 10112 foreground = false
I/octvm   ( 3961): task pid 4126 have been add to group sys_app_fg.
I/octvm   ( 3961): [sys_app_fg]cgroup_add_tasks max single write time: 0ms
I/octvm   ( 3961): [sys_app_fg]cgroup_add_tasks total time consume: 0ms
D/WifiAppRuleChecker( 6324): updateStateForFgUidChangedLocked: uid = 10112 foreground = false
I/Timeline( 1371): Timeline: App_transition_ready time:8497508
D/LocationAppRuleChecker( 6324): updateStateForFgUidChangedLocked: uid = 10112 foreground = false
D/LocationAppRuleChecker( 6324): sendMessageDelayed: uid = 10112 delayMillis = 60000 elapsedRealtime = 10771171
D/ActiveStateController( 6324): updateStateForFgUidChangedLocked: uid = 10112 foreground = false
I/ActivityManager( 1371): Process org.test.bicomprojectww:python (pid 12546) has died
V/UidProcStateHelper( 1371): process died:[12546,10112]
W/ActivityManager( 1371): Force removing ActivityRecord{15e060a7 u0 org.test.bicomprojectww/org.renpy.android.PythonActivity t1869}: app died, no saved state
I/TTS     ( 5645): Flushing cache
I/Timeline( 1371): Timeline: App_transition_ready time:8497511
D/ProcessObserver( 6324): onForegroundActivitiesChanged, pid: 4126 uid: 10090 foregroundActivities: true
D/WifiAppRuleChecker( 6324): updateStateForFgUidChangedLocked: uid = 10090 foreground = true
D/DataAppRuleChecker( 6324): updateStateForFgUidChangedLocked: uid = 10090 foreground = true
D/KillProcessAppRuleChecker( 6324): updateStateForFgUidChangedLocked: uid = 10090 foreground = true
D/LocationAppRuleChecker( 6324): updateStateForFgUidChangedLocked: uid = 10090 foreground = true
D/LocationAppRuleChecker( 6324): removeMessages: hasMessage, uid = 10090
V/UidProcStateHelper( 1371): process state changed:[4126,10090,2]
V/UidProcStateHelper( 1371): process state changed:[5645,10088,7]
V/UidProcStateHelper( 1371): process state changed:[32248,10093,3]
I/Timeline( 1371): Timeline: App_transition_ready time:8497544
I/Adreno  ( 4126): QUALCOMM build                   : f5b187d, Ie43c806576
I/Adreno  ( 4126): Build Date                       : 06/08/16
I/Adreno  ( 4126): OpenGL ES Shader Compiler Version: XE031.06.00.02
I/Adreno  ( 4126): Local Branch                     : 
I/Adreno  ( 4126): Remote Branch                    : refs/tags/AU_LINUX_ANDROID_LA.BR.1.3.2_RB3.05.01.01.156.043
I/Adreno  ( 4126): Remote Branch                    : NONE
I/Adreno  ( 4126): Reconstruct Branch               : NOTHING
D/AppActiveChecker( 6324): updateStateForFgUidChangedLocked, mScreenOn = true uid = 10112 foreground = false
I/OpenGLRenderer( 4126): Initialized EGL, version 1.4
D/AppActiveChecker( 6324): sendMessageDelayed: uid = 10112 delayMillis = 180000 elapsedRealtime = 10891224
D/ActiveStateController( 6324): updateRuleForUidLocked, uid = 10112 property = 34
D/PowerKeeperConfigureProvider( 6324): appActiveTable insert 266
D/ActiveStateController( 6324): updateStateForFgUidChangedLocked: uid = 10090 foreground = true
D/ActiveStateController( 6324): updateRuleForUidLocked, uid = 10090 property = 0
D/PowerKeeperConfigureProvider( 6324): appActiveTable insert 267
D/zhoumingliang( 1371): isTcltest==false
D/AppActiveChecker( 6324): updateStateForFgUidChangedLocked, mScreenOn = true uid = 10090 foreground = true
D/AppActiveChecker( 6324): removeMessages: hasMessage, uid = 10090
W/ActivityManager( 1371): Unable to start service Intent { cmp=com.teslacoilsw.notifier/.NotificationService (has extras) } U=0: not found
D/PhoneStatusBar( 3225): removeNotification key=android.os.Binder@6915eba keyCode=110190266 old=StatusBarNotification(pkg=com.android.systemui user=UserHandle{0} id=252119 tag=null score=10 key=0|com.android.systemui|252119|null|1000: Notification(pri=1 contentView=com.android.systemui/0x1090082 vibrate=null sound=null defaults=0x0 flags=0x0 color=0x00000000 vis=PRIVATE))
I/Timeline( 1371): Timeline: App_transition_ready time:8497627
W/InputMethodManagerService( 1371): Got RemoteException sending setActive(false) notification to pid 12546 uid 10112
I/Timeline( 4126): Timeline: Activity_idle id: android.os.BinderProxy@31b0f148 time:8497680
I/Timeline( 1371): Timeline: App_transition_ready time:8497685
D/AutoDisableScreenButtonsManager( 1371): status bar visible change: true
D/PhoneStatusBar( 3225): disable: 0x00000100 -> 0x00000000 (diff: 0x00000100)
D/PowerKeeperEventLogManager( 6324): notifyExitFullScreen
D/PhoneStatusBar( 3225): disable: < expand icons alerts ticker system_info back home recent clock full hide* keyguard none >
D/PhoneStatusBar( 3225): showStatusBar isshow=true;delay=false
D/PowerKeeperStateMachine( 6324): eventMessage id:1001 name:full_screen_exit
D/PowerKeeperExecutor( 6324): handling event full_screen_exit in state normal_state
I/octvm_power( 5187): handle event trigger full_screen_exit
W/art     ( 6324): Attempt to remove local handle scope entry from IRT, ignoring
I/Timeline( 1371): Timeline: Activity_windows_visible id: ActivityRecord{2fe62fc1 u0 com.teslacoilsw.launcher/.NovaLauncher t1807} time:8497861
I/Timeline( 1371): Timeline: App_transition_stopped time:8497980
I/ServiceManager( 4037): Waiting for service goodix.fp...
V/RenderScript( 4126): Application requested CPU execution
V/RenderScript( 4126): 0x5578b5b380 Launching thread(s), CPUs 6
I/ServiceManager( 4037): Waiting for service goodix.fp...
I/SurfaceFlinger(  424): FPS: 30
D/wpa_supplicant( 3162): wlan0: Control interface command 'SIGNAL_POLL'
I/ServiceManager( 4037): Waiting for service goodix.fp...
I/SurfaceFlinger(  424): FPS: 1
I/Atfwd_Sendcmd(11908): AtCmdFwd service not ready - Exhausted retry attempts - :6
I/Atfwd_Daemon(11908): result : -1 	 ,Init step :2 	 ,qmiErrorCode: 0
D/StatusBar.NetworkController( 3225): onSignalStrengthsChanged received on slotId :0signalStrength=SignalStrength: 99 0 -120 -160 -120 -1 -1 28 -87 -11 96 2147483647 2147483647 gsm|lte level=5 cdmdlevel=0 evdolevel=0
D/WtProcessController( 3961): background process size 20 but deal 3.0
D/WtProcessStrategy( 3961): do trim { PackageName :com.android.systemui Pid: 3225 Uid: 1000 Start by: unknown Score:50 Old score:50 state:0 mBackgroundTimeInMillis:1494771410007 WakelockCount:0 wakelogsize:0  ActivityDestroied:false Activity size: 0 PackageInfo:{WhetstonePackageInfo#PacakgeName:com.android.systemui uiMemoryThresold:0 nonUiMemoryThresold:0 Flag:-2147221248,0x80040100 [,APP_SYSTEM] Type:0[] } tasknum:1852}
D/WtProcessStrategy( 3961): do trim { PackageName :com.google.android.apps.docs Pid: 11505 Uid: 10111 Start by: activity Score:50 Old score:50 state:0 mBackgroundTimeInMillis:1494774973947 WakelockCount:0 wakelogsize:0  ActivityDestroied:false Activity size: 0 PackageInfo:{WhetstonePackageInfo#PacakgeName:com.google.android.apps.docs uiMemoryThresold:0 nonUiMemoryThresold:0 Flag:5312,0x14c0 [,TRIMHEAPS,SOFT_RESET,ZRAM,FLAG_DEAL_SCHEDULE] Type:0[] } tasknum:1867}
I/octvm   ( 3961): group sys_app_bg memory.soft_limit_in_bytes is set to -1
I/octvm   ( 3961): task pid 11505 have been add to group sys_app_bg.
I/octvm   ( 3961): [sys_app_bg]cgroup_add_tasks max single write time: 0ms
I/octvm   ( 3961): [sys_app_bg]cgroup_add_tasks total time consume: 0ms
D/WtProcessController( 3961): enqueueBackgroundProcess queue size:3
I/octvm   ( 3961): set back memory limit single round time consume: 0ms
I/octvm   ( 3961): set back memory limit single round time consume: 0ms
I/octvm   ( 3961): set back memory limit single round time consume: 0ms
I/octvm   ( 3961): set back memory limit single round time consume: 0ms
I/octvm   ( 3961): set back memory limit single round time consume: 0ms
I/octvm   ( 3961): set back memory limit single round time consume: 0ms
I/octvm   ( 3961): set back memory limit single round time consume: 0ms
I/octvm   ( 3961): set back memory limit single round time consume: 0ms
I/octvm   ( 3961): cgroup sys_app_bg: set memory limit back to the saved value successed.
I/subsystem_ramdump(12708): Usage:./system/bin/subsystem_ramdump [arg1] [arg2] [arg3]
I/subsystem_ramdump(12708): [arg1]: (1/2) Ramdump location: 1: eMMC: /data/ramdump or 2: SD card: /sdcard/ramdump
I/subsystem_ramdump(12708): [arg2]: (1/0) 1: Enable RPM log / 0: Disable RPM log
I/subsystem_ramdump(12708): [arg3]: (1/0) 1: Enable qdss ramdump / 0: Disable qdss ramdump
I/subsystem_ramdump(12708):  Using default ramdump location 1: eMMC: /data/ramdump
I/subsystem_ramdump(12708):  Using default 0: Disable RPM log
I/subsystem_ramdump(12708):  Using default 0: Disable qdss ramdump
E/subsystem_ramdump(12708): Unable to open /dev
E/subsystem_ramdump(12708): Failed to find pil ramdump
I/ServiceManager( 4037): Waiting for service goodix.fp...
D/FingerGoodix( 4037): go into while FingerPrint,getFingerPrintService()
D/wpa_supplicant( 3162): wlan0: Control interface command 'SIGNAL_POLL'
I/MSM-irqbalance(  864): Decided to move IRQ203 from CPU1 to CPU0
I/ServiceManager( 4037): Waiting for service goodix.fp...
D/StatusBar.NetworkController( 3225): onSignalStrengthsChanged received on slotId :0signalStrength=SignalStrength: 99 0 -120 -160 -120 -1 -1 27 -87 -9 96 2147483647 2147483647 gsm|lte level=5 cdmdlevel=0 evdolevel=0
I/ServiceManager( 4037): Waiting for service goodix.fp...
I/SurfaceFlinger(  424): FPS: 2
I/ServiceManager( 4037): Waiting for service goodix.fp...
D/wpa_supplicant( 3162): wlan0: Control interface command 'SIGNAL_POLL'
I/ServiceManager( 4037): Waiting for service goodix.fp...
I/subsystem_ramdump(12712): Usage:./system/bin/subsystem_ramdump [arg1] [arg2] [arg3]
I/subsystem_ramdump(12712): [arg1]: (1/2) Ramdump location: 1: eMMC: /data/ramdump or 2: SD card: /sdcard/ramdump
I/subsystem_ramdump(12712): [arg2]: (1/0) 1: Enable RPM log / 0: Disable RPM log
I/subsystem_ramdump(12712): [arg3]: (1/0) 1: Enable qdss ramdump / 0: Disable qdss ramdump
I/subsystem_ramdump(12712):  Using default ramdump location 1: eMMC: /data/ramdump
I/subsystem_ramdump(12712):  Using default 0: Disable RPM log
I/subsystem_ramdump(12712):  Using default 0: Disable qdss ramdump
E/subsystem_ramdump(12712): Unable to open /dev
E/subsystem_ramdump(12712): Failed to find pil ramdump
I/ServiceManager( 4037): Waiting for service goodix.fp...
I/MSM-irqbalance(  864): Decided to move IRQ200 from CPU1 to CPU0
D/FingerGoodix( 4037): go into while FingerPrint,getFingerPrintService()
I/ServiceManager( 4037): Waiting for service goodix.fp...
I/SurfaceFlinger(  424): FPS: 1
D/StatusBar.NetworkController( 3225): onSignalStrengthsChanged received on slotId :0signalStrength=SignalStrength: 99 0 -120 -160 -120 -1 -1 27 -96 -14 -24 2147483647 2147483647 gsm|lte level=5 cdmdlevel=0 evdolevel=0
D/wpa_supplicant( 3162): wlan0: Control interface command 'SIGNAL_POLL'
D/LocationAppRuleChecker( 6324): updateStateForTimeOutLocked, uid: 10088
D/LocationAppRuleChecker( 6324): updateRuleForUidLocked, uid = 10088 rule = 1
D/LocationController( 6324): setUidState, uid = 10088 allow = false
V/LocationPolicy( 1371): writePolicyLocked()
I/ServiceManager( 4037): Waiting for service goodix.fp...
I/ServiceManager( 4037): Waiting for service goodix.fp...
D/StatusBar.NetworkController( 3225): onSignalStrengthsChanged received on slotId :0signalStrength=SignalStrength: 99 0 -120 -160 -120 -1 -1 27 -94 -13 92 2147483647 2147483647 gsm|lte level=5 cdmdlevel=0 evdolevel=0
I/subsystem_ramdump(12718): Usage:./system/bin/subsystem_ramdump [arg1] [arg2] [arg3]
I/subsystem_ramdump(12718): [arg1]: (1/2) Ramdump location: 1: eMMC: /data/ramdump or 2: SD card: /sdcard/ramdump
I/subsystem_ramdump(12718): [arg2]: (1/0) 1: Enable RPM log / 0: Disable RPM log
I/subsystem_ramdump(12718): [arg3]: (1/0) 1: Enable qdss ramdump / 0: Disable qdss ramdump
I/subsystem_ramdump(12718):  Using default ramdump location 1: eMMC: /data/ramdump
I/subsystem_ramdump(12718):  Using default 0: Disable RPM log
I/subsystem_ramdump(12718):  Using default 0: Disable qdss ramdump
E/subsystem_ramdump(12718): Unable to open /dev
E/subsystem_ramdump(12718): Failed to find pil ramdump
I/ServiceManager( 4037): Waiting for service goodix.fp...
I/SurfaceFlinger(  424): FPS: 2
D/wpa_supplicant( 3162): wlan0: Control interface command 'SIGNAL_POLL'
D/StatusBar.NetworkController( 3225): slot=-10;action=android.net.wifi.RSSI_CHANGED
D/StatusBar.NetworkController( 3225): updateNetworkName chosenNetType=13;mNetworkName[0]=Plus 4G
I/ServiceManager( 4037): Waiting for service goodix.fp...
I/SurfaceFlinger(  424): FPS: 1
I/MSM-irqbalance(  864): Decided to move IRQ203 from CPU1 to CPU0
D/FingerGoodix( 4037): go into while FingerPrint,getFingerPrintService()
I/SurfaceFlinger(  424): FPS: 2
D/StatusBar.NetworkController( 3225): onSignalStrengthsChanged received on slotId :0signalStrength=SignalStrength: 99 0 -120 -160 -120 -1 -1 29 -88 -10 -14 2147483647 2147483647 gsm|lte level=5 cdmdlevel=0 evdolevel=0
E/WifiStateMachine( 1371): WifiStateMachine CMD_START_SCAN source -2 txSuccessRate=0,00 rxSuccessRate=3,17 targetRoamBSSID=any RSSI=-54
E/WifiStateMachine( 1371): WifiStateMachine starting scan for "bozena2"-WPA_PSK with 2437
D/wpa_supplicant( 3162): wlan0: Control interface command 'SCAN TYPE=ONLY freq=2437'
D/wpa_supplicant( 3162): wlan0: Setting scan request: 0.000000 sec
D/wpa_supplicant( 3162): wlan0: Starting AP scan for wildcard SSID
D/wpa_supplicant( 3162): wlan0: Limit manual scan to specified channels
D/wpa_supplicant( 3162): wlan0: Add radio work 'scan'@0x55c44f59f0
D/wpa_supplicant( 3162): wlan0: First radio work item in the queue - schedule start immediately
D/wpa_supplicant( 3162): wlan0: Starting radio work 'scan'@0x55c44f59f0 after 0.000048 second wait
D/wpa_supplicant( 3162): wlan0: nl80211: scan request
D/wpa_supplicant( 3162): Scan requested (ret=0) - scan timeout 30 seconds
D/wpa_supplicant( 3162): nl80211: Drv Event 33 (NL80211_CMD_TRIGGER_SCAN) received for wlan0
D/wpa_supplicant( 3162): wlan0: nl80211: Scan trigger
D/wpa_supplicant( 3162): wlan0: Event SCAN_STARTED (49) received
D/wpa_supplicant( 3162): wlan0: Own scan request started a scan in 0.000178 seconds
D/wpa_supplicant( 3162): CTRL_IFACE monitor sent successfully to /data/misc/wifi/sockets/wpa_ctrl_464-10\x00
D/wpa_supplicant( 3162): CTRL_IFACE monitor sent successfully to /data/misc/wifi/sockets/wpa_ctrl_1371-2\x00
I/WifiHAL ( 1371): Poll result = 1
I/WifiHAL ( 1371): Found some events!!!
D/WifiHAL ( 1371): no_seq_check received
I/WifiHAL ( 1371): event received NL80211_CMD_TRIGGER_SCAN
I/WifiHAL ( 1371): event received NL80211_CMD_TRIGGER_SCAN, vendor_id = 0x0
I/WifiHAL ( 1371): event ignored!!
I/ServiceManager( 4037): Waiting for service goodix.fp...
I/WifiHAL ( 1371): Poll result = 1
I/WifiHAL ( 1371): Found some events!!!
D/WifiHAL ( 1371): no_seq_check received
I/WifiHAL ( 1371): event received NL80211_CMD_NEW_SCAN_RESULTS
D/wpa_supplicant( 3162): nl80211: Drv Event 34 (NL80211_CMD_NEW_SCAN_RESULTS) received for wlan0
I/WifiHAL ( 1371): event received NL80211_CMD_NEW_SCAN_RESULTS, vendor_id = 0x0
I/WifiHAL ( 1371): event ignored!!
D/wpa_supplicant( 3162): wlan0: nl80211: New scan results available
D/wpa_supplicant( 3162): nl80211: Scan included frequencies: 2437
D/wpa_supplicant( 3162): wlan0: Event SCAN_RESULTS (3) received
D/wpa_supplicant( 3162): wlan0: Scan completed in 0.089432 seconds
D/wpa_supplicant( 3162): nl80211: Associated on 2437 MHz
D/wpa_supplicant( 3162): nl80211: Associated with 4c:60:de:33:82:18
D/wpa_supplicant( 3162): nl80211: Received scan results (7 BSSes)
D/wpa_supplicant( 3162): nl80211: Scan results indicate BSS status with 4c:60:de:33:82:18 as associated
D/wpa_supplicant( 3162): wlan0: BSS: Start scan result update 328
D/wpa_supplicant( 3162): BSS: last_scan_res_used=7/128
D/wpa_supplicant( 3162): wlan0: Scan-only results received
D/wpa_supplicant( 3162): CTRL_IFACE monitor sent successfully to /data/misc/wifi/sockets/wpa_ctrl_464-10\x00
D/wpa_supplicant( 3162): CTRL_IFACE monitor sent successfully to /data/misc/wifi/sockets/wpa_ctrl_1371-2\x00
D/wpa_supplicant( 3162): wlan0: Radio work 'scan'@0x55c44f59f0 done in 0.105490 seconds
D/wpa_supplicant( 3162): wlan0: Control interface command 'BSS RANGE=0- MASK=0x23987'
D/wpa_supplicant( 3162): wlan0: Control interface command 'SIGNAL_POLL'
D/StatusBar.NetworkController( 3225): slot=-10;action=android.net.wifi.RSSI_CHANGED
D/StatusBar.NetworkController( 3225): updateNetworkName chosenNetType=13;mNetworkName[0]=Plus 4G
I/ServiceManager( 4037): Waiting for service goodix.fp...
I/ServiceManager( 4037): Waiting for service goodix.fp...
I/subsystem_ramdump(12721): Usage:./system/bin/subsystem_ramdump [arg1] [arg2] [arg3]
I/subsystem_ramdump(12721): [arg1]: (1/2) Ramdump location: 1: eMMC: /data/ramdump or 2: SD card: /sdcard/ramdump
I/subsystem_ramdump(12721): [arg2]: (1/0) 1: Enable RPM log / 0: Disable RPM log
I/subsystem_ramdump(12721): [arg3]: (1/0) 1: Enable qdss ramdump / 0: Disable qdss ramdump
I/subsystem_ramdump(12721):  Using default ramdump location 1: eMMC: /data/ramdump
I/subsystem_ramdump(12721):  Using default 0: Disable RPM log
I/subsystem_ramdump(12721):  Using default 0: Disable qdss ramdump
E/subsystem_ramdump(12721): Unable to open /dev
E/subsystem_ramdump(12721): Failed to find pil ramdump
I/SurfaceFlinger(  424): FPS: 1
I/ServiceManager( 4037): Waiting for service goodix.fp...
I/MSM-irqbalance(  864): Decided to move IRQ178 from CPU3 to CPU0
D/wpa_supplicant( 3162): wlan0: Control interface command 'SIGNAL_POLL'
D/StatusBar.NetworkController( 3225): slot=-10;action=android.net.wifi.RSSI_CHANGED
D/StatusBar.NetworkController( 3225): updateNetworkName chosenNetType=13;mNetworkName[0]=Plus 4G
I/ServiceManager( 4037): Waiting for service goodix.fp...
D/StatusBar.NetworkController( 3225): onSignalStrengthsChanged received on slotId :0signalStrength=SignalStrength: 99 0 -120 -160 -120 -1 -1 25 -94 -10 96 2147483647 2147483647 gsm|lte level=5 cdmdlevel=0 evdolevel=0
D/FingerGoodix( 4037): go into while FingerPrint,getFingerPrintService()
E/WifiStateMachine( 1371): WifiStateMachine CMD_START_SCAN source 10014 txSuccessRate=0,00 rxSuccessRate=0,32 targetRoamBSSID=any RSSI=-55
D/wpa_supplicant( 3162): wlan0: Control interface command 'SCAN TYPE=ONLY'
D/wpa_supplicant( 3162): wlan0: Setting scan request: 0.000000 sec
D/wpa_supplicant( 3162): wlan0: Starting AP scan for wildcard SSID
D/wpa_supplicant( 3162): wlan0: Add radio work 'scan'@0x55c44f59f0
D/wpa_supplicant( 3162): wlan0: First radio work item in the queue - schedule start immediately
D/wpa_supplicant( 3162): wlan0: Starting radio work 'scan'@0x55c44f59f0 after 0.000048 second wait
D/wpa_supplicant( 3162): wlan0: nl80211: scan request
D/WifiService( 1371): acquireWifiLockLocked: WifiLock{NlpWifiLock type=2 binder=android.os.BinderProxy@1a977044}
I/WifiHAL ( 1371): Poll result = 1
I/WifiHAL ( 1371): Found some events!!!
D/WifiHAL ( 1371): no_seq_check received
D/wpa_supplicant( 3162): Scan requested (ret=0) - scan timeout 30 seconds
I/WifiHAL ( 1371): event received NL80211_CMD_TRIGGER_SCAN
I/WifiHAL ( 1371): event received NL80211_CMD_TRIGGER_SCAN, vendor_id = 0x0
I/WifiHAL ( 1371): event ignored!!
D/wpa_supplicant( 3162): nl80211: Drv Event 33 (NL80211_CMD_TRIGGER_SCAN) received for wlan0
D/wpa_supplicant( 3162): wlan0: nl80211: Scan trigger
D/wpa_supplicant( 3162): wlan0: Event SCAN_STARTED (49) received
D/wpa_supplicant( 3162): wlan0: Own scan request started a scan in 0.000147 seconds
D/wpa_supplicant( 3162): CTRL_IFACE monitor sent successfully to /data/misc/wifi/sockets/wpa_ctrl_464-10\x00
D/wpa_supplicant( 3162): CTRL_IFACE monitor sent successfully to /data/misc/wifi/sockets/wpa_ctrl_1371-2\x00
D/WifiService( 1371): acquireWifiLockLocked: WifiLock{NlpWifiLock type=2 binder=android.os.BinderProxy@3ff1067f}
D/WifiService( 1371): acquireWifiLockLocked: WifiLock{NlpWifiLock type=2 binder=android.os.BinderProxy@2ed4a64c}
I/XiaomiFirewall(26794): firewall pkgName:com.google.android.gms, result:0x0
I/ServiceManager( 4037): Waiting for service goodix.fp...
I/SurfaceFlinger(  424): FPS: 1
D/WifiService( 1371): releaseWifiLockLocked: WifiLock{NlpWifiLock type=2 binder=android.os.BinderProxy@3ff1067f}
D/WifiService( 1371): releaseWifiLockLocked: WifiLock{NlpWifiLock type=2 binder=android.os.BinderProxy@2ed4a64c}
D/StatusBar.NetworkController( 3225): onSignalStrengthsChanged received on slotId :0signalStrength=SignalStrength: 99 0 -120 -160 -120 -1 -1 27 -92 -13 78 2147483647 2147483647 gsm|lte level=5 cdmdlevel=0 evdolevel=0
I/ServiceManager( 4037): Waiting for service goodix.fp...
I/SurfaceFlinger(  424): FPS: 1
I/ServiceManager(11908): Waiting for service AtCmdFwd...
D/wpa_supplicant( 3162): wlan0: Control interface command 'SIGNAL_POLL'
D/StatusBar.NetworkController( 3225): slot=-10;action=android.net.wifi.RSSI_CHANGED
D/StatusBar.NetworkController( 3225): updateNetworkName chosenNetType=13;mNetworkName[0]=Plus 4G
I/subsystem_ramdump(12732): Usage:./system/bin/subsystem_ramdump [arg1] [arg2] [arg3]
I/subsystem_ramdump(12732): [arg1]: (1/2) Ramdump location: 1: eMMC: /data/ramdump or 2: SD card: /sdcard/ramdump
I/subsystem_ramdump(12732): [arg2]: (1/0) 1: Enable RPM log / 0: Disable RPM log
I/subsystem_ramdump(12732): [arg3]: (1/0) 1: Enable qdss ramdump / 0: Disable qdss ramdump
I/subsystem_ramdump(12732):  Using default ramdump location 1: eMMC: /data/ramdump
I/subsystem_ramdump(12732):  Using default 0: Disable RPM log
I/subsystem_ramdump(12732):  Using default 0: Disable qdss ramdump
E/subsystem_ramdump(12732): Unable to open /dev
E/subsystem_ramdump(12732): Failed to find pil ramdump
I/ServiceManager( 4037): Waiting for service goodix.fp...
I/SurfaceFlinger(  424): FPS: 1
I/ServiceManager(11908): Waiting for service AtCmdFwd...
I/ServiceManager( 4037): Waiting for service goodix.fp...
I/WifiHAL ( 1371): Poll result = 1
I/WifiHAL ( 1371): Found some events!!!
D/WifiHAL ( 1371): no_seq_check received
I/WifiHAL ( 1371): event received NL80211_CMD_NEW_SCAN_RESULTS
I/WifiHAL ( 1371): event received NL80211_CMD_NEW_SCAN_RESULTS, vendor_id = 0x0
I/WifiHAL ( 1371): event ignored!!
D/wpa_supplicant( 3162): nl80211: Drv Event 34 (NL80211_CMD_NEW_SCAN_RESULTS) received for wlan0
D/wpa_supplicant( 3162): wlan0: nl80211: New scan results available
D/wpa_supplicant( 3162): nl80211: Scan included frequencies: 2412 2417 2422 2427 2432 2437 2442 2447 2452 2457 2462 2467 2472 5180 5200 5220 5240 5260 5280 5300 5320 5500 5520 5540 5560 5580 5600 5620 5640 5660 5680 5700
D/wpa_supplicant( 3162): wlan0: Event SCAN_RESULTS (3) received
D/wpa_supplicant( 3162): wlan0: Scan completed in 3.414093 seconds
D/wpa_supplicant( 3162): nl80211: Associated on 2437 MHz
D/wpa_supplicant( 3162): nl80211: Associated with 4c:60:de:33:82:18
D/wpa_supplicant( 3162): nl80211: Received scan results (7 BSSes)
D/wpa_supplicant( 3162): nl80211: Scan results indicate BSS status with 4c:60:de:33:82:18 as associated
D/wpa_supplicant( 3162): wlan0: BSS: Start scan result update 329
D/wpa_supplicant( 3162): wlan0: BSS: Add new id 516 BSSID a4:2b:b0:b5:3b:6c SSID 'anmag'
D/wpa_supplicant( 3162): CTRL_IFACE monitor sent successfully to /data/misc/wifi/sockets/wpa_ctrl_464-10\x00
D/wpa_supplicant( 3162): CTRL_IFACE monitor sent successfully to /data/misc/wifi/sockets/wpa_ctrl_1371-2\x00
D/wpa_supplicant( 3162): BSS: last_scan_res_used=7/128
D/wpa_supplicant( 3162): wlan0: Scan-only results received
D/wpa_supplicant( 3162): CTRL_IFACE monitor sent successfully to /data/misc/wifi/sockets/wpa_ctrl_464-10\x00
D/wpa_supplicant( 3162): CTRL_IFACE monitor sent successfully to /data/misc/wifi/sockets/wpa_ctrl_1371-2\x00
D/wpa_supplicant( 3162): wlan0: Radio work 'scan'@0x55c44f59f0 done in 3.429676 seconds
D/wpa_supplicant( 3162): wlan0: Control interface command 'BSS RANGE=0- MASK=0x23987'
D/LBSSystemMonitorService( 1371): handleMessage what - 4
D/Wiper_jni( 1371): Send Network Location.
D/LBSSystemMonitorService( 1371): handleMessage what - 7
D/Wiper_jni( 1371): Send Passive Location.
W/ctxmgr  ( 4804): [AclManager]No 2 for (accnt=account#-162297148#, com.google.android.gms(10014):UserLocationProducer, vrsn=10298000, 0, 3pPkg = null ,  3pMdlId = null). Was: 2 for 1, account#-162297148#
I/ServiceManager(11908): Waiting for service AtCmdFwd...
D/WifiService( 1371): releaseWifiLockLocked: WifiLock{NlpWifiLock type=2 binder=android.os.BinderProxy@1a977044}
I/MSM-irqbalance(  864): Decided to move IRQ104 from CPU3 to CPU0
I/ServiceManager( 4037): Waiting for service goodix.fp...
D/StatusBar.NetworkController( 3225): onSignalStrengthsChanged received on slotId :0signalStrength=SignalStrength: 99 0 -120 -160 -120 -1 -1 24 -94 -9 88 2147483647 2147483647 gsm|lte level=5 cdmdlevel=0 evdolevel=0
I/ServiceManager(11908): Waiting for service AtCmdFwd...
D/wpa_supplicant( 3162): wlan0: Control interface command 'SIGNAL_POLL'
D/StatusBar.NetworkController( 3225): slot=-10;action=android.net.wifi.RSSI_CHANGED
D/StatusBar.NetworkController( 3225): updateNetworkName chosenNetType=13;mNetworkName[0]=Plus 4G
D/FingerGoodix( 4037): go into while FingerPrint,getFingerPrintService()
I/SurfaceFlinger(  424): FPS: 1
I/ServiceManager(11908): Waiting for service AtCmdFwd...
I/ServiceManager( 4037): Waiting for service goodix.fp...
W/Atfwd_Sendcmd(11908): AtCmdFwd service not published, waiting... retryCnt : 1
I/ServiceManager( 4037): Waiting for service goodix.fp...
I/subsystem_ramdump(12735): Usage:./system/bin/subsystem_ramdump [arg1] [arg2] [arg3]
I/subsystem_ramdump(12735): [arg1]: (1/2) Ramdump location: 1: eMMC: /data/ramdump or 2: SD card: /sdcard/ramdump
I/subsystem_ramdump(12735): [arg2]: (1/0) 1: Enable RPM log / 0: Disable RPM log
I/subsystem_ramdump(12735): [arg3]: (1/0) 1: Enable qdss ramdump / 0: Disable qdss ramdump
I/subsystem_ramdump(12735):  Using default ramdump location 1: eMMC: /data/ramdump
I/subsystem_ramdump(12735):  Using default 0: Disable RPM log
I/subsystem_ramdump(12735):  Using default 0: Disable qdss ramdump
E/subsystem_ramdump(12735): Unable to open /dev
E/subsystem_ramdump(12735): Failed to find pil ramdump
D/StatusBar.NetworkController( 3225): onSignalStrengthsChanged received on slotId :0signalStrength=SignalStrength: 99 0 -120 -160 -120 -1 -1 26 -94 -12 -14 2147483647 2147483647 gsm|lte level=5 cdmdlevel=0 evdolevel=0
D/wpa_supplicant( 3162): wlan0: Control interface command 'SIGNAL_POLL'
I/ServiceManager( 4037): Waiting for service goodix.fp...
I/MSM-irqbalance(  864): Decided to move IRQ215 from CPU3 to CPU0
I/ServiceManager( 4037): Waiting for service goodix.fp...
I/SurfaceFlinger(  424): FPS: 1
I/ServiceManager( 4037): Waiting for service goodix.fp...
D/wpa_supplicant( 3162): wlan0: Control interface command 'SIGNAL_POLL'
D/StatusBar.NetworkController( 3225): slot=-10;action=android.net.wifi.RSSI_CHANGED
D/StatusBar.NetworkController( 3225): updateNetworkName chosenNetType=13;mNetworkName[0]=Plus 4G
D/FingerGoodix( 4037): go into while FingerPrint,getFingerPrintService()
I/ServiceManager( 4037): Waiting for service goodix.fp...
I/ServiceManager(11908): Waiting for service AtCmdFwd...
I/subsystem_ramdump(12737): Usage:./system/bin/subsystem_ramdump [arg1] [arg2] [arg3]
I/subsystem_ramdump(12737): [arg1]: (1/2) Ramdump location: 1: eMMC: /data/ramdump or 2: SD card: /sdcard/ramdump
I/subsystem_ramdump(12737): [arg2]: (1/0) 1: Enable RPM log / 0: Disable RPM log
I/subsystem_ramdump(12737): [arg3]: (1/0) 1: Enable qdss ramdump / 0: Disable qdss ramdump
I/subsystem_ramdump(12737):  Using default ramdump location 1: eMMC: /data/ramdump
I/subsystem_ramdump(12737):  Using default 0: Disable RPM log
I/subsystem_ramdump(12737):  Using default 0: Disable qdss ramdump
E/subsystem_ramdump(12737): Unable to open /dev
E/subsystem_ramdump(12737): Failed to find pil ramdump
I/ServiceManager( 4037): Waiting for service goodix.fp...
D/StatusBar.NetworkController( 3225): onSignalStrengthsChanged received on slotId :0signalStrength=SignalStrength: 99 0 -120 -160 -120 -1 -1 28 -92 -14 -10 2147483647 2147483647 gsm|lte level=5 cdmdlevel=0 evdolevel=0
I/ServiceManager(11908): Waiting for service AtCmdFwd...
I/ServiceManager( 4037): Waiting for service goodix.fp...
I/SurfaceFlinger(  424): FPS: 1
I/ServiceManager(11908): Waiting for service AtCmdFwd...
I/MSM-irqbalance(  864): Decided to move IRQ200 from CPU3 to CPU0
D/wpa_supplicant( 3162): wlan0: Control interface command 'SIGNAL_POLL'
D/StatusBar.NetworkController( 3225): slot=-10;action=android.net.wifi.RSSI_CHANGED
D/StatusBar.NetworkController( 3225): updateNetworkName chosenNetType=13;mNetworkName[0]=Plus 4G
I/ServiceManager( 4037): Waiting for service goodix.fp...
I/SurfaceFlinger(  424): FPS: 2
I/ServiceManager(11908): Waiting for service AtCmdFwd...
E/WifiStateMachine( 1371): WifiStateMachine CMD_START_SCAN source -2 txSuccessRate=0,17 rxSuccessRate=2,19 targetRoamBSSID=any RSSI=-54
D/wpa_supplicant( 3162): wlan0: Control interface command 'SCAN TYPE=ONLY'
D/wpa_supplicant( 3162): wlan0: Setting scan request: 0.000000 sec
D/wpa_supplicant( 3162): wlan0: Starting AP scan for wildcard SSID
D/wpa_supplicant( 3162): wlan0: Add radio work 'scan'@0x55c44f59f0
D/wpa_supplicant( 3162): wlan0: First radio work item in the queue - schedule start immediately
D/wpa_supplicant( 3162): wlan0: Starting radio work 'scan'@0x55c44f59f0 after 0.000048 second wait
D/wpa_supplicant( 3162): wlan0: nl80211: scan request
D/wpa_supplicant( 3162): Scan requested (ret=0) - scan timeout 30 seconds
D/wpa_supplicant( 3162): nl80211: Drv Event 33 (NL80211_CMD_TRIGGER_SCAN) received for wlan0
D/wpa_supplicant( 3162): wlan0: nl80211: Scan trigger
D/wpa_supplicant( 3162): wlan0: Event SCAN_STARTED (49) received
D/wpa_supplicant( 3162): wlan0: Own scan request started a scan in 0.000163 seconds
D/wpa_supplicant( 3162): CTRL_IFACE monitor sent successfully to /data/misc/wifi/sockets/wpa_ctrl_464-10\x00
D/wpa_supplicant( 3162): CTRL_IFACE monitor sent successfully to /data/misc/wifi/sockets/wpa_ctrl_1371-2\x00
I/WifiHAL ( 1371): Poll result = 1
I/WifiHAL ( 1371): Found some events!!!
D/WifiHAL ( 1371): no_seq_check received
I/WifiHAL ( 1371): event received NL80211_CMD_TRIGGER_SCAN
I/WifiHAL ( 1371): event received NL80211_CMD_TRIGGER_SCAN, vendor_id = 0x0
I/WifiHAL ( 1371): event ignored!!
D/StatusBar.NetworkController( 3225): onSignalStrengthsChanged received on slotId :0signalStrength=SignalStrength: 99 0 -120 -160 -120 -1 -1 26 -93 -10 32 2147483647 2147483647 gsm|lte level=5 cdmdlevel=0 evdolevel=0
I/ServiceManager( 4037): Waiting for service goodix.fp...
I/ServiceManager(11908): Waiting for service AtCmdFwd...
D/FingerGoodix( 4037): go into while FingerPrint,getFingerPrintService()
W/Atfwd_Sendcmd(11908): AtCmdFwd service not published, waiting... retryCnt : 2
D/wpa_supplicant( 3162): wlan0: Control interface command 'SIGNAL_POLL'
I/ServiceManager( 4037): Waiting for service goodix.fp...
D/StatusBar.NetworkController( 3225): slot=-10;action=android.net.wifi.RSSI_CHANGED
D/StatusBar.NetworkController( 3225): updateNetworkName chosenNetType=13;mNetworkName[0]=Plus 4G
I/subsystem_ramdump(12741): Usage:./system/bin/subsystem_ramdump [arg1] [arg2] [arg3]
I/subsystem_ramdump(12741): [arg1]: (1/2) Ramdump location: 1: eMMC: /data/ramdump or 2: SD card: /sdcard/ramdump
I/subsystem_ramdump(12741): [arg2]: (1/0) 1: Enable RPM log / 0: Disable RPM log
I/subsystem_ramdump(12741): [arg3]: (1/0) 1: Enable qdss ramdump / 0: Disable qdss ramdump
I/subsystem_ramdump(12741):  Using default ramdump location 1: eMMC: /data/ramdump
I/subsystem_ramdump(12741):  Using default 0: Disable RPM log
I/subsystem_ramdump(12741):  Using default 0: Disable qdss ramdump
E/subsystem_ramdump(12741): Unable to open /dev
E/subsystem_ramdump(12741): Failed to find pil ramdump
I/SurfaceFlinger(  424): FPS: 1
W/OpenGLRenderer( 4126): Incorrectly called buildLayer on View: D6, destroying layer...
I/ServiceManager( 4037): Waiting for service goodix.fp...
I/WifiHAL ( 1371): Poll result = 1
I/WifiHAL ( 1371): Found some events!!!
D/WifiHAL ( 1371): no_seq_check received
I/WifiHAL ( 1371): event received NL80211_CMD_NEW_SCAN_RESULTS
I/WifiHAL ( 1371): event received NL80211_CMD_NEW_SCAN_RESULTS, vendor_id = 0x0
I/WifiHAL ( 1371): event ignored!!
D/wpa_supplicant( 3162): nl80211: Drv Event 34 (NL80211_CMD_NEW_SCAN_RESULTS) received for wlan0
D/wpa_supplicant( 3162): wlan0: nl80211: New scan results available
D/wpa_supplicant( 3162): nl80211: Scan included frequencies: 2412 2417 2422 2427 2432 2437 2442 2447 2452 2457 2462 2467 2472 5180 5200 5220 5240 5260 5280 5300 5320 5500 5520 5540 5560 5580 5600 5620 5640 5660 5680 5700
D/wpa_supplicant( 3162): wlan0: Event SCAN_RESULTS (3) received
D/wpa_supplicant( 3162): wlan0: Scan completed in 3.514262 seconds
D/wpa_supplicant( 3162): nl80211: Associated on 2437 MHz
D/wpa_supplicant( 3162): nl80211: Associated with 4c:60:de:33:82:18
D/wpa_supplicant( 3162): nl80211: Received scan results (7 BSSes)
D/wpa_supplicant( 3162): nl80211: Scan results indicate BSS status with 4c:60:de:33:82:18 as associated
D/wpa_supplicant( 3162): wlan0: BSS: Start scan result update 330
D/wpa_supplicant( 3162): BSS: last_scan_res_used=7/128
D/wpa_supplicant( 3162): wlan0: Scan-only results received
D/wpa_supplicant( 3162): CTRL_IFACE monitor sent successfully to /data/misc/wifi/sockets/wpa_ctrl_464-10\x00
D/wpa_supplicant( 3162): CTRL_IFACE monitor sent successfully to /data/misc/wifi/sockets/wpa_ctrl_1371-2\x00
D/wpa_supplicant( 3162): wlan0: Radio work 'scan'@0x55c44f59f0 done in 3.530069 seconds
D/wpa_supplicant( 3162): wlan0: Control interface command 'BSS RANGE=0- MASK=0x23987'
D/LBSSystemMonitorService( 1371): handleMessage what - 4
D/Wiper_jni( 1371): Send Network Location.
I/MSM-irqbalance(  864): Decided to move IRQ222 from CPU3 to CPU0
I/ServiceManager( 4037): Waiting for service goodix.fp...
I/ServiceManager( 4037): Waiting for service goodix.fp...
D/wpa_supplicant( 3162): wlan0: Control interface command 'SIGNAL_POLL'
D/StatusBar.NetworkController( 3225): slot=-10;action=android.net.wifi.RSSI_CHANGED
D/StatusBar.NetworkController( 3225): updateNetworkName chosenNetType=13;mNetworkName[0]=Plus 4G
D/StatusBar.NetworkController( 3225): onSignalStrengthsChanged received on slotId :0signalStrength=SignalStrength: 99 0 -120 -160 -120 -1 -1 26 -95 -13 88 2147483647 2147483647 gsm|lte level=5 cdmdlevel=0 evdolevel=0
I/ServiceManager( 4037): Waiting for service goodix.fp...
