I/SurfaceFlinger(  424): FPS: 6
D/FingerGoodix( 4037): go into while FingerPrint,getFingerPrintService()
I/subsystem_ramdump(12743): Usage:./system/bin/subsystem_ramdump [arg1] [arg2] [arg3]
I/subsystem_ramdump(12743): [arg1]: (1/2) Ramdump location: 1: eMMC: /data/ramdump or 2: SD card: /sdcard/ramdump
I/subsystem_ramdump(12743): [arg2]: (1/0) 1: Enable RPM log / 0: Disable RPM log
I/subsystem_ramdump(12743): [arg3]: (1/0) 1: Enable qdss ramdump / 0: Disable qdss ramdump
I/subsystem_ramdump(12743):  Using default ramdump location 1: eMMC: /data/ramdump
I/subsystem_ramdump(12743):  Using default 0: Disable RPM log
I/subsystem_ramdump(12743):  Using default 0: Disable qdss ramdump
E/subsystem_ramdump(12743): Unable to open /dev
E/subsystem_ramdump(12743): Failed to find pil ramdump
I/ServiceManager( 4037): Waiting for service goodix.fp...
D/StatusBar.NetworkController( 3225): onSignalStrengthsChanged received on slotId :0signalStrength=SignalStrength: 99 0 -120 -160 -120 -1 -1 25 -94 -11 98 2147483647 2147483647 gsm|lte level=5 cdmdlevel=0 evdolevel=0
D/wpa_supplicant( 3162): wlan0: Control interface command 'SIGNAL_POLL'
I/Analytics-Core-JobSchedulerService(12330): onStartJob
V/UidProcStateHelper( 1371): process state changed:[12330,10038,4]
V/UidProcStateHelper( 1371): process state changed:[12330,10038,7]
I/ServiceManager( 4037): Waiting for service goodix.fp...
I/MSM-irqbalance(  864): Decided to move IRQ57 from CPU3 to CPU0
D/StatusBar.NetworkController( 3225): onSignalStrengthsChanged received on slotId :0signalStrength=SignalStrength: 99 0 -120 -160 -120 -1 -1 28 -89 -12 60 2147483647 2147483647 gsm|lte level=5 cdmdlevel=0 evdolevel=0
I/ServiceManager( 4037): Waiting for service goodix.fp...
I/ServiceManager( 4037): Waiting for service goodix.fp...
I/SurfaceFlinger(  424): FPS: 1
D/wpa_supplicant( 3162): wlan0: Control interface command 'SIGNAL_POLL'
I/ServiceManager( 4037): Waiting for service goodix.fp...
I/ServiceManager(11908): Waiting for service AtCmdFwd...
I/subsystem_ramdump(12747): Usage:./system/bin/subsystem_ramdump [arg1] [arg2] [arg3]
I/subsystem_ramdump(12747): [arg1]: (1/2) Ramdump location: 1: eMMC: /data/ramdump or 2: SD card: /sdcard/ramdump
I/subsystem_ramdump(12747): [arg2]: (1/0) 1: Enable RPM log / 0: Disable RPM log
I/subsystem_ramdump(12747): [arg3]: (1/0) 1: Enable qdss ramdump / 0: Disable qdss ramdump
I/subsystem_ramdump(12747):  Using default ramdump location 1: eMMC: /data/ramdump
I/subsystem_ramdump(12747):  Using default 0: Disable RPM log
I/subsystem_ramdump(12747):  Using default 0: Disable qdss ramdump
E/subsystem_ramdump(12747): Unable to open /dev
E/subsystem_ramdump(12747): Failed to find pil ramdump
D/FingerGoodix( 4037): go into while FingerPrint,getFingerPrintService()
I/ServiceManager(11908): Waiting for service AtCmdFwd...
D/StatusBar.NetworkController( 3225): onSignalStrengthsChanged received on slotId :0signalStrength=SignalStrength: 99 0 -120 -160 -120 -1 -1 27 -90 -11 86 2147483647 2147483647 gsm|lte level=5 cdmdlevel=0 evdolevel=0
I/ServiceManager( 4037): Waiting for service goodix.fp...
I/SurfaceFlinger(  424): FPS: 1
I/ServiceManager(11908): Waiting for service AtCmdFwd...
I/ServiceManager( 4037): Waiting for service goodix.fp...
D/wpa_supplicant( 3162): wlan0: Control interface command 'SIGNAL_POLL'
D/StatusBar.NetworkController( 3225): slot=-10;action=android.net.wifi.RSSI_CHANGED
D/StatusBar.NetworkController( 3225): updateNetworkName chosenNetType=13;mNetworkName[0]=Plus 4G
I/SurfaceFlinger(  424): FPS: 1
I/ServiceManager(11908): Waiting for service AtCmdFwd...
I/ServiceManager( 4037): Waiting for service goodix.fp...
I/ServiceManager(11908): Waiting for service AtCmdFwd...
I/ServiceManager( 4037): Waiting for service goodix.fp...
W/Atfwd_Sendcmd(11908): AtCmdFwd service not published, waiting... retryCnt : 3
D/StatusBar.NetworkController( 3225): onSignalStrengthsChanged received on slotId :0signalStrength=SignalStrength: 99 0 -120 -160 -120 -1 -1 29 -89 -11 -20 2147483647 2147483647 gsm|lte level=5 cdmdlevel=0 evdolevel=0
I/ServiceManager( 4037): Waiting for service goodix.fp...
D/wpa_supplicant( 3162): wlan0: Control interface command 'SIGNAL_POLL'
I/subsystem_ramdump(12750): Usage:./system/bin/subsystem_ramdump [arg1] [arg2] [arg3]
I/subsystem_ramdump(12750): [arg1]: (1/2) Ramdump location: 1: eMMC: /data/ramdump or 2: SD card: /sdcard/ramdump
I/subsystem_ramdump(12750): [arg2]: (1/0) 1: Enable RPM log / 0: Disable RPM log
I/subsystem_ramdump(12750): [arg3]: (1/0) 1: Enable qdss ramdump / 0: Disable qdss ramdump
I/subsystem_ramdump(12750):  Using default ramdump location 1: eMMC: /data/ramdump
I/subsystem_ramdump(12750):  Using default 0: Disable RPM log
I/subsystem_ramdump(12750):  Using default 0: Disable qdss ramdump
E/subsystem_ramdump(12750): Unable to open /dev
E/subsystem_ramdump(12750): Failed to find pil ramdump
D/FingerGoodix( 4037): go into while FingerPrint,getFingerPrintService()
I/ServiceManager( 4037): Waiting for service goodix.fp...
I/SurfaceFlinger(  424): FPS: 1
I/MSM-irqbalance(  864): Decided to move IRQ177 from CPU3 to CPU2
I/ServiceManager( 4037): Waiting for service goodix.fp...
E/WifiStateMachine( 1371): WifiStateMachine CMD_START_SCAN source -2 txSuccessRate=0,00 rxSuccessRate=1,51 targetRoamBSSID=any RSSI=-56
E/WifiStateMachine( 1371): WifiStateMachine starting scan for "bozena2"-WPA_PSK with 2437
D/wpa_supplicant( 3162): wlan0: Control interface command 'SCAN TYPE=ONLY freq=2437'
D/wpa_supplicant( 3162): wlan0: Setting scan request: 0.000000 sec
D/wpa_supplicant( 3162): wlan0: Starting AP scan for wildcard SSID
D/wpa_supplicant( 3162): wlan0: Limit manual scan to specified channels
D/wpa_supplicant( 3162): wlan0: Add radio work 'scan'@0x55c44f59f0
D/wpa_supplicant( 3162): wlan0: First radio work item in the queue - schedule start immediately
D/wpa_supplicant( 3162): wlan0: Starting radio work 'scan'@0x55c44f59f0 after 0.000048 second wait
D/wpa_supplicant( 3162): wlan0: nl80211: scan request
D/wpa_supplicant( 3162): Scan requested (ret=0) - scan timeout 30 seconds
D/wpa_supplicant( 3162): nl80211: Drv Event 33 (NL80211_CMD_TRIGGER_SCAN) received for wlan0
D/wpa_supplicant( 3162): wlan0: nl80211: Scan trigger
D/wpa_supplicant( 3162): wlan0: Event SCAN_STARTED (49) received
D/wpa_supplicant( 3162): wlan0: Own scan request started a scan in 0.000159 seconds
D/wpa_supplicant( 3162): CTRL_IFACE monitor sent successfully to /data/misc/wifi/sockets/wpa_ctrl_464-10\x00
D/wpa_supplicant( 3162): CTRL_IFACE monitor sent successfully to /data/misc/wifi/sockets/wpa_ctrl_1371-2\x00
I/WifiHAL ( 1371): Poll result = 1
I/WifiHAL ( 1371): Found some events!!!
D/WifiHAL ( 1371): no_seq_check received
I/WifiHAL ( 1371): event received NL80211_CMD_TRIGGER_SCAN
I/WifiHAL ( 1371): event received NL80211_CMD_TRIGGER_SCAN, vendor_id = 0x0
I/WifiHAL ( 1371): event ignored!!
I/WifiHAL ( 1371): Poll result = 1
I/WifiHAL ( 1371): Found some events!!!
D/WifiHAL ( 1371): no_seq_check received
I/WifiHAL ( 1371): event received NL80211_CMD_NEW_SCAN_RESULTS
I/WifiHAL ( 1371): event received NL80211_CMD_NEW_SCAN_RESULTS, vendor_id = 0x0
I/WifiHAL ( 1371): event ignored!!
D/wpa_supplicant( 3162): nl80211: Drv Event 34 (NL80211_CMD_NEW_SCAN_RESULTS) received for wlan0
D/wpa_supplicant( 3162): wlan0: nl80211: New scan results available
D/wpa_supplicant( 3162): nl80211: Scan included frequencies: 2437
D/wpa_supplicant( 3162): wlan0: Event SCAN_RESULTS (3) received
D/wpa_supplicant( 3162): wlan0: Scan completed in 0.081125 seconds
D/wpa_supplicant( 3162): nl80211: Associated on 2437 MHz
D/wpa_supplicant( 3162): nl80211: Associated with 4c:60:de:33:82:18
D/wpa_supplicant( 3162): nl80211: Received scan results (7 BSSes)
D/wpa_supplicant( 3162): nl80211: Scan results indicate BSS status with 4c:60:de:33:82:18 as associated
D/wpa_supplicant( 3162): wlan0: BSS: Start scan result update 331
D/wpa_supplicant( 3162): BSS: last_scan_res_used=7/128
D/wpa_supplicant( 3162): wlan0: Scan-only results received
D/wpa_supplicant( 3162): CTRL_IFACE monitor sent successfully to /data/misc/wifi/sockets/wpa_ctrl_464-10\x00
D/wpa_supplicant( 3162): CTRL_IFACE monitor sent successfully to /data/misc/wifi/sockets/wpa_ctrl_1371-2\x00
D/wpa_supplicant( 3162): wlan0: Radio work 'scan'@0x55c44f59f0 done in 0.097104 seconds
D/wpa_supplicant( 3162): wlan0: Control interface command 'BSS RANGE=0- MASK=0x23987'
D/wpa_supplicant( 3162): wlan0: Control interface command 'SIGNAL_POLL'
D/StatusBar.NetworkController( 3225): slot=-10;action=android.net.wifi.RSSI_CHANGED
D/StatusBar.NetworkController( 3225): updateNetworkName chosenNetType=13;mNetworkName[0]=Plus 4G
V/UidProcStateHelper( 1371): process state changed:[30467,10093,7]
V/UidProcStateHelper( 1371): process state changed:[32248,10093,7]
I/ServiceManager( 4037): Waiting for service goodix.fp...
V/UidProcStateHelper( 1371): process state changed:[30467,10093,3]
V/UidProcStateHelper( 1371): process state changed:[30467,10093,7]
E/SQLiteLog(30467): (284) automatic index on sqlite_sq_ABD59830(thread_key)
I/SurfaceFlinger(  424): FPS: 2
D/StatusBar.NetworkController( 3225): onSignalStrengthsChanged received on slotId :0signalStrength=SignalStrength: 99 0 -120 -160 -120 -1 -1 25 -94 -12 -20 2147483647 2147483647 gsm|lte level=5 cdmdlevel=0 evdolevel=0
V/UidProcStateHelper( 1371): process state changed:[30467,10093,3]
V/UidProcStateHelper( 1371): process state changed:[30467,10093,7]
E/SQLiteLog(30467): (284) automatic index on sqlite_sq_ABD7F110(thread_key)
V/UidProcStateHelper( 1371): process state changed:[30467,10093,3]
V/UidProcStateHelper( 1371): process state changed:[30467,10093,7]
V/UidProcStateHelper( 1371): process state changed:[30467,10093,3]
E/SQLiteLog(30467): (284) automatic index on sqlite_sq_AC18C0D0(thread_key)
V/UidProcStateHelper( 1371): process state changed:[30467,10093,7]
V/UidProcStateHelper( 1371): process state changed:[30467,10093,3]
V/UidProcStateHelper( 1371): process state changed:[30467,10093,7]
W/View    (30467): requestLayout() improperly called by X.79U{2ed9e96a V.E..... ......ID 0,0-1080,408} during layout: running second layout pass
V/UidProcStateHelper( 1371): process state changed:[30467,10093,3]
V/UidProcStateHelper( 1371): process state changed:[30467,10093,7]
V/UidProcStateHelper( 1371): process state changed:[30467,10093,3]
V/UidProcStateHelper( 1371): process state changed:[30467,10093,7]
V/UidProcStateHelper( 1371): process state changed:[30467,10093,3]
V/UidProcStateHelper( 1371): process state changed:[30467,10093,7]
V/UidProcStateHelper( 1371): process state changed:[30467,10093,3]
V/UidProcStateHelper( 1371): process state changed:[30467,10093,7]
V/UidProcStateHelper( 1371): process state changed:[30467,10093,3]
V/UidProcStateHelper( 1371): process state changed:[30467,10093,7]
V/UidProcStateHelper( 1371): process state changed:[30467,10093,3]
V/UidProcStateHelper( 1371): process state changed:[30467,10093,7]
V/UidProcStateHelper( 1371): process state changed:[30467,10093,3]
V/UidProcStateHelper( 1371): process state changed:[30467,10093,7]
V/UidProcStateHelper( 1371): process state changed:[30467,10093,3]
V/UidProcStateHelper( 1371): process state changed:[30467,10093,7]
V/UidProcStateHelper( 1371): process state changed:[30467,10093,3]
V/UidProcStateHelper( 1371): process state changed:[30467,10093,7]
V/UidProcStateHelper( 1371): process state changed:[30467,10093,3]
V/UidProcStateHelper( 1371): process state changed:[30467,10093,7]
V/UidProcStateHelper( 1371): process state changed:[30467,10093,3]
V/UidProcStateHelper( 1371): process state changed:[30467,10093,7]
V/UidProcStateHelper( 1371): process state changed:[30467,10093,3]
V/UidProcStateHelper( 1371): process state changed:[32248,10093,3]
D/ZenLog  ( 1371): not_intercepted: 0|com.facebook.orca|10000|GROUP:1307300819350638|10093,miui_silent
D/zhoumingliang( 1371): isTcltest==false
D/PhoneStatusBar( 3225): addNotification pkg=com.facebook.orca;basepkg=com.facebook.orca;id=10000
W/ProgressBarDelegate( 3225): Unknown Drawable subclass, src=android.graphics.drawable.ScaleDrawable@2d2f61a2
W/ProgressBarDelegate( 3225): Unknown Drawable subclass, src=android.graphics.drawable.ScaleDrawable@12381e33
W/ProgressBarDelegate( 3225): Unknown Drawable subclass, src=android.graphics.drawable.ScaleDrawable@21cc4d95
W/ProgressBarDelegate( 3225): Unknown Drawable subclass, src=android.graphics.drawable.ScaleDrawable@39de9eaa
D/ConnectivityService( 1371): returning Blocked NetworkInfo for ifname=wlan0, uid=10095
D/ConnectivityService( 1371): returning Blocked NetworkInfo for ifname=wlan0, uid=10095
D/ConnectivityService( 1371): returning Blocked NetworkInfo for ifname=wlan0, uid=10095
D/ConnectivityService( 1371): returning Blocked NetworkInfo for ifname=wlan0, uid=10095
D/ConnectivityService( 1371): returning Blocked NetworkInfo for ifname=wlan0, uid=10095
D/ConnectivityService( 1371): returning Blocked NetworkInfo for ifname=wlan0, uid=10095
D/DnsProxyBlocker(  440): hasUid: restrict uid(10095)
E/DnsProxyListener(  440): block dns query from uid = 10095
I/XiaomiFirewall(26794): firewall pkgName:com.facebook.katana, result:0x0
W/FrameworkListener(  440): Handler 'getaddrinfo' error (Success)
D/DnsProxyBlocker(  440): hasUid: restrict uid(10095)
E/DnsProxyListener(  440): block dns query from uid = 10095
W/FrameworkListener(  440): Handler 'getaddrinfo' error (Success)
I/ServiceManager( 4037): Waiting for service goodix.fp...
V/UidProcStateHelper( 1371): process state changed:[30467,10093,7]
V/UidProcStateHelper( 1371): process state changed:[32248,10093,7]
V/UidProcStateHelper( 1371): process state changed:[30467,10093,3]
V/UidProcStateHelper( 1371): process state changed:[30467,10093,7]
V/UidProcStateHelper( 1371): process state changed:[30467,10093,3]
I/SurfaceFlinger(  424): FPS: 26
D/DnsProxyBlocker(  440): hasUid: restrict uid(10095)
E/DnsProxyListener(  440): block dns query from uid = 10095
W/FrameworkListener(  440): Handler 'getaddrinfo' error (Success)
I/subsystem_ramdump(12769): Usage:./system/bin/subsystem_ramdump [arg1] [arg2] [arg3]
I/subsystem_ramdump(12769): [arg1]: (1/2) Ramdump location: 1: eMMC: /data/ramdump or 2: SD card: /sdcard/ramdump
I/subsystem_ramdump(12769): [arg2]: (1/0) 1: Enable RPM log / 0: Disable RPM log
I/subsystem_ramdump(12769): [arg3]: (1/0) 1: Enable qdss ramdump / 0: Disable qdss ramdump
I/subsystem_ramdump(12769):  Using default ramdump location 1: eMMC: /data/ramdump
I/subsystem_ramdump(12769):  Using default 0: Disable RPM log
I/subsystem_ramdump(12769):  Using default 0: Disable qdss ramdump
E/subsystem_ramdump(12769): Unable to open /dev
E/subsystem_ramdump(12769): Failed to find pil ramdump
I/ServiceManager( 4037): Waiting for service goodix.fp...
D/DnsProxyBlocker(  440): hasUid: restrict uid(10095)
E/DnsProxyListener(  440): block dns query from uid = 10095
I/XiaomiFirewall(26794): firewall pkgName:com.facebook.katana, result:0x0
W/FrameworkListener(  440): Handler 'getaddrinfo' error (Success)
D/wpa_supplicant( 3162): wlan0: Control interface command 'SIGNAL_POLL'
D/FingerGoodix( 4037): go into while FingerPrint,getFingerPrintService()
D/LocationAppRuleChecker( 6324): updateStateForTimeOutLocked, uid: 10112
D/LocationAppRuleChecker( 6324): updateRuleForUidLocked, uid = 10112 rule = 1
D/LocationController( 6324): setUidState, uid = 10112 allow = false
V/LocationPolicy( 1371): writePolicyLocked()
I/ServiceManager( 4037): Waiting for service goodix.fp...
D/ConnectivityService( 1371): returning Blocked NetworkInfo for ifname=wlan0, uid=10095
D/ConnectivityService( 1371): returning Blocked NetworkInfo for ifname=wlan0, uid=10095
D/StatusBar.NetworkController( 3225): onSignalStrengthsChanged received on slotId :0signalStrength=SignalStrength: 99 0 -120 -160 -120 -1 -1 28 -92 -11 -20 2147483647 2147483647 gsm|lte level=5 cdmdlevel=0 evdolevel=0
I/ServiceManager( 4037): Waiting for service goodix.fp...
I/SurfaceFlinger(  424): FPS: 2
I/ServiceManager( 4037): Waiting for service goodix.fp...
D/wpa_supplicant( 3162): wlan0: Control interface command 'SIGNAL_POLL'
I/ServiceManager( 4037): Waiting for service goodix.fp...
I/subsystem_ramdump(12771): Usage:./system/bin/subsystem_ramdump [arg1] [arg2] [arg3]
I/subsystem_ramdump(12771): [arg1]: (1/2) Ramdump location: 1: eMMC: /data/ramdump or 2: SD card: /sdcard/ramdump
I/subsystem_ramdump(12771): [arg2]: (1/0) 1: Enable RPM log / 0: Disable RPM log
I/subsystem_ramdump(12771): [arg3]: (1/0) 1: Enable qdss ramdump / 0: Disable qdss ramdump
I/subsystem_ramdump(12771):  Using default ramdump location 1: eMMC: /data/ramdump
I/subsystem_ramdump(12771):  Using default 0: Disable RPM log
I/subsystem_ramdump(12771):  Using default 0: Disable qdss ramdump
E/subsystem_ramdump(12771): Unable to open /dev
E/subsystem_ramdump(12771): Failed to find pil ramdump
D/ConnectivityService( 1371): returning Blocked NetworkInfo for ifname=wlan0, uid=10108
I/ServiceManager( 4037): Waiting for service goodix.fp...
D/StatusBar.NetworkController( 3225): onSignalStrengthsChanged received on slotId :0signalStrength=SignalStrength: 99 0 -120 -160 -120 -1 -1 26 -95 -11 34 2147483647 2147483647 gsm|lte level=5 cdmdlevel=0 evdolevel=0
I/MSM-irqbalance(  864): Decided to move IRQ200 from CPU3 to CPU2
D/FingerGoodix( 4037): go into while FingerPrint,getFingerPrintService()
D/wpa_supplicant( 3162): wlan0: Control interface command 'SIGNAL_POLL'
I/ServiceManager( 4037): Waiting for service goodix.fp...
I/ServiceManager( 4037): Waiting for service goodix.fp...
I/SurfaceFlinger(  424): FPS: 51
D/ZenLog  ( 1371): not_intercepted: 0|com.facebook.orca|10000|GROUP:1307300819350638|10093,miui_silent
I/ServiceManager( 4037): Waiting for service goodix.fp...
I/ServiceManager(11908): Waiting for service AtCmdFwd...
I/subsystem_ramdump(12774): Usage:./system/bin/subsystem_ramdump [arg1] [arg2] [arg3]
I/subsystem_ramdump(12774): [arg1]: (1/2) Ramdump location: 1: eMMC: /data/ramdump or 2: SD card: /sdcard/ramdump
I/subsystem_ramdump(12774): [arg2]: (1/0) 1: Enable RPM log / 0: Disable RPM log
I/subsystem_ramdump(12774): [arg3]: (1/0) 1: Enable qdss ramdump / 0: Disable qdss ramdump
I/subsystem_ramdump(12774):  Using default ramdump location 1: eMMC: /data/ramdump
I/subsystem_ramdump(12774):  Using default 0: Disable RPM log
I/subsystem_ramdump(12774):  Using default 0: Disable qdss ramdump
E/subsystem_ramdump(12774): Unable to open /dev
E/subsystem_ramdump(12774): Failed to find pil ramdump
D/wpa_supplicant( 3162): wlan0: Control interface command 'SIGNAL_POLL'
I/ServiceManager( 4037): Waiting for service goodix.fp...
I/ServiceManager(11908): Waiting for service AtCmdFwd...
I/ServiceManager( 4037): Waiting for service goodix.fp...
I/ServiceManager(11908): Waiting for service AtCmdFwd...
I/MSM-irqbalance(  864): Decided to move IRQ321 from CPU3 to CPU2
D/FingerGoodix( 4037): go into while FingerPrint,getFingerPrintService()
I/ServiceManager(11908): Waiting for service AtCmdFwd...
I/SurfaceFlinger(  424): FPS: 1
I/ServiceManager( 4037): Waiting for service goodix.fp...
D/wpa_supplicant( 3162): wlan0: Control interface command 'SIGNAL_POLL'
D/StatusBar.NetworkController( 3225): slot=-10;action=android.net.wifi.RSSI_CHANGED
D/StatusBar.NetworkController( 3225): updateNetworkName chosenNetType=13;mNetworkName[0]=Plus 4G
I/ServiceManager(11908): Waiting for service AtCmdFwd...
D/StatusBar.NetworkController( 3225): onSignalStrengthsChanged received on slotId :0signalStrength=SignalStrength: 99 0 -120 -160 -120 -1 -1 25 -95 -11 92 2147483647 2147483647 gsm|lte level=5 cdmdlevel=0 evdolevel=0
I/ServiceManager( 4037): Waiting for service goodix.fp...
W/Atfwd_Sendcmd(11908): AtCmdFwd service not published, waiting... retryCnt : 4
I/ServiceManager( 4037): Waiting for service goodix.fp...
I/subsystem_ramdump(12778): Usage:./system/bin/subsystem_ramdump [arg1] [arg2] [arg3]
I/subsystem_ramdump(12778): [arg1]: (1/2) Ramdump location: 1: eMMC: /data/ramdump or 2: SD card: /sdcard/ramdump
I/subsystem_ramdump(12778): [arg2]: (1/0) 1: Enable RPM log / 0: Disable RPM log
I/subsystem_ramdump(12778): [arg3]: (1/0) 1: Enable qdss ramdump / 0: Disable qdss ramdump
I/subsystem_ramdump(12778):  Using default ramdump location 1: eMMC: /data/ramdump
I/subsystem_ramdump(12778):  Using default 0: Disable RPM log
I/subsystem_ramdump(12778):  Using default 0: Disable qdss ramdump
E/subsystem_ramdump(12778): Unable to open /dev
E/subsystem_ramdump(12778): Failed to find pil ramdump
I/SurfaceFlinger(  424): FPS: 1
I/ServiceManager( 4037): Waiting for service goodix.fp...
D/wpa_supplicant( 3162): wlan0: Control interface command 'SIGNAL_POLL'
D/StatusBar.NetworkController( 3225): slot=-10;action=android.net.wifi.RSSI_CHANGED
D/StatusBar.NetworkController( 3225): updateNetworkName chosenNetType=13;mNetworkName[0]=Plus 4G
D/StatusBar.NetworkController( 3225): onSignalStrengthsChanged received on slotId :0signalStrength=SignalStrength: 99 0 -120 -160 -120 -1 -1 27 -94 -13 30 2147483647 2147483647 gsm|lte level=5 cdmdlevel=0 evdolevel=0
I/SurfaceFlinger(  424): FPS: 1
I/MSM-irqbalance(  864): Decided to move IRQ104 from CPU0 to CPU1
I/ServiceManager( 4037): Waiting for service goodix.fp...
E/WifiStateMachine( 1371): WifiStateMachine CMD_START_SCAN source -2 txSuccessRate=0,09 rxSuccessRate=1,60 targetRoamBSSID=any RSSI=-53
E/WifiStateMachine( 1371): WifiStateMachine starting scan for "bozena2"-WPA_PSK with 2437
D/wpa_supplicant( 3162): wlan0: Control interface command 'SCAN TYPE=ONLY freq=2437'
D/wpa_supplicant( 3162): wlan0: Setting scan request: 0.000000 sec
D/wpa_supplicant( 3162): wlan0: Starting AP scan for wildcard SSID
D/wpa_supplicant( 3162): wlan0: Limit manual scan to specified channels
D/wpa_supplicant( 3162): wlan0: Add radio work 'scan'@0x55c44f59f0
D/wpa_supplicant( 3162): wlan0: First radio work item in the queue - schedule start immediately
D/wpa_supplicant( 3162): wlan0: Starting radio work 'scan'@0x55c44f59f0 after 0.000049 second wait
D/wpa_supplicant( 3162): wlan0: nl80211: scan request
D/wpa_supplicant( 3162): Scan requested (ret=0) - scan timeout 30 seconds
D/wpa_supplicant( 3162): nl80211: Drv Event 33 (NL80211_CMD_TRIGGER_SCAN) received for wlan0
D/wpa_supplicant( 3162): wlan0: nl80211: Scan trigger
D/wpa_supplicant( 3162): wlan0: Event SCAN_STARTED (49) received
D/wpa_supplicant( 3162): wlan0: Own scan request started a scan in 0.000151 seconds
D/wpa_supplicant( 3162): CTRL_IFACE monitor sent successfully to /data/misc/wifi/sockets/wpa_ctrl_464-10\x00
D/wpa_supplicant( 3162): CTRL_IFACE monitor sent successfully to /data/misc/wifi/sockets/wpa_ctrl_1371-2\x00
I/WifiHAL ( 1371): Poll result = 1
I/WifiHAL ( 1371): Found some events!!!
D/WifiHAL ( 1371): no_seq_check received
I/WifiHAL ( 1371): event received NL80211_CMD_TRIGGER_SCAN
I/WifiHAL ( 1371): event received NL80211_CMD_TRIGGER_SCAN, vendor_id = 0x0
I/WifiHAL ( 1371): event ignored!!
I/WifiHAL ( 1371): Poll result = 1
I/WifiHAL ( 1371): Found some events!!!
D/WifiHAL ( 1371): no_seq_check received
I/WifiHAL ( 1371): event received NL80211_CMD_NEW_SCAN_RESULTS
I/WifiHAL ( 1371): event received NL80211_CMD_NEW_SCAN_RESULTS, vendor_id = 0x0
I/WifiHAL ( 1371): event ignored!!
D/wpa_supplicant( 3162): nl80211: Drv Event 34 (NL80211_CMD_NEW_SCAN_RESULTS) received for wlan0
D/wpa_supplicant( 3162): wlan0: nl80211: New scan results available
D/wpa_supplicant( 3162): nl80211: Scan included frequencies: 2437
D/wpa_supplicant( 3162): wlan0: Event SCAN_RESULTS (3) received
D/wpa_supplicant( 3162): wlan0: Scan completed in 0.076443 seconds
D/wpa_supplicant( 3162): nl80211: Associated on 2437 MHz
D/wpa_supplicant( 3162): nl80211: Associated with 4c:60:de:33:82:18
D/wpa_supplicant( 3162): nl80211: Received scan results (7 BSSes)
D/wpa_supplicant( 3162): nl80211: Scan results indicate BSS status with 4c:60:de:33:82:18 as associated
D/wpa_supplicant( 3162): wlan0: BSS: Start scan result update 332
D/wpa_supplicant( 3162): BSS: last_scan_res_used=7/128
D/wpa_supplicant( 3162): wlan0: Scan-only results received
D/wpa_supplicant( 3162): CTRL_IFACE monitor sent successfully to /data/misc/wifi/sockets/wpa_ctrl_464-10\x00
D/wpa_supplicant( 3162): CTRL_IFACE monitor sent successfully to /data/misc/wifi/sockets/wpa_ctrl_1371-2\x00
D/wpa_supplicant( 3162): wlan0: Radio work 'scan'@0x55c44f59f0 done in 0.091205 seconds
D/wpa_supplicant( 3162): wlan0: Control interface command 'BSS RANGE=0- MASK=0x23987'
D/FingerGoodix( 4037): go into while FingerPrint,getFingerPrintService()
I/ServiceManager( 4037): Waiting for service goodix.fp...
I/SurfaceFlinger(  424): FPS: 1
D/wpa_supplicant( 3162): wlan0: Control interface command 'SIGNAL_POLL'
D/StatusBar.NetworkController( 3225): slot=-10;action=android.net.wifi.RSSI_CHANGED
D/StatusBar.NetworkController( 3225): updateNetworkName chosenNetType=13;mNetworkName[0]=Plus 4G
I/ServiceManager( 4037): Waiting for service goodix.fp...
I/subsystem_ramdump(12781): Usage:./system/bin/subsystem_ramdump [arg1] [arg2] [arg3]
I/subsystem_ramdump(12781): [arg1]: (1/2) Ramdump location: 1: eMMC: /data/ramdump or 2: SD card: /sdcard/ramdump
I/subsystem_ramdump(12781): [arg2]: (1/0) 1: Enable RPM log / 0: Disable RPM log
I/subsystem_ramdump(12781): [arg3]: (1/0) 1: Enable qdss ramdump / 0: Disable qdss ramdump
I/subsystem_ramdump(12781):  Using default ramdump location 1: eMMC: /data/ramdump
I/subsystem_ramdump(12781):  Using default 0: Disable RPM log
I/subsystem_ramdump(12781):  Using default 0: Disable qdss ramdump
E/subsystem_ramdump(12781): Unable to open /dev
E/subsystem_ramdump(12781): Failed to find pil ramdump
I/ServiceManager( 4037): Waiting for service goodix.fp...
I/SurfaceFlinger(  424): FPS: 1
I/ServiceManager( 4037): Waiting for service goodix.fp...
I/MSM-irqbalance(  864): Decided to move IRQ178 from CPU0 to CPU1
D/wpa_supplicant( 3162): wlan0: Control interface command 'SIGNAL_POLL'
I/ServiceManager( 4037): Waiting for service goodix.fp...
D/FingerGoodix( 4037): go into while FingerPrint,getFingerPrintService()
I/SurfaceFlinger(  424): FPS: 1
I/ServiceManager( 4037): Waiting for service goodix.fp...
I/SurfaceFlinger(  424): FPS: 1
I/ServiceManager( 4037): Waiting for service goodix.fp...
I/subsystem_ramdump(12782): Usage:./system/bin/subsystem_ramdump [arg1] [arg2] [arg3]
I/subsystem_ramdump(12782): [arg1]: (1/2) Ramdump location: 1: eMMC: /data/ramdump or 2: SD card: /sdcard/ramdump
I/subsystem_ramdump(12782): [arg2]: (1/0) 1: Enable RPM log / 0: Disable RPM log
I/subsystem_ramdump(12782): [arg3]: (1/0) 1: Enable qdss ramdump / 0: Disable qdss ramdump
I/subsystem_ramdump(12782):  Using default ramdump location 1: eMMC: /data/ramdump
I/subsystem_ramdump(12782):  Using default 0: Disable RPM log
I/subsystem_ramdump(12782):  Using default 0: Disable qdss ramdump
E/subsystem_ramdump(12782): Unable to open /dev
E/subsystem_ramdump(12782): Failed to find pil ramdump
D/wpa_supplicant( 3162): wlan0: Control interface command 'SIGNAL_POLL'
I/ServiceManager( 4037): Waiting for service goodix.fp...
I/MSM-irqbalance(  864): Decided to move IRQ65 from CPU0 to CPU1
V/UidProcStateHelper( 1371): process state changed:[32248,10093,3]
W/ctxmgr  ( 4804): [AclManager]No 2 for (accnt=account#-162297148#, com.google.android.gms(10014):UserLocationProducer, vrsn=10298000, 0, 3pPkg = null ,  3pMdlId = null). Was: 2 for 1, account#-162297148#
I/ServiceManager( 4037): Waiting for service goodix.fp...
I/ServiceManager( 4037): Waiting for service goodix.fp...
D/wpa_supplicant( 3162): wlan0: Control interface command 'SIGNAL_POLL'
D/StatusBar.NetworkController( 3225): slot=-10;action=android.net.wifi.RSSI_CHANGED
D/StatusBar.NetworkController( 3225): updateNetworkName chosenNetType=13;mNetworkName[0]=Plus 4G
I/SurfaceFlinger(  424): FPS: 2
D/FingerGoodix( 4037): go into while FingerPrint,getFingerPrintService()
D/StatusBar.NetworkController( 3225): onSignalStrengthsChanged received on slotId :0signalStrength=SignalStrength: 99 0 -120 -160 -120 -1 -1 27 -92 -12 -16 2147483647 2147483647 gsm|lte level=5 cdmdlevel=0 evdolevel=0
I/ServiceManager( 4037): Waiting for service goodix.fp...
I/subsystem_ramdump(12785): Usage:./system/bin/subsystem_ramdump [arg1] [arg2] [arg3]
I/subsystem_ramdump(12785): [arg1]: (1/2) Ramdump location: 1: eMMC: /data/ramdump or 2: SD card: /sdcard/ramdump
I/subsystem_ramdump(12785): [arg2]: (1/0) 1: Enable RPM log / 0: Disable RPM log
I/subsystem_ramdump(12785): [arg3]: (1/0) 1: Enable qdss ramdump / 0: Disable qdss ramdump
I/subsystem_ramdump(12785):  Using default ramdump location 1: eMMC: /data/ramdump
I/subsystem_ramdump(12785):  Using default 0: Disable RPM log
I/subsystem_ramdump(12785):  Using default 0: Disable qdss ramdump
E/subsystem_ramdump(12785): Unable to open /dev
E/subsystem_ramdump(12785): Failed to find pil ramdump
I/ServiceManager( 4037): Waiting for service goodix.fp...
W/PushService( 3428): 2017-05-14 17:28:50,194 - [WARN::PushService] - [Thread:1] register timer 1494776030169
W/PushService( 3428): 2017-05-14 17:28:50,209 - [WARN::PushService] - [Thread:1] com.xiaomi.xmsf is the package name
W/PushService( 3428): 2017-05-14 17:28:50,210 - [WARN::PushService] - [Thread:1] Ping XMChannelService on timer
W/PushService( 3428): 2017-05-14 17:28:50,216 - [WARN::PushService] - [Thread:1] onStart() with intent.Action = com.xiaomi.push.timer, chid = null
W/PushService( 3428): 2017-05-14 17:28:50,217 - [WARN::PushService] - [Thread:1] Service called on timer
W/PushService( 3428): 2017-05-14 17:28:50,222 - [WARN::PushService] - [Thread:58] SMACK 05:28:50 PM SENT (873367100): <iq to='xiaomi.com' id='0' chid='0' type='get'><ping xmlns='urn:xmpp:ping'><pf><p>t:274</p></pf></ping></iq>
W/PushService( 3428): 
W/PushService( 3428): 2017-05-14 17:28:50,497 - [WARN::PushService] - [Thread:112] SMACK 05:28:50 PM RCV  (873367100): ping,<iq chid='0' id='0' ps='' type='result'/>
D/wpa_supplicant( 3162): wlan0: Control interface command 'SIGNAL_POLL'
D/StatusBar.NetworkController( 3225): slot=-10;action=android.net.wifi.RSSI_CHANGED
D/StatusBar.NetworkController( 3225): updateNetworkName chosenNetType=13;mNetworkName[0]=Plus 4G
I/ServiceManager( 4037): Waiting for service goodix.fp...
I/SurfaceFlinger(  424): FPS: 1
I/MSM-irqbalance(  864): Decided to move IRQ215 from CPU0 to CPU1
D/StatusBar.NetworkController( 3225): onSignalStrengthsChanged received on slotId :0signalStrength=SignalStrength: 99 0 -120 -160 -120 -1 -1 26 -93 -12 12 2147483647 2147483647 gsm|lte level=5 cdmdlevel=0 evdolevel=0
I/ServiceManager( 4037): Waiting for service goodix.fp...
I/SurfaceFlinger(  424): FPS: 1
I/ServiceManager( 4037): Waiting for service goodix.fp...
D/wpa_supplicant( 3162): wlan0: Control interface command 'SIGNAL_POLL'
D/FingerGoodix( 4037): go into while FingerPrint,getFingerPrintService()
I/ServiceManager(11908): Waiting for service AtCmdFwd...
I/SurfaceFlinger(  424): FPS: 3
I/ServiceManager( 4037): Waiting for service goodix.fp...
I/subsystem_ramdump(12787): Usage:./system/bin/subsystem_ramdump [arg1] [arg2] [arg3]
I/subsystem_ramdump(12787): [arg1]: (1/2) Ramdump location: 1: eMMC: /data/ramdump or 2: SD card: /sdcard/ramdump
I/subsystem_ramdump(12787): [arg2]: (1/0) 1: Enable RPM log / 0: Disable RPM log
I/subsystem_ramdump(12787): [arg3]: (1/0) 1: Enable qdss ramdump / 0: Disable qdss ramdump
I/subsystem_ramdump(12787):  Using default ramdump location 1: eMMC: /data/ramdump
I/subsystem_ramdump(12787):  Using default 0: Disable RPM log
I/subsystem_ramdump(12787):  Using default 0: Disable qdss ramdump
E/subsystem_ramdump(12787): Unable to open /dev
E/subsystem_ramdump(12787): Failed to find pil ramdump
I/ServiceManager(11908): Waiting for service AtCmdFwd...
I/ServiceManager( 4037): Waiting for service goodix.fp...
I/ServiceManager(11908): Waiting for service AtCmdFwd...
I/SurfaceFlinger(  424): FPS: 1
I/MSM-irqbalance(  864): Decided to move IRQ57 from CPU0 to CPU1
D/StatusBar.NetworkController( 3225): onSignalStrengthsChanged received on slotId :0signalStrength=SignalStrength: 99 0 -120 -160 -120 -1 -1 28 -94 -14 8 2147483647 2147483647 gsm|lte level=5 cdmdlevel=0 evdolevel=0
I/ServiceManager( 4037): Waiting for service goodix.fp...
D/wpa_supplicant( 3162): wlan0: Control interface command 'SIGNAL_POLL'
I/ServiceManager(11908): Waiting for service AtCmdFwd...
E/WifiStateMachine( 1371): WifiStateMachine CMD_START_SCAN source -2 txSuccessRate=0,25 rxSuccessRate=3,38 targetRoamBSSID=any RSSI=-59
E/WifiStateMachine( 1371): WifiStateMachine starting scan for "bozena2"-WPA_PSK with 2437
D/wpa_supplicant( 3162): wlan0: Control interface command 'SCAN TYPE=ONLY freq=2437'
D/wpa_supplicant( 3162): wlan0: Setting scan request: 0.000000 sec
D/wpa_supplicant( 3162): wlan0: Starting AP scan for wildcard SSID
D/wpa_supplicant( 3162): wlan0: Limit manual scan to specified channels
D/wpa_supplicant( 3162): wlan0: Add radio work 'scan'@0x55c44f59f0
D/wpa_supplicant( 3162): wlan0: First radio work item in the queue - schedule start immediately
D/wpa_supplicant( 3162): wlan0: Starting radio work 'scan'@0x55c44f59f0 after 0.000048 second wait
D/wpa_supplicant( 3162): wlan0: nl80211: scan request
D/wpa_supplicant( 3162): Scan requested (ret=0) - scan timeout 30 seconds
D/wpa_supplicant( 3162): nl80211: Drv Event 33 (NL80211_CMD_TRIGGER_SCAN) received for wlan0
D/wpa_supplicant( 3162): wlan0: nl80211: Scan trigger
D/wpa_supplicant( 3162): wlan0: Event SCAN_STARTED (49) received
D/wpa_supplicant( 3162): wlan0: Own scan request started a scan in 0.000153 seconds
D/wpa_supplicant( 3162): CTRL_IFACE monitor sent successfully to /data/misc/wifi/sockets/wpa_ctrl_464-10\x00
D/wpa_supplicant( 3162): CTRL_IFACE monitor sent successfully to /data/misc/wifi/sockets/wpa_ctrl_1371-2\x00
I/WifiHAL ( 1371): Poll result = 1
I/WifiHAL ( 1371): Found some events!!!
D/WifiHAL ( 1371): no_seq_check received
I/WifiHAL ( 1371): event received NL80211_CMD_TRIGGER_SCAN
I/WifiHAL ( 1371): event received NL80211_CMD_TRIGGER_SCAN, vendor_id = 0x0
I/WifiHAL ( 1371): event ignored!!
I/WifiHAL ( 1371): Poll result = 1
I/WifiHAL ( 1371): Found some events!!!
D/WifiHAL ( 1371): no_seq_check received
I/WifiHAL ( 1371): event received NL80211_CMD_NEW_SCAN_RESULTS
I/WifiHAL ( 1371): event received NL80211_CMD_NEW_SCAN_RESULTS, vendor_id = 0x0
I/WifiHAL ( 1371): event ignored!!
D/wpa_supplicant( 3162): nl80211: Drv Event 34 (NL80211_CMD_NEW_SCAN_RESULTS) received for wlan0
D/wpa_supplicant( 3162): wlan0: nl80211: New scan results available
D/wpa_supplicant( 3162): nl80211: Scan included frequencies: 2437
D/wpa_supplicant( 3162): wlan0: Event SCAN_RESULTS (3) received
D/wpa_supplicant( 3162): wlan0: Scan completed in 0.086427 seconds
D/wpa_supplicant( 3162): nl80211: Associated on 2437 MHz
D/wpa_supplicant( 3162): nl80211: Associated with 4c:60:de:33:82:18
D/wpa_supplicant( 3162): nl80211: Received scan results (7 BSSes)
D/wpa_supplicant( 3162): nl80211: Scan results indicate BSS status with 4c:60:de:33:82:18 as associated
D/wpa_supplicant( 3162): wlan0: BSS: Start scan result update 333
D/wpa_supplicant( 3162): BSS: last_scan_res_used=7/128
D/wpa_supplicant( 3162): wlan0: Scan-only results received
D/wpa_supplicant( 3162): CTRL_IFACE monitor sent successfully to /data/misc/wifi/sockets/wpa_ctrl_464-10\x00
D/wpa_supplicant( 3162): CTRL_IFACE monitor sent successfully to /data/misc/wifi/sockets/wpa_ctrl_1371-2\x00
D/wpa_supplicant( 3162): wlan0: Radio work 'scan'@0x55c44f59f0 done in 0.101889 seconds
D/wpa_supplicant( 3162): wlan0: Control interface command 'BSS RANGE=0- MASK=0x23987'
I/ServiceManager( 4037): Waiting for service goodix.fp...
I/ServiceManager(11908): Waiting for service AtCmdFwd...
I/SurfaceFlinger(  424): FPS: 2
I/ServiceManager( 4037): Waiting for service goodix.fp...
I/subsystem_ramdump(12790): Usage:./system/bin/subsystem_ramdump [arg1] [arg2] [arg3]
I/subsystem_ramdump(12790): [arg1]: (1/2) Ramdump location: 1: eMMC: /data/ramdump or 2: SD card: /sdcard/ramdump
I/subsystem_ramdump(12790): [arg2]: (1/0) 1: Enable RPM log / 0: Disable RPM log
I/subsystem_ramdump(12790): [arg3]: (1/0) 1: Enable qdss ramdump / 0: Disable qdss ramdump
I/subsystem_ramdump(12790):  Using default ramdump location 1: eMMC: /data/ramdump
I/subsystem_ramdump(12790):  Using default 0: Disable RPM log
I/subsystem_ramdump(12790):  Using default 0: Disable qdss ramdump
E/subsystem_ramdump(12790): Unable to open /dev
E/subsystem_ramdump(12790): Failed to find pil ramdump
W/Atfwd_Sendcmd(11908): AtCmdFwd service not published, waiting... retryCnt : 5
D/FingerGoodix( 4037): go into while FingerPrint,getFingerPrintService()
D/wpa_supplicant( 3162): wlan0: Control interface command 'SIGNAL_POLL'
I/ServiceManager( 4037): Waiting for service goodix.fp...
I/SurfaceFlinger(  424): FPS: 1
W/PushService( 3428): 2017-05-14 17:29:00,261 - [WARN::PushService] - [Thread:58] JOB: check the ping-pong.1494775730221
I/ServiceManager( 4037): Waiting for service goodix.fp...
I/MSM-irqbalance(  864): Decided to move IRQ222 from CPU0 to CPU1
I/ServiceManager( 4037): Waiting for service goodix.fp...
I/ServiceManager( 4037): Waiting for service goodix.fp...
D/wpa_supplicant( 3162): wlan0: Control interface command 'SIGNAL_POLL'
I/SurfaceFlinger(  424): FPS: 2
I/subsystem_ramdump(12791): Usage:./system/bin/subsystem_ramdump [arg1] [arg2] [arg3]
I/subsystem_ramdump(12791): [arg1]: (1/2) Ramdump location: 1: eMMC: /data/ramdump or 2: SD card: /sdcard/ramdump
I/subsystem_ramdump(12791): [arg2]: (1/0) 1: Enable RPM log / 0: Disable RPM log
I/subsystem_ramdump(12791): [arg3]: (1/0) 1: Enable qdss ramdump / 0: Disable qdss ramdump
I/subsystem_ramdump(12791):  Using default ramdump location 1: eMMC: /data/ramdump
I/subsystem_ramdump(12791):  Using default 0: Disable RPM log
I/subsystem_ramdump(12791):  Using default 0: Disable qdss ramdump
E/subsystem_ramdump(12791): Unable to open /dev
E/subsystem_ramdump(12791): Failed to find pil ramdump
I/ServiceManager( 4037): Waiting for service goodix.fp...
D/StatusBar.NetworkController( 3225): onSignalStrengthsChanged received on slotId :0signalStrength=SignalStrength: 99 0 -120 -160 -120 -1 -1 26 -93 -10 18 2147483647 2147483647 gsm|lte level=5 cdmdlevel=0 evdolevel=0
I/SurfaceFlinger(  424): FPS: 1
D/FingerGoodix( 4037): go into while FingerPrint,getFingerPrintService()
I/ServiceManager( 4037): Waiting for service goodix.fp...
D/wpa_supplicant( 3162): wlan0: Control interface command 'SIGNAL_POLL'
I/MSM-irqbalance(  864): Decided to move IRQ174 from CPU0 to CPU1
I/ServiceManager( 4037): Waiting for service goodix.fp...
I/SurfaceFlinger(  424): FPS: 1
I/ServiceManager( 4037): Waiting for service goodix.fp...
I/SurfaceFlinger(  424): FPS: 1
I/ServiceManager( 4037): Waiting for service goodix.fp...
I/subsystem_ramdump(12794): Usage:./system/bin/subsystem_ramdump [arg1] [arg2] [arg3]
I/subsystem_ramdump(12794): [arg1]: (1/2) Ramdump location: 1: eMMC: /data/ramdump or 2: SD card: /sdcard/ramdump
I/subsystem_ramdump(12794): [arg2]: (1/0) 1: Enable RPM log / 0: Disable RPM log
I/subsystem_ramdump(12794): [arg3]: (1/0) 1: Enable qdss ramdump / 0: Disable qdss ramdump
I/subsystem_ramdump(12794):  Using default ramdump location 1: eMMC: /data/ramdump
I/subsystem_ramdump(12794):  Using default 0: Disable RPM log
I/subsystem_ramdump(12794):  Using default 0: Disable qdss ramdump
E/subsystem_ramdump(12794): Unable to open /dev
E/subsystem_ramdump(12794): Failed to find pil ramdump
D/wpa_supplicant( 3162): wlan0: Control interface command 'SIGNAL_POLL'
I/ServiceManager( 4037): Waiting for service goodix.fp...
I/SurfaceFlinger(  424): FPS: 2
D/FingerGoodix( 4037): go into while FingerPrint,getFingerPrintService()
I/ServiceManager( 4037): Waiting for service goodix.fp...
I/MSM-irqbalance(  864): Decided to move IRQ155 from CPU2 to CPU1
I/SurfaceFlinger(  424): FPS: 1
D/StatusBar.NetworkController( 3225): onSignalStrengthsChanged received on slotId :0signalStrength=SignalStrength: 99 0 -120 -160 -120 -1 -1 28 -92 -13 8 2147483647 2147483647 gsm|lte level=5 cdmdlevel=0 evdolevel=0
I/ServiceManager( 4037): Waiting for service goodix.fp...
D/wpa_supplicant( 3162): wlan0: Control interface command 'SIGNAL_POLL'
I/SurfaceFlinger(  424): FPS: 2
I/ServiceManager( 4037): Waiting for service goodix.fp...
I/subsystem_ramdump(12796): Usage:./system/bin/subsystem_ramdump [arg1] [arg2] [arg3]
I/subsystem_ramdump(12796): [arg1]: (1/2) Ramdump location: 1: eMMC: /data/ramdump or 2: SD card: /sdcard/ramdump
I/subsystem_ramdump(12796): [arg2]: (1/0) 1: Enable RPM log / 0: Disable RPM log
I/subsystem_ramdump(12796): [arg3]: (1/0) 1: Enable qdss ramdump / 0: Disable qdss ramdump
I/subsystem_ramdump(12796):  Using default ramdump location 1: eMMC: /data/ramdump
I/subsystem_ramdump(12796):  Using default 0: Disable RPM log
I/subsystem_ramdump(12796):  Using default 0: Disable qdss ramdump
E/subsystem_ramdump(12796): Unable to open /dev
E/subsystem_ramdump(12796): Failed to find pil ramdump
I/ServiceManager( 4037): Waiting for service goodix.fp...
I/ServiceManager( 4037): Waiting for service goodix.fp...
D/wpa_supplicant( 3162): wlan0: Control interface command 'SIGNAL_POLL'
D/StatusBar.NetworkController( 3225): slot=-10;action=android.net.wifi.RSSI_CHANGED
D/StatusBar.NetworkController( 3225): updateNetworkName chosenNetType=13;mNetworkName[0]=Plus 4G
I/SurfaceFlinger(  424): FPS: 1
D/FingerGoodix( 4037): go into while FingerPrint,getFingerPrintService()
I/SurfaceFlinger(  424): FPS: 2
I/ServiceManager( 4037): Waiting for service goodix.fp...
D/StatusBar.NetworkController( 3225): onSignalStrengthsChanged received on slotId :0signalStrength=SignalStrength: 99 0 -120 -160 -120 -1 -1 25 -93 -9 92 2147483647 2147483647 gsm|lte level=5 cdmdlevel=0 evdolevel=0
E/WifiStateMachine( 1371): WifiStateMachine CMD_START_SCAN source -2 txSuccessRate=0,00 rxSuccessRate=1,61 targetRoamBSSID=any RSSI=-67
E/WifiStateMachine( 1371): WifiStateMachine starting scan for "bozena2"-WPA_PSK with 2437
D/wpa_supplicant( 3162): wlan0: Control interface command 'SCAN TYPE=ONLY freq=2437'
D/wpa_supplicant( 3162): wlan0: Setting scan request: 0.000000 sec
D/wpa_supplicant( 3162): wlan0: Starting AP scan for wildcard SSID
D/wpa_supplicant( 3162): wlan0: Limit manual scan to specified channels
D/wpa_supplicant( 3162): wlan0: Add radio work 'scan'@0x55c44f59f0
D/wpa_supplicant( 3162): wlan0: First radio work item in the queue - schedule start immediately
D/wpa_supplicant( 3162): wlan0: Starting radio work 'scan'@0x55c44f59f0 after 0.000049 second wait
D/wpa_supplicant( 3162): wlan0: nl80211: scan request
D/wpa_supplicant( 3162): Scan requested (ret=0) - scan timeout 30 seconds
D/wpa_supplicant( 3162): nl80211: Drv Event 33 (NL80211_CMD_TRIGGER_SCAN) received for wlan0
D/wpa_supplicant( 3162): wlan0: nl80211: Scan trigger
D/wpa_supplicant( 3162): wlan0: Event SCAN_STARTED (49) received
D/wpa_supplicant( 3162): wlan0: Own scan request started a scan in 0.000154 seconds
D/wpa_supplicant( 3162): CTRL_IFACE monitor sent successfully to /data/misc/wifi/sockets/wpa_ctrl_464-10\x00
D/wpa_supplicant( 3162): CTRL_IFACE monitor sent successfully to /data/misc/wifi/sockets/wpa_ctrl_1371-2\x00
I/WifiHAL ( 1371): Poll result = 1
I/WifiHAL ( 1371): Found some events!!!
D/WifiHAL ( 1371): no_seq_check received
I/WifiHAL ( 1371): event received NL80211_CMD_TRIGGER_SCAN
I/WifiHAL ( 1371): event received NL80211_CMD_TRIGGER_SCAN, vendor_id = 0x0
I/WifiHAL ( 1371): event ignored!!
I/WifiHAL ( 1371): Poll result = 1
I/WifiHAL ( 1371): Found some events!!!
D/WifiHAL ( 1371): no_seq_check received
I/WifiHAL ( 1371): event received NL80211_CMD_NEW_SCAN_RESULTS
I/WifiHAL ( 1371): event received NL80211_CMD_NEW_SCAN_RESULTS, vendor_id = 0x0
I/WifiHAL ( 1371): event ignored!!
D/wpa_supplicant( 3162): nl80211: Drv Event 34 (NL80211_CMD_NEW_SCAN_RESULTS) received for wlan0
D/wpa_supplicant( 3162): wlan0: nl80211: New scan results available
D/wpa_supplicant( 3162): nl80211: Scan included frequencies: 2437
D/wpa_supplicant( 3162): wlan0: Event SCAN_RESULTS (3) received
D/wpa_supplicant( 3162): wlan0: Scan completed in 0.082953 seconds
D/wpa_supplicant( 3162): nl80211: Associated on 2437 MHz
D/wpa_supplicant( 3162): nl80211: Associated with 4c:60:de:33:82:18
D/wpa_supplicant( 3162): nl80211: Received scan results (3 BSSes)
D/wpa_supplicant( 3162): nl80211: Scan results indicate BSS status with 4c:60:de:33:82:18 as associated
D/wpa_supplicant( 3162): wlan0: BSS: Start scan result update 334
D/wpa_supplicant( 3162): BSS: last_scan_res_used=3/128
D/wpa_supplicant( 3162): wlan0: Scan-only results received
D/wpa_supplicant( 3162): CTRL_IFACE monitor sent successfully to /data/misc/wifi/sockets/wpa_ctrl_464-10\x00
D/wpa_supplicant( 3162): CTRL_IFACE monitor sent successfully to /data/misc/wifi/sockets/wpa_ctrl_1371-2\x00
D/wpa_supplicant( 3162): wlan0: Radio work 'scan'@0x55c44f59f0 done in 0.098443 seconds
D/wpa_supplicant( 3162): wlan0: Control interface command 'BSS RANGE=0- MASK=0x23987'
I/ServiceManager( 4037): Waiting for service goodix.fp...
D/wpa_supplicant( 3162): wlan0: Control interface command 'SIGNAL_POLL'
D/StatusBar.NetworkController( 3225): slot=-10;action=android.net.wifi.RSSI_CHANGED
D/StatusBar.NetworkController( 3225): updateNetworkName chosenNetType=13;mNetworkName[0]=Plus 4G
I/SurfaceFlinger(  424): FPS: 1
I/ServiceManager( 4037): Waiting for service goodix.fp...
I/subsystem_ramdump(12799): Usage:./system/bin/subsystem_ramdump [arg1] [arg2] [arg3]
I/subsystem_ramdump(12799): [arg1]: (1/2) Ramdump location: 1: eMMC: /data/ramdump or 2: SD card: /sdcard/ramdump
I/subsystem_ramdump(12799): [arg2]: (1/0) 1: Enable RPM log / 0: Disable RPM log
I/subsystem_ramdump(12799): [arg3]: (1/0) 1: Enable qdss ramdump / 0: Disable qdss ramdump
I/subsystem_ramdump(12799):  Using default ramdump location 1: eMMC: /data/ramdump
I/subsystem_ramdump(12799):  Using default 0: Disable RPM log
I/subsystem_ramdump(12799):  Using default 0: Disable qdss ramdump
E/subsystem_ramdump(12799): Unable to open /dev
E/subsystem_ramdump(12799): Failed to find pil ramdump
D/StatusBar.NetworkController( 3225): onSignalStrengthsChanged received on slotId :0signalStrength=SignalStrength: 99 0 -120 -160 -120 -1 -1 28 -91 -14 14 2147483647 2147483647 gsm|lte level=5 cdmdlevel=0 evdolevel=0
I/ServiceManager( 4037): Waiting for service goodix.fp...
I/SurfaceFlinger(  424): FPS: 1
I/ServiceManager( 4037): Waiting for service goodix.fp...
D/wpa_supplicant( 3162): wlan0: Control interface command 'SIGNAL_POLL'
I/MSM-irqbalance(  864): Decided to move IRQ177 from CPU2 to CPU1
I/SurfaceFlinger(  424): FPS: 2
D/FingerGoodix( 4037): go into while FingerPrint,getFingerPrintService()
I/ServiceManager( 4037): Waiting for service goodix.fp...
I/ServiceManager( 4037): Waiting for service goodix.fp...
I/subsystem_ramdump(12801): Usage:./system/bin/subsystem_ramdump [arg1] [arg2] [arg3]
I/subsystem_ramdump(12801): [arg1]: (1/2) Ramdump location: 1: eMMC: /data/ramdump or 2: SD card: /sdcard/ramdump
I/subsystem_ramdump(12801): [arg2]: (1/0) 1: Enable RPM log / 0: Disable RPM log
I/subsystem_ramdump(12801): [arg3]: (1/0) 1: Enable qdss ramdump / 0: Disable qdss ramdump
I/subsystem_ramdump(12801):  Using default ramdump location 1: eMMC: /data/ramdump
I/subsystem_ramdump(12801):  Using default 0: Disable RPM log
I/subsystem_ramdump(12801):  Using default 0: Disable qdss ramdump
E/subsystem_ramdump(12801): Unable to open /dev
E/subsystem_ramdump(12801): Failed to find pil ramdump
I/ServiceManager( 4037): Waiting for service goodix.fp...
I/Atfwd_Sendcmd(11908): AtCmdFwd service not ready - Exhausted retry attempts - :6
I/Atfwd_Daemon(11908): result : -1 	 ,Init step :2 	 ,qmiErrorCode: 0
D/wpa_supplicant( 3162): wlan0: Control interface command 'SIGNAL_POLL'
I/SurfaceFlinger(  424): FPS: 1
D/StatusBar.NetworkController( 3225): onSignalStrengthsChanged received on slotId :0signalStrength=SignalStrength: 99 0 -120 -160 -120 -1 -1 28 -88 -10 74 2147483647 2147483647 gsm|lte level=5 cdmdlevel=0 evdolevel=0
I/ServiceManager( 4037): Waiting for service goodix.fp...
I/ServiceManager( 4037): Waiting for service goodix.fp...
D/FingerGoodix( 4037): go into while FingerPrint,getFingerPrintService()
D/wpa_supplicant( 3162): wlan0: Control interface command 'SIGNAL_POLL'
I/ServiceManager( 4037): Waiting for service goodix.fp...
I/SurfaceFlinger(  424): FPS: 1
I/ServiceManager( 4037): Waiting for service goodix.fp...
I/subsystem_ramdump(12804): Usage:./system/bin/subsystem_ramdump [arg1] [arg2] [arg3]
I/subsystem_ramdump(12804): [arg1]: (1/2) Ramdump location: 1: eMMC: /data/ramdump or 2: SD card: /sdcard/ramdump
I/subsystem_ramdump(12804): [arg2]: (1/0) 1: Enable RPM log / 0: Disable RPM log
I/subsystem_ramdump(12804): [arg3]: (1/0) 1: Enable qdss ramdump / 0: Disable qdss ramdump
I/subsystem_ramdump(12804):  Using default ramdump location 1: eMMC: /data/ramdump
I/subsystem_ramdump(12804):  Using default 0: Disable RPM log
I/subsystem_ramdump(12804):  Using default 0: Disable qdss ramdump
E/subsystem_ramdump(12804): Unable to open /dev
E/subsystem_ramdump(12804): Failed to find pil ramdump
I/ServiceManager( 4037): Waiting for service goodix.fp...
D/StatusBar.NetworkController( 3225): onSignalStrengthsChanged received on slotId :0signalStrength=SignalStrength: 99 0 -120 -160 -120 -1 -1 27 -91 -12 -20 2147483647 2147483647 gsm|lte level=5 cdmdlevel=0 evdolevel=0
D/wpa_supplicant( 3162): wlan0: Control interface command 'SIGNAL_POLL'
I/ServiceManager( 4037): Waiting for service goodix.fp...
I/ServiceManager( 4037): Waiting for service goodix.fp...
I/SurfaceFlinger(  424): FPS: 1
D/StatusBar.NetworkController( 3225): onSignalStrengthsChanged received on slotId :0signalStrength=SignalStrength: 99 0 -120 -160 -120 -1 -1 27 -87 -10 92 2147483647 2147483647 gsm|lte level=5 cdmdlevel=0 evdolevel=0
D/FingerGoodix( 4037): go into while FingerPrint,getFingerPrintService()
D/AppActiveChecker( 6324): updateStateForTimeOutLocked, uid = 10088
D/AppActiveChecker( 6324): updateStateForTimeOutLocked, uid: 10088 KB: 0
D/AppActiveChecker( 6324): updateStateForTimeOutLocked, uid: 10088, networkStateInActive is true
