V/UidProcStateHelper( 1371): process state changed:[10441,10065,13]
V/UidProcStateHelper( 1371): process state changed:[30467,10093,3]
V/UidProcStateHelper( 1371): process state changed:[32248,10093,7]
V/UidProcStateHelper( 1371): process state changed:[32248,10093,3]
W/PowerUI ( 3225): unknown intent: Intent { act=android.intent.action.ACTION_POWER_CONNECTED flg=0x4000010 }
E/NetlinkEvent(  440): NetlinkEvent::FindParam(): Parameter 'ALERT_NAME' not found
E/NetlinkEvent(  423): NetlinkEvent::FindParam(): Parameter 'ALERT_NAME' not found
E/NetlinkEvent(  440): NetlinkEvent::FindParam(): Parameter 'ALERT_NAME' not found
E/NetlinkEvent(  440): NetlinkEvent::FindParam(): Parameter 'ALERT_NAME' not found
E/NetlinkEvent(  423): NetlinkEvent::FindParam(): Parameter 'ALERT_NAME' not found
E/NetlinkEvent(  423): NetlinkEvent::FindParam(): Parameter 'ALERT_NAME' not found
E/NetlinkEvent(  440): NetlinkEvent::FindParam(): Parameter 'ALERT_NAME' not found
E/NetlinkEvent(  423): NetlinkEvent::FindParam(): Parameter 'ALERT_NAME' not found
I/ValidateNoPeople( 1371): skipping global notification
D/ZenLog  ( 1371): not_intercepted: -1|android|17040680|null|1000,miui_silent
E/NetlinkEvent(  440): NetlinkEvent::FindParam(): Parameter 'ALERT_NAME' not found
E/NetlinkEvent(  440): NetlinkEvent::FindParam(): Parameter 'ALERT_NAME' not found
E/NetlinkEvent(  423): NetlinkEvent::FindParam(): Parameter 'ALERT_NAME' not found
E/NetlinkEvent(  423): NetlinkEvent::FindParam(): Parameter 'ALERT_NAME' not found
E/NetlinkEvent(  423): NetlinkEvent::FindParam(): Parameter 'ALERT_NAME' not found
E/NetlinkEvent(  440): NetlinkEvent::FindParam(): Parameter 'ALERT_NAME' not found
I/StorageNotification( 3225): UMS connection changed to false (media state mounted)
W/ContextImpl(26924): Calling a method in the system process without a qualified user: android.app.ContextImpl.startService:-1 android.content.ContextWrapper.startService:-1 android.content.ContextWrapper.startService:-1 com.android.settings.AnalyticsReceiver.onReceive:-1 android.app.ActivityThread.handleReceiver:-1 
E/NetlinkEvent(  423): NetlinkEvent::FindParam(): Parameter 'ALERT_NAME' not found
E/NetlinkEvent(  440): NetlinkEvent::FindParam(): Parameter 'ALERT_NAME' not found
E/NetlinkEvent(  440): NetlinkEvent::FindParam(): Parameter 'ALERT_NAME' not found
E/NetlinkEvent(  423): NetlinkEvent::FindParam(): Parameter 'ALERT_NAME' not found
E/NetlinkEvent(  440): NetlinkEvent::FindParam(): Parameter 'ALERT_NAME' not found
E/NetlinkEvent(  423): NetlinkEvent::FindParam(): Parameter 'ALERT_NAME' not found
I/StorageNotification( 3225): UMS connection changed to false (media state mounted)
W/ContextImpl(26924): Calling a method in the system process without a qualified user: android.app.ContextImpl.startService:-1 android.content.ContextWrapper.startService:-1 android.content.ContextWrapper.startService:-1 com.android.settings.AnalyticsReceiver.onReceive:-1 android.app.ActivityThread.handleReceiver:-1 
E/NetlinkEvent(  423): NetlinkEvent::FindParam(): Parameter 'ALERT_NAME' not found
E/NetlinkEvent(  440): NetlinkEvent::FindParam(): Parameter 'ALERT_NAME' not found
I/StorageNotification( 3225): UMS connection changed to false (media state mounted)
W/ContextImpl(26924): Calling a method in the system process without a qualified user: android.app.ContextImpl.startService:-1 android.content.ContextWrapper.startService:-1 android.content.ContextWrapper.startService:-1 com.android.settings.AnalyticsReceiver.onReceive:-1 android.app.ActivityThread.handleReceiver:-1 
D/ConnectivityService( 1371): returning Blocked NetworkInfo for ifname=wlan0, uid=10097
V/UidProcStateHelper( 1371): process state changed:[3196,10010,3]
V/UidProcStateHelper( 1371): process state changed:[3196,10010,3]
V/UidProcStateHelper( 1371): process state changed:[3196,10010,7]
V/UidProcStateHelper( 1371): process state changed:[3196,10010,3]
V/UidProcStateHelper( 1371): process state changed:[3196,10010,3]
V/UidProcStateHelper( 1371): process state changed:[3196,10010,7]
D/ConnectivityService( 1371): returning Blocked NetworkInfo for ifname=wlan0, uid=10097
D/ConnectivityService( 1371): returning Blocked NetworkInfo for ifname=wlan0, uid=10097
D/ConnectivityService( 1371): returning Blocked NetworkInfo for ifname=wlan0, uid=10097
D/ConnectivityService( 1371): returning Blocked NetworkInfo for ifname=wlan0, uid=10097
D/ZenLog  ( 1371): not_intercepted: -1|android|17040680|null|1000,miui_silent
D/ConnectivityService( 1371): returning Blocked NetworkInfo for ifname=wlan0, uid=10097
D/ConnectivityService( 1371): returning Blocked NetworkInfo for ifname=wlan0, uid=10097
D/ConnectivityService( 1371): updateNetworkScore for NetworkAgentInfo [WIFI () - 106] to 56
D/ConnectivityService( 1371): rematching NetworkAgentInfo [WIFI () - 106]
D/ConnectivityService( 1371): Network NetworkAgentInfo [WIFI () - 106] was already satisfying request 1. No change.
D/ConnectivityService( 1371): notifyType AVAILABLE for NetworkAgentInfo [WIFI () - 106]
D/ConnectivityService( 1371): returning Blocked NetworkInfo for ifname=wlan0, uid=10097
D/ConnectivityService( 1371): returning Blocked NetworkInfo for ifname=wlan0, uid=10097
D/ConnectivityService( 1371): returning Blocked NetworkInfo for ifname=wlan0, uid=10097
D/ConnectivityService( 1371): returning Blocked NetworkInfo for ifname=wlan0, uid=10097
D/ConnectivityService( 1371): returning Blocked NetworkInfo for ifname=wlan0, uid=10097
D/ConnectivityService( 1371): updateNetworkScore for NetworkAgentInfo [WIFI () - 106] to 60
D/ConnectivityService( 1371): rematching NetworkAgentInfo [WIFI () - 106]
D/ConnectivityService( 1371): Network NetworkAgentInfo [WIFI () - 106] was already satisfying request 1. No change.
D/ConnectivityService( 1371): notifyType AVAILABLE for NetworkAgentInfo [WIFI () - 106]
D/ConnectivityService( 1371): returning Blocked NetworkInfo for ifname=wlan0, uid=10097
D/ConnectivityService( 1371): returning Blocked NetworkInfo for ifname=wlan0, uid=10097
D/ConnectivityService( 1371): returning Blocked NetworkInfo for ifname=wlan0, uid=10097
V/UidProcStateHelper( 1371): process state changed:[3174,10095,4]
D/ConnectivityService( 1371): returning Blocked NetworkInfo for ifname=wlan0, uid=10095
D/ConnectivityService( 1371): returning Blocked NetworkInfo for ifname=wlan0, uid=10095
W/FrameworkListener(  440): Handler 'getaddrinfo' error (Success)
W/FrameworkListener(  440): Handler 'getaddrinfo' error (Success)
D/ConnectivityService( 1371): returning Blocked NetworkInfo for ifname=wlan0, uid=10097
D/ConnectivityService( 1371): updateNetworkScore for NetworkAgentInfo [WIFI () - 106] to 56
D/ConnectivityService( 1371): rematching NetworkAgentInfo [WIFI () - 106]
D/ConnectivityService( 1371): Network NetworkAgentInfo [WIFI () - 106] was already satisfying request 1. No change.
D/ConnectivityService( 1371): notifyType AVAILABLE for NetworkAgentInfo [WIFI () - 106]
D/ConnectivityService( 1371): returning Blocked NetworkInfo for ifname=wlan0, uid=10097
D/ConnectivityService( 1371): returning Blocked NetworkInfo for ifname=wlan0, uid=10097
W/FrameworkListener(  440): Handler 'getaddrinfo' error (Success)
D/ConnectivityService( 1371): returning Blocked NetworkInfo for ifname=wlan0, uid=10095
V/UidProcStateHelper( 1371): process state changed:[3174,10095,7]
D/ConnectivityService( 1371): returning Blocked NetworkInfo for ifname=wlan0, uid=10097
D/ConnectivityService( 1371): returning Blocked NetworkInfo for ifname=wlan0, uid=10097
D/ConnectivityService( 1371): returning Blocked NetworkInfo for ifname=wlan0, uid=10097
D/ConnectivityService( 1371): returning Blocked NetworkInfo for ifname=wlan0, uid=10097
D/ConnectivityService( 1371): returning Blocked NetworkInfo for ifname=wlan0, uid=10097
D/ConnectivityService( 1371): returning Blocked NetworkInfo for ifname=wlan0, uid=10097
D/ConnectivityService( 1371): returning Blocked NetworkInfo for ifname=wlan0, uid=10097
D/ConnectivityService( 1371): updateNetworkScore for NetworkAgentInfo [WIFI () - 106] to 60
D/ConnectivityService( 1371): rematching NetworkAgentInfo [WIFI () - 106]
D/ConnectivityService( 1371): Network NetworkAgentInfo [WIFI () - 106] was already satisfying request 1. No change.
D/ConnectivityService( 1371): notifyType AVAILABLE for NetworkAgentInfo [WIFI () - 106]
D/ConnectivityService( 1371): returning Blocked NetworkInfo for ifname=wlan0, uid=10097
D/ConnectivityService( 1371): returning Blocked NetworkInfo for ifname=wlan0, uid=10097
D/ConnectivityService( 1371): returning Blocked NetworkInfo for ifname=wlan0, uid=10097
D/ConnectivityService( 1371): returning Blocked NetworkInfo for ifname=wlan0, uid=10097
D/ConnectivityService( 1371): updateNetworkScore for NetworkAgentInfo [WIFI () - 106] to 56
D/ConnectivityService( 1371): rematching NetworkAgentInfo [WIFI () - 106]
D/ConnectivityService( 1371): Network NetworkAgentInfo [WIFI () - 106] was already satisfying request 1. No change.
D/ConnectivityService( 1371): notifyType AVAILABLE for NetworkAgentInfo [WIFI () - 106]
D/ConnectivityService( 1371): returning Blocked NetworkInfo for ifname=wlan0, uid=10097
D/ConnectivityService( 1371): returning Blocked NetworkInfo for ifname=wlan0, uid=10097
D/ConnectivityService( 1371): returning Blocked NetworkInfo for ifname=wlan0, uid=10097
D/ConnectivityService( 1371): returning Blocked NetworkInfo for ifname=wlan0, uid=10097
D/ConnectivityService( 1371): returning Blocked NetworkInfo for ifname=wlan0, uid=10097
D/ConnectivityService( 1371): updateNetworkScore for NetworkAgentInfo [WIFI () - 106] to 60
D/ConnectivityService( 1371): rematching NetworkAgentInfo [WIFI () - 106]
D/ConnectivityService( 1371): Network NetworkAgentInfo [WIFI () - 106] was already satisfying request 1. No change.
D/ConnectivityService( 1371): notifyType AVAILABLE for NetworkAgentInfo [WIFI () - 106]
D/ConnectivityService( 1371): returning Blocked NetworkInfo for ifname=wlan0, uid=10097
D/ConnectivityService( 1371): returning Blocked NetworkInfo for ifname=wlan0, uid=10097
D/ConnectivityService( 1371): returning Blocked NetworkInfo for ifname=wlan0, uid=10097
D/ConnectivityService( 1371): updateNetworkScore for NetworkAgentInfo [WIFI () - 106] to 56
D/ConnectivityService( 1371): rematching NetworkAgentInfo [WIFI () - 106]
D/ConnectivityService( 1371): Network NetworkAgentInfo [WIFI () - 106] was already satisfying request 1. No change.
D/ConnectivityService( 1371): notifyType AVAILABLE for NetworkAgentInfo [WIFI () - 106]
D/ConnectivityService( 1371): returning Blocked NetworkInfo for ifname=wlan0, uid=10097
D/ConnectivityService( 1371): returning Blocked NetworkInfo for ifname=wlan0, uid=10097
D/ConnectivityService( 1371): returning Blocked NetworkInfo for ifname=wlan0, uid=10097
D/WifiService( 1371): acquireWifiLockLocked: WifiLock{NlpWifiLock type=2 binder=android.os.BinderProxy@28442f61}
D/WifiService( 1371): releaseWifiLockLocked: WifiLock{NlpWifiLock type=2 binder=android.os.BinderProxy@28442f61}
D/ConnectivityService( 1371): returning Blocked NetworkInfo for ifname=wlan0, uid=10097
D/ConnectivityService( 1371): returning Blocked NetworkInfo for ifname=wlan0, uid=10097
D/ConnectivityService( 1371): returning Blocked NetworkInfo for ifname=wlan0, uid=10097
D/ConnectivityService( 1371): returning Blocked NetworkInfo for ifname=wlan0, uid=10097
D/ConnectivityService( 1371): returning Blocked NetworkInfo for ifname=wlan0, uid=10097
D/ConnectivityService( 1371): returning Blocked NetworkInfo for ifname=wlan0, uid=10097
D/ConnectivityService( 1371): returning Blocked NetworkInfo for ifname=wlan0, uid=10097
D/ConnectivityService( 1371): updateNetworkScore for NetworkAgentInfo [WIFI () - 106] to 60
D/ConnectivityService( 1371): rematching NetworkAgentInfo [WIFI () - 106]
D/ConnectivityService( 1371): Network NetworkAgentInfo [WIFI () - 106] was already satisfying request 1. No change.
D/ConnectivityService( 1371): notifyType AVAILABLE for NetworkAgentInfo [WIFI () - 106]
D/ConnectivityService( 1371): returning Blocked NetworkInfo for ifname=wlan0, uid=10097
D/ConnectivityService( 1371): returning Blocked NetworkInfo for ifname=wlan0, uid=10097
D/ConnectivityService( 1371): returning Blocked NetworkInfo for ifname=wlan0, uid=10097
D/ConnectivityService( 1371): returning Blocked NetworkInfo for ifname=wlan0, uid=10097
D/ConnectivityService( 1371): returning Blocked NetworkInfo for ifname=wlan0, uid=10097
D/ConnectivityService( 1371): returning Blocked NetworkInfo for ifname=wlan0, uid=10097
D/ConnectivityService( 1371): returning Blocked NetworkInfo for ifname=wlan0, uid=10097
D/ConnectivityService( 1371): returning Blocked NetworkInfo for ifname=wlan0, uid=10097
D/ConnectivityService( 1371): returning Blocked NetworkInfo for ifname=wlan0, uid=10097
D/ConnectivityService( 1371): returning Blocked NetworkInfo for ifname=wlan0, uid=10097
D/ConnectivityService( 1371): returning Blocked NetworkInfo for ifname=wlan0, uid=10097
D/ConnectivityService( 1371): returning Blocked NetworkInfo for ifname=wlan0, uid=10097
D/ConnectivityService( 1371): returning Blocked NetworkInfo for ifname=wlan0, uid=10097
D/ConnectivityService( 1371): returning Blocked NetworkInfo for ifname=wlan0, uid=10097
D/ConnectivityService( 1371): returning Blocked NetworkInfo for ifname=wlan0, uid=10097
D/ConnectivityService( 1371): returning Blocked NetworkInfo for ifname=wlan0, uid=10097
D/ConnectivityService( 1371): returning Blocked NetworkInfo for ifname=wlan0, uid=10097
D/ConnectivityService( 1371): returning Blocked NetworkInfo for ifname=wlan0, uid=10097
I/UsageStatsService( 1371): User[0] Flushing usage stats to disk
D/ConnectivityService( 1371): returning Blocked NetworkInfo for ifname=wlan0, uid=10097
D/ConnectivityService( 1371): returning Blocked NetworkInfo for ifname=wlan0, uid=10097
D/ConnectivityService( 1371): returning Blocked NetworkInfo for ifname=wlan0, uid=10097
D/ConnectivityService( 1371): returning Blocked NetworkInfo for ifname=wlan0, uid=10097
E/NetlinkEvent(  423): NetlinkEvent::FindParam(): Parameter 'ALERT_NAME' not found
E/NetlinkEvent(  440): NetlinkEvent::FindParam(): Parameter 'ALERT_NAME' not found
E/NetlinkEvent(  440): NetlinkEvent::FindParam(): Parameter 'ALERT_NAME' not found
E/NetlinkEvent(  423): NetlinkEvent::FindParam(): Parameter 'ALERT_NAME' not found
E/NetlinkEvent(  423): NetlinkEvent::FindParam(): Parameter 'ALERT_NAME' not found
E/NetlinkEvent(  440): NetlinkEvent::FindParam(): Parameter 'ALERT_NAME' not found
V/UidProcStateHelper( 1371): process state changed:[30467,10093,7]
V/UidProcStateHelper( 1371): process state changed:[32248,10093,7]
E/NetlinkEvent(  440): NetlinkEvent::FindParam(): Parameter 'ALERT_NAME' not found
E/NetlinkEvent(  423): NetlinkEvent::FindParam(): Parameter 'ALERT_NAME' not found
E/NetlinkEvent(  423): NetlinkEvent::FindParam(): Parameter 'ALERT_NAME' not found
E/NetlinkEvent(  423): NetlinkEvent::FindParam(): Parameter 'ALERT_NAME' not found
E/NetlinkEvent(  440): NetlinkEvent::FindParam(): Parameter 'ALERT_NAME' not found
E/NetlinkEvent(  440): NetlinkEvent::FindParam(): Parameter 'ALERT_NAME' not found
E/NetlinkEvent(  440): NetlinkEvent::FindParam(): Parameter 'ALERT_NAME' not found
E/NetlinkEvent(  440): NetlinkEvent::FindParam(): Parameter 'ALERT_NAME' not found
E/NetlinkEvent(  440): NetlinkEvent::FindParam(): Parameter 'ALERT_NAME' not found
E/NetlinkEvent(  423): NetlinkEvent::FindParam(): Parameter 'ALERT_NAME' not found
E/NetlinkEvent(  423): NetlinkEvent::FindParam(): Parameter 'ALERT_NAME' not found
E/NetlinkEvent(  423): NetlinkEvent::FindParam(): Parameter 'ALERT_NAME' not found
E/NetlinkEvent(  440): NetlinkEvent::FindParam(): Parameter 'ALERT_NAME' not found
E/NetlinkEvent(  440): NetlinkEvent::FindParam(): Parameter 'ALERT_NAME' not found
E/NetlinkEvent(  423): NetlinkEvent::FindParam(): Parameter 'ALERT_NAME' not found
E/NetlinkEvent(  423): NetlinkEvent::FindParam(): Parameter 'ALERT_NAME' not found
E/NetlinkEvent(  423): NetlinkEvent::FindParam(): Parameter 'ALERT_NAME' not found
E/NetlinkEvent(  440): NetlinkEvent::FindParam(): Parameter 'ALERT_NAME' not found
V/UidProcStateHelper( 1371): process state changed:[30467,10093,3]
V/UidProcStateHelper( 1371): process state changed:[32248,10093,3]
V/UidProcStateHelper( 1371): process state changed:[10441,10065,13]
V/UidProcStateHelper( 1371): process state changed:[30467,10093,7]
V/UidProcStateHelper( 1371): process state changed:[32248,10093,7]
D/ConnectivityService( 1371): returning Blocked NetworkInfo for ifname=wlan0, uid=10095
V/UidProcStateHelper( 1371): process state changed:[30467,10093,3]
D/ConnectivityService( 1371): returning Blocked NetworkInfo for ifname=wlan0, uid=10097
V/UidProcStateHelper( 1371): process state changed:[32248,10093,3]
I/StorageNotification( 3225): UMS connection changed to false (media state mounted)
W/ContextImpl(26924): Calling a method in the system process without a qualified user: android.app.ContextImpl.startService:-1 android.content.ContextWrapper.startService:-1 android.content.ContextWrapper.startService:-1 com.android.settings.AnalyticsReceiver.onReceive:-1 android.app.ActivityThread.handleReceiver:-1 
E/NetlinkEvent(  423): NetlinkEvent::FindParam(): Parameter 'ALERT_NAME' not found
E/NetlinkEvent(  423): NetlinkEvent::FindParam(): Parameter 'ALERT_NAME' not found
E/NetlinkEvent(  440): NetlinkEvent::FindParam(): Parameter 'ALERT_NAME' not found
E/NetlinkEvent(  440): NetlinkEvent::FindParam(): Parameter 'ALERT_NAME' not found
E/NetlinkEvent(  440): NetlinkEvent::FindParam(): Parameter 'ALERT_NAME' not found
E/NetlinkEvent(  423): NetlinkEvent::FindParam(): Parameter 'ALERT_NAME' not found
E/NetlinkEvent(  423): NetlinkEvent::FindParam(): Parameter 'ALERT_NAME' not found
E/NetlinkEvent(  440): NetlinkEvent::FindParam(): Parameter 'ALERT_NAME' not found
E/NetlinkEvent(  423): NetlinkEvent::FindParam(): Parameter 'ALERT_NAME' not found
E/NetlinkEvent(  440): NetlinkEvent::FindParam(): Parameter 'ALERT_NAME' not found
E/NetlinkEvent(  423): NetlinkEvent::FindParam(): Parameter 'ALERT_NAME' not found
E/NetlinkEvent(  440): NetlinkEvent::FindParam(): Parameter 'ALERT_NAME' not found
I/EntropyMixer( 1371): Writing entropy...
V/UidProcStateHelper( 1371): process state changed:[30467,10093,7]
V/UidProcStateHelper( 1371): process state changed:[32248,10093,7]
V/UidProcStateHelper( 1371): process state changed:[30467,10093,3]
V/UidProcStateHelper( 1371): process state changed:[32248,10093,3]
V/UidProcStateHelper( 1371): process state changed:[10441,10065,13]
D/ConnectivityService( 1371): returning Blocked NetworkInfo for ifname=wlan0, uid=10095
V/UidProcStateHelper( 1371): process state changed:[30467,10093,7]
V/UidProcStateHelper( 1371): process state changed:[32248,10093,7]
V/UidProcStateHelper( 1371): process state changed:[30467,10093,3]
V/UidProcStateHelper( 1371): process state changed:[32248,10093,3]
D/ConnectivityService( 1371): returning Blocked NetworkInfo for ifname=wlan0, uid=10097
W/PowerUI ( 3225): unknown intent: Intent { act=android.intent.action.ACTION_POWER_CONNECTED flg=0x4000010 }
E/NetlinkEvent(  423): NetlinkEvent::FindParam(): Parameter 'ALERT_NAME' not found
E/NetlinkEvent(  440): NetlinkEvent::FindParam(): Parameter 'ALERT_NAME' not found
E/NetlinkEvent(  440): NetlinkEvent::FindParam(): Parameter 'ALERT_NAME' not found
E/NetlinkEvent(  440): NetlinkEvent::FindParam(): Parameter 'ALERT_NAME' not found
E/NetlinkEvent(  423): NetlinkEvent::FindParam(): Parameter 'ALERT_NAME' not found
E/NetlinkEvent(  423): NetlinkEvent::FindParam(): Parameter 'ALERT_NAME' not found
E/NetlinkEvent(  423): NetlinkEvent::FindParam(): Parameter 'ALERT_NAME' not found
E/NetlinkEvent(  440): NetlinkEvent::FindParam(): Parameter 'ALERT_NAME' not found
I/ValidateNoPeople( 1371): skipping global notification
D/ZenLog  ( 1371): not_intercepted: -1|android|17040680|null|1000,miui_silent
E/NetlinkEvent(  440): NetlinkEvent::FindParam(): Parameter 'ALERT_NAME' not found
E/NetlinkEvent(  440): NetlinkEvent::FindParam(): Parameter 'ALERT_NAME' not found
E/NetlinkEvent(  440): NetlinkEvent::FindParam(): Parameter 'ALERT_NAME' not found
I/StorageNotification( 3225): UMS connection changed to false (media state mounted)
E/NetlinkEvent(  423): NetlinkEvent::FindParam(): Parameter 'ALERT_NAME' not found
E/NetlinkEvent(  423): NetlinkEvent::FindParam(): Parameter 'ALERT_NAME' not found
E/NetlinkEvent(  423): NetlinkEvent::FindParam(): Parameter 'ALERT_NAME' not found
W/ContextImpl(26924): Calling a method in the system process without a qualified user: android.app.ContextImpl.startService:-1 android.content.ContextWrapper.startService:-1 android.content.ContextWrapper.startService:-1 com.android.settings.AnalyticsReceiver.onReceive:-1 android.app.ActivityThread.handleReceiver:-1 
E/NetlinkEvent(  423): NetlinkEvent::FindParam(): Parameter 'ALERT_NAME' not found
E/NetlinkEvent(  440): NetlinkEvent::FindParam(): Parameter 'ALERT_NAME' not found
E/NetlinkEvent(  423): NetlinkEvent::FindParam(): Parameter 'ALERT_NAME' not found
E/NetlinkEvent(  440): NetlinkEvent::FindParam(): Parameter 'ALERT_NAME' not found
E/NetlinkEvent(  440): NetlinkEvent::FindParam(): Parameter 'ALERT_NAME' not found
E/NetlinkEvent(  423): NetlinkEvent::FindParam(): Parameter 'ALERT_NAME' not found
I/StorageNotification( 3225): UMS connection changed to false (media state mounted)
W/ContextImpl(26924): Calling a method in the system process without a qualified user: android.app.ContextImpl.startService:-1 android.content.ContextWrapper.startService:-1 android.content.ContextWrapper.startService:-1 com.android.settings.AnalyticsReceiver.onReceive:-1 android.app.ActivityThread.handleReceiver:-1 
E/NetlinkEvent(  423): NetlinkEvent::FindParam(): Parameter 'ALERT_NAME' not found
E/NetlinkEvent(  440): NetlinkEvent::FindParam(): Parameter 'ALERT_NAME' not found
I/StorageNotification( 3225): UMS connection changed to false (media state mounted)
W/ContextImpl(26924): Calling a method in the system process without a qualified user: android.app.ContextImpl.startService:-1 android.content.ContextWrapper.startService:-1 android.content.ContextWrapper.startService:-1 com.android.settings.AnalyticsReceiver.onReceive:-1 android.app.ActivityThread.handleReceiver:-1 
E/NetlinkEvent(  440): NetlinkEvent::FindParam(): Parameter 'ALERT_NAME' not found
E/NetlinkEvent(  423): NetlinkEvent::FindParam(): Parameter 'ALERT_NAME' not found
E/NetlinkEvent(  440): NetlinkEvent::FindParam(): Parameter 'ALERT_NAME' not found
E/NetlinkEvent(  423): NetlinkEvent::FindParam(): Parameter 'ALERT_NAME' not found
V/UidProcStateHelper( 1371): process state changed:[3196,10010,3]
D/ConnectivityService( 1371): returning Blocked NetworkInfo for ifname=wlan0, uid=10097
V/UidProcStateHelper( 1371): process state changed:[3196,10010,3]
V/UidProcStateHelper( 1371): process state changed:[3196,10010,7]
V/UidProcStateHelper( 1371): process state changed:[3196,10010,3]
V/UidProcStateHelper( 1371): process state changed:[3196,10010,3]
V/UidProcStateHelper( 1371): process state changed:[3196,10010,7]
D/ConnectivityService( 1371): returning Blocked NetworkInfo for ifname=wlan0, uid=10097
D/ConnectivityService( 1371): returning Blocked NetworkInfo for ifname=wlan0, uid=10097
D/ConnectivityService( 1371): returning Blocked NetworkInfo for ifname=wlan0, uid=10097
D/ConnectivityService( 1371): returning Blocked NetworkInfo for ifname=wlan0, uid=10097
D/ZenLog  ( 1371): not_intercepted: -1|android|17040680|null|1000,miui_silent
D/ConnectivityService( 1371): returning Blocked NetworkInfo for ifname=wlan0, uid=10097
D/ConnectivityService( 1371): returning Blocked NetworkInfo for ifname=wlan0, uid=10097
V/UidProcStateHelper( 1371): process state changed:[30467,10093,7]
V/UidProcStateHelper( 1371): process state changed:[32248,10093,7]
V/UidProcStateHelper( 1371): process state changed:[30467,10093,3]
V/UidProcStateHelper( 1371): process state changed:[32248,10093,3]
D/ConnectivityService( 1371): returning Blocked NetworkInfo for ifname=wlan0, uid=10097
I/ActivityManager( 1371): START u0 {act=android.intent.action.MAIN cat=[android.intent.category.LAUNCHER] flg=0x10200000 cmp=com.android.contacts/.activities.PeopleActivity bnds=[0,1728][216,1920] (has extras)} from uid 10090 on display 0
V/WindowManager( 1371): addAppToken: AppWindowToken{2253fa1f token=Token{309ac9be ActivityRecord{2f08a879 u0 com.android.contacts/.activities.PeopleActivity t1856}}} to stack=1 task=1856 at 0
V/WindowManager( 1371): Adding window Window{be22434 u0 Starting com.android.contacts} at 6 of 18 (after Window{2f714725 u0 com.android.incallui/com.android.incallui.InCallActivity})
I/ActivityManager( 1371): Start proc 10604:com.android.contacts/u0a8 for activity com.android.contacts/.activities.PeopleActivity
V/UidProcStateHelper( 1371): process state changed:[10604,10008,2]
V/UidProcStateHelper( 1371): process state changed:[4126,10090,9]
I/ActivityManager( 1371): Start proc 10632:com.miui.cloudservice:remote/u0a46 for service com.miui.cloudservice/.miprofile.MiProfileMessengerService
V/UidProcStateHelper( 1371): process state changed:[10632,10046,3]
D/ConnectivityService( 1371): returning Blocked NetworkInfo for ifname=wlan0, uid=10097
V/UidProcStateHelper( 1371): process state changed:[10632,10046,2]
V/WindowManager( 1371): Adding window Window{2b1f38e7 u0 com.android.contacts/com.android.contacts.activities.PeopleActivity} at 6 of 19 (before Window{be22434 u0 Starting com.android.contacts})
I/ActivityManager( 1371): Start proc 10668:com.miui.yellowpage/u0a8 for content provider com.miui.yellowpage/.providers.yellowpage.YellowPageProvider
V/UidProcStateHelper( 1371): process state changed:[10668,10008,3]
I/ActivityManager( 1371): Killing 10052:com.miui.weather2/u0a34 (adj 15): empty #13
V/UidProcStateHelper( 1371): process state changed:[10668,10008,13]
V/UidProcStateHelper( 1371): process died:[10052,10034]
D/ConnectivityService( 1371): listenForNetwork for NetworkRequest [ id=32, legacyType=-1, [ Capabilities: INTERNET&NOT_RESTRICTED&TRUSTED] ]
D/ConnectivityService( 1371): handleRegisterNetworkRequest checking NetworkAgentInfo [WIFI () - 106]
D/ConnectivityService( 1371): apparently satisfied.  currentScore=100
I/ActivityManager( 1371): moveTaskToBack: TaskRecord{36670692 #1856 A=android.task.contacts U=0 sz=1}
E/ActivityManager( 1371): Invalid thumbnail dimensions: 0x0
V/UidProcStateHelper( 1371): process state changed:[10668,10008,3]
V/UidProcStateHelper( 1371): process state changed:[4126,10090,2]
V/UidProcStateHelper( 1371): process state changed:[10668,10008,13]
W/ViewRootImpl( 4126): Dropping event due to no window focus: KeyEvent { action=ACTION_DOWN, keyCode=KEYCODE_BACK, scanCode=158, metaState=0, flags=0x48, repeatCount=0, eventTime=7578475, downTime=7578475, deviceId=12, source=0x101 }
W/ActivityManager( 1371): Unable to start service Intent { cmp=com.teslacoilsw.notifier/.NotificationService (has extras) } U=0: not found
V/UidProcStateHelper( 1371): process state changed:[10604,10008,10]
V/UidProcStateHelper( 1371): process state changed:[10632,10046,10]
D/ConnectivityService( 1371): returning Blocked NetworkInfo for ifname=wlan0, uid=10097
I/ActivityManager( 1371): START u0 {act=android.intent.action.MAIN cat=[android.intent.category.LAUNCHER] flg=0x10200000 cmp=com.android.fileexplorer/.FileExplorerTabActivity bnds=[432,1366][648,1692] (has extras)} from uid 10090 on display 0
V/WindowManager( 1371): addAppToken: AppWindowToken{928d5ea token=Token{380bd9d5 ActivityRecord{2b081e8c u0 com.android.fileexplorer/.FileExplorerTabActivity t1857}}} to stack=1 task=1857 at 0
V/WindowManager( 1371): Adding window Window{316a2d54 u0 Starting com.android.fileexplorer} at 7 of 19 (after Window{2f714725 u0 com.android.incallui/com.android.incallui.InCallActivity})
V/UidProcStateHelper( 1371): process state changed:[9409,10051,2]
V/UidProcStateHelper( 1371): process state changed:[32072,10051,3]
V/UidProcStateHelper( 1371): process state changed:[7952,10056,3]
V/WindowManager( 1371): Adding window Window{2f3b31d8 u0 com.android.fileexplorer/com.android.fileexplorer.FileExplorerTabActivity} at 7 of 20 (before Window{316a2d54 u0 Starting com.android.fileexplorer})
V/UidProcStateHelper( 1371): process state changed:[3196,10010,3]
V/UidProcStateHelper( 1371): process state changed:[3196,10010,3]
V/UidProcStateHelper( 1371): process state changed:[4126,10090,9]
D/TaskPersister( 1371): removeObsoleteFile: deleting file=1855_task.xml
D/ConnectivityService( 1371): returning Blocked NetworkInfo for ifname=wlan0, uid=10097
V/UidProcStateHelper( 1371): process state changed:[3196,10010,3]
V/UidProcStateHelper( 1371): process state changed:[3196,10010,7]
D/ConnectivityService( 1371): returning Blocked NetworkInfo for ifname=wlan0, uid=10097
D/ConnectivityService( 1371): returning Blocked NetworkInfo for ifname=wlan0, uid=10097
D/ConnectivityService( 1371): returning Blocked NetworkInfo for ifname=wlan0, uid=10097
D/ConnectivityService( 1371): returning Blocked NetworkInfo for ifname=wlan0, uid=10097
D/ConnectivityService( 1371): returning Blocked NetworkInfo for ifname=wlan0, uid=10097
I/ActivityManager( 1371): START u0 {act=android.intent.action.VIEW dat=file:///storage/emulated/0/Bicom/Zapisane_trasy/ZapisanaTrasa2017-05-14 15:48:31.txt typ=text/plain flg=0x10000000 cmp=android/com.android.internal.app.ResolverActivity} from uid 10051 on display 0
V/WindowManager( 1371): addAppToken: AppWindowToken{32888287 token=Token{11b412c6 ActivityRecord{2ad4d0a1 u0 android/com.android.internal.app.ResolverActivity t1858}}} to stack=1 task=1858 at 0
E/ActivityManager( 1371): Invalid thumbnail dimensions: 0x0
I/ActivityManager( 1371): Start proc 10768:system:ui/1000 for activity android/com.android.internal.app.ResolverActivity
V/UidProcStateHelper( 1371): process state changed:[10768,1000,2]
V/WindowManager( 1371): Adding window Window{1b99e395 u0 android/com.android.internal.app.ResolverActivity} at 8 of 20 (after Window{2f3b31d8 u0 com.android.fileexplorer/com.android.fileexplorer.FileExplorerTabActivity})
V/UidProcStateHelper( 1371): process state changed:[10604,10008,11]
V/UidProcStateHelper( 1371): process state changed:[10632,10046,12]
D/ConnectivityService( 1371): returning Blocked NetworkInfo for ifname=wlan0, uid=10097
I/PackageManager( 1371): Setting last chosen activity cn.wps.moffice_eng/cn.wps.moffice.documentmanager.PreStartActivity2 for user 0:
I/ActivityManager( 1371): START u0 {act=android.intent.action.VIEW dat=file:///storage/emulated/0/Bicom/Zapisane_trasy/ZapisanaTrasa2017-05-14 15:48:31.txt typ=text/plain flg=0x13000000 cmp=cn.wps.moffice_eng/cn.wps.moffice.documentmanager.PreStartActivity2} from uid 1000 on display 0
V/WindowManager( 1371): addAppToken: AppWindowToken{a311b77 token=Token{110cb976 ActivityRecord{1f022411 u0 cn.wps.moffice_eng/cn.wps.moffice.documentmanager.PreStartActivity2 t1859}}} to stack=1 task=1859 at 0
E/ActivityManager( 1371): Invalid thumbnail dimensions: 0x0
I/ActivityManager( 1371): Start proc 10802:cn.wps.moffice_eng/u0a108 for activity cn.wps.moffice_eng/cn.wps.moffice.documentmanager.PreStartActivity2
V/UidProcStateHelper( 1371): process state changed:[10802,10108,2]
V/LocationPolicy( 1371): writePolicyLocked()
I/ActivityManager( 1371): START u0 {cmp=cn.wps.moffice_eng/cn.wps.moffice.writer.multiactivity.Writer1 (has extras)} from uid 10108 on display 0
V/WindowManager( 1371): addAppToken: AppWindowToken{bce86bd token=Token{f374e14 ActivityRecord{669d067 u0 cn.wps.moffice_eng/cn.wps.moffice.writer.multiactivity.Writer1 t1860}}} to stack=1 task=1860 at 0
E/ActivityManager( 1371): Invalid thumbnail dimensions: 0x0
I/ActivityManager( 1371): Start proc 10848:cn.wps.moffice_eng:writer1/u0a108 for activity cn.wps.moffice_eng/cn.wps.moffice.writer.multiactivity.Writer1
V/UidProcStateHelper( 1371): process state changed:[10848,10108,2]
V/UidProcStateHelper( 1371): process state changed:[9409,10051,10]
V/UidProcStateHelper( 1371): process state changed:[32072,10051,7]
V/UidProcStateHelper( 1371): process state changed:[7952,10056,7]
D/ConnectivityService( 1371): returning Blocked NetworkInfo for ifname=wlan0, uid=10097
D/WifiService( 1371): New client listening to asynchronous messages
V/WindowManager( 1371): Based on layer: Adding window Window{2e521e62 u0 cn.wps.moffice_eng/cn.wps.moffice.writer.multiactivity.Writer1} at 9 of 21
V/WindowManager( 1371): not Base app: Adding window Window{4bb6674 u0 cn.wps.moffice_eng/cn.wps.moffice.writer.multiactivity.Writer1} at 10 of 22
I/ActivityManager( 1371): Start proc 10931:cn.wps.moffice_eng:gcmpush/u0a108 for service cn.wps.moffice_eng/com.google.firebase.iid.FirebaseInstanceIdService
V/UidProcStateHelper( 1371): process state changed:[10931,10108,7]
V/UidProcStateHelper( 1371): process state changed:[3174,10095,4]
V/UidProcStateHelper( 1371): process state changed:[10931,10108,13]
D/ConnectivityService( 1371): returning Blocked NetworkInfo for ifname=wlan0, uid=10095
D/ConnectivityService( 1371): returning Blocked NetworkInfo for ifname=wlan0, uid=10095
W/FrameworkListener(  440): Handler 'getaddrinfo' error (Success)
D/ConnectivityService( 1371): listenForNetwork for NetworkRequest [ id=33, legacyType=-1, [ Capabilities: INTERNET&NOT_RESTRICTED&TRUSTED] ]
D/ConnectivityService( 1371): handleRegisterNetworkRequest checking NetworkAgentInfo [WIFI () - 106]
D/ConnectivityService( 1371): apparently satisfied.  currentScore=100
D/ConnectivityService( 1371): listenForNetwork for NetworkRequest [ id=34, legacyType=-1, [ Capabilities: INTERNET&NOT_RESTRICTED&TRUSTED] ]
D/ConnectivityService( 1371): handleRegisterNetworkRequest checking NetworkAgentInfo [WIFI () - 106]
D/ConnectivityService( 1371): apparently satisfied.  currentScore=100
I/ActivityManager( 1371): Killing 10083:com.miui.bugreport:remote/1000 (adj 15): empty #13
V/UidProcStateHelper( 1371): process state changed:[10768,1000,13]
W/ActivityManager( 1371): Finishing task with all activities already finished
W/ActivityManager( 1371): Duplicate finish request for ActivityRecord{1f022411 u0 cn.wps.moffice_eng/cn.wps.moffice.documentmanager.PreStartActivity2 t1859 f}
W/ActivityManager( 1371): Finishing task with all activities already finished
W/ActivityManager( 1371): Duplicate finish request for ActivityRecord{2ad4d0a1 u0 android/com.android.internal.app.ResolverActivity t1858 f}
D/WifiService( 1371): New client listening to asynchronous messages
V/UidProcStateHelper( 1371): process died:[10083,1000]
W/FrameworkListener(  440): Handler 'getaddrinfo' error (Success)
D/ConnectivityService( 1371): returning Blocked NetworkInfo for ifname=wlan0, uid=10097
W/FrameworkListener(  440): Handler 'getaddrinfo' error (Success)
V/UidProcStateHelper( 1371): process state changed:[3174,10095,3]
V/UidProcStateHelper( 1371): process state changed:[3174,10095,4]
D/ConnectivityService( 1371): returning Blocked NetworkInfo for ifname=wlan0, uid=10095
V/UidProcStateHelper( 1371): process state changed:[3174,10095,7]
D/ConnectivityService( 1371): returning Blocked NetworkInfo for ifname=wlan0, uid=10097
W/ActivityManager( 1371): Binding with unknown activity: Token{110cb976 ActivityRecord{1f022411 u0 cn.wps.moffice_eng/cn.wps.moffice.documentmanager.PreStartActivity2 t1859 f}}
V/UidProcStateHelper( 1371): process state changed:[3174,10095,3]
V/UidProcStateHelper( 1371): process state changed:[10931,10108,3]
V/UidProcStateHelper( 1371): process state changed:[10931,10108,2]
V/UidProcStateHelper( 1371): process state changed:[3174,10095,7]
V/UidProcStateHelper( 1371): process state changed:[3174,10095,3]
V/UidProcStateHelper( 1371): process state changed:[3174,10095,7]
V/UidProcStateHelper( 1371): process state changed:[10931,10108,3]
V/UidProcStateHelper( 1371): process state changed:[10802,10108,3]
D/ConnectivityService( 1371): returning Blocked NetworkInfo for ifname=wlan0, uid=10097
V/WindowManager( 1371): not Base app: Adding window Window{294280d5 u0 cn.wps.moffice_eng/cn.wps.moffice.writer.multiactivity.Writer1} at 9 of 21
V/WindowManager( 1371): Adding window Window{326d0fdb u0 PopupWindow:1fa43176} at 9 of 22 (after Window{2e521e62 u0 cn.wps.moffice_eng/cn.wps.moffice.writer.multiactivity.Writer1})
D/ConnectivityService( 1371): returning Blocked NetworkInfo for ifname=wlan0, uid=10097
D/ConnectivityService( 1371): returning Blocked NetworkInfo for ifname=wlan0, uid=10097
V/UidProcStateHelper( 1371): process state changed:[3697,10103,3]
I/ValidateNoPeople( 1371): skipping global notification
D/ZenLog  ( 1371): not_intercepted: -1|android|17040693|null|1000,miui_silent
V/WindowManager( 1371): Adding window Window{fe64945 u0 SurfaceView} at 10 of 22 (after Window{3fcaf58d u0 InputMethod})
W/ContextImpl( 1371): Calling a method in the system process without a qualified user: android.app.ContextImpl.sendBroadcast:-1 com.android.internal.policy.impl.BaseMiuiPhoneWindowManager$15.run:1742 android.os.Handler.handleCallback:-1 android.os.Handler.dispatchMessage:-1 android.os.Looper.loop:-1 
V/WindowManager( 1371): Adding window Window{90da5cb u0 PopupWindow:1ec2ba88} at 11 of 23 (after Window{fe64945 u0 SurfaceView})
D/ConnectivityService( 1371): returning Blocked NetworkInfo for ifname=wlan0, uid=10097
D/ConnectivityService( 1371): returning Blocked NetworkInfo for ifname=wlan0, uid=10097
V/UidProcStateHelper( 1371): process state changed:[3697,10103,4]
W/ContextImpl( 1371): Calling a method in the system process without a qualified user: android.app.ContextImpl.sendBroadcast:-1 com.android.internal.policy.impl.BaseMiuiPhoneWindowManager$15.run:1742 android.os.Handler.handleCallback:-1 android.os.Handler.dispatchMessage:-1 android.os.Looper.loop:-1 
V/WindowManager( 1371): not Base app: Adding window Window{124ed3a7 u0 cn.wps.moffice_eng/cn.wps.moffice.writer.multiactivity.Writer1} at 9 of 23
D/ConnectivityService( 1371): returning Blocked NetworkInfo for ifname=wlan0, uid=10097
V/WindowManager( 1371): not Base app: Adding window Window{3f315bfd u0 cn.wps.moffice_eng/cn.wps.moffice.writer.multiactivity.Writer1} at 9 of 23
D/ConnectivityService( 1371): releasing NetworkRequest NetworkRequest [ id=33, legacyType=-1, [ Capabilities: INTERNET&NOT_RESTRICTED&TRUSTED] ]
I/ActivityManager( 1371): START u0 {flg=0x10000000 cmp=cn.wps.moffice_eng/cn.wps.moffice.writer.multiactivity.Writer1 (has extras)} from uid 10108 on display 0
D/ConnectivityService( 1371): returning Blocked NetworkInfo for ifname=wlan0, uid=10097
D/ConnectivityService( 1371): updateNetworkScore for NetworkAgentInfo [WIFI () - 106] to 56
D/ConnectivityService( 1371): rematching NetworkAgentInfo [WIFI () - 106]
D/ConnectivityService( 1371): Network NetworkAgentInfo [WIFI () - 106] was already satisfying request 1. No change.
D/ConnectivityService( 1371): notifyType AVAILABLE for NetworkAgentInfo [WIFI () - 106]
D/ConnectivityService( 1371): returning Blocked NetworkInfo for ifname=wlan0, uid=10097
D/ConnectivityService( 1371): returning Blocked NetworkInfo for ifname=wlan0, uid=10097
D/ConnectivityService( 1371): returning Blocked NetworkInfo for ifname=wlan0, uid=10097
D/ConnectivityService( 1371): updateNetworkScore for NetworkAgentInfo [WIFI () - 106] to 60
D/ConnectivityService( 1371): rematching NetworkAgentInfo [WIFI () - 106]
D/ConnectivityService( 1371): Network NetworkAgentInfo [WIFI () - 106] was already satisfying request 1. No change.
D/ConnectivityService( 1371): notifyType AVAILABLE for NetworkAgentInfo [WIFI () - 106]
D/ConnectivityService( 1371): returning Blocked NetworkInfo for ifname=wlan0, uid=10097
D/ConnectivityService( 1371): returning Blocked NetworkInfo for ifname=wlan0, uid=10097
D/ConnectivityService( 1371): returning Blocked NetworkInfo for ifname=wlan0, uid=10097
E/ActivityManager( 1371): Invalid thumbnail dimensions: 0x0
V/UidProcStateHelper( 1371): process state changed:[9409,10051,2]
V/UidProcStateHelper( 1371): process state changed:[32072,10051,3]
V/UidProcStateHelper( 1371): process state changed:[7952,10056,3]
W/ViewRootImpl(10848): Cancelling event due to no window focus: KeyEvent { action=ACTION_UP, keyCode=KEYCODE_BACK, scanCode=158, metaState=0, flags=0x68, repeatCount=0, eventTime=7620021, downTime=7619867, deviceId=12, source=0x101 }
W/ViewRootImpl(10848): Cancelling event due to no window focus: KeyEvent { action=ACTION_UP, keyCode=KEYCODE_BACK, scanCode=158, metaState=0, flags=0x68, repeatCount=0, eventTime=7620021, downTime=7619867, deviceId=12, source=0x101 }
W/ViewRootImpl(10848): Cancelling event due to no window focus: KeyEvent { action=ACTION_UP, keyCode=KEYCODE_BACK, scanCode=158, metaState=0, flags=0x68, repeatCount=0, eventTime=7620021, downTime=7619867, deviceId=12, source=0x101 }
D/ConnectivityService( 1371): returning Blocked NetworkInfo for ifname=wlan0, uid=10097
W/ViewRootImpl( 9409): Cancelling event due to no window focus: KeyEvent { action=ACTION_UP, keyCode=KEYCODE_BACK, scanCode=158, metaState=0, flags=0x68, repeatCount=0, eventTime=7620019, downTime=7619867, deviceId=12, source=0x101 }
W/ViewRootImpl( 9409): Cancelling event due to no window focus: KeyEvent { action=ACTION_UP, keyCode=KEYCODE_BACK, scanCode=158, metaState=0, flags=0x68, repeatCount=0, eventTime=7620019, downTime=7619867, deviceId=12, source=0x101 }
W/ViewRootImpl( 9409): Cancelling event due to no window focus: KeyEvent { action=ACTION_UP, keyCode=KEYCODE_BACK, scanCode=158, metaState=0, flags=0x68, repeatCount=0, eventTime=7620019, downTime=7619867, deviceId=12, source=0x101 }
W/ViewRootImpl( 9409): Cancelling event due to no window focus: KeyEvent { action=ACTION_UP, keyCode=KEYCODE_BACK, scanCode=158, metaState=0, flags=0x68, repeatCount=0, eventTime=7620019, downTime=7619867, deviceId=12, source=0x101 }
W/ViewRootImpl( 9409): Cancelling event due to no window focus: KeyEvent { action=ACTION_UP, keyCode=KEYCODE_BACK, scanCode=158, metaState=0, flags=0x68, repeatCount=0, eventTime=7620019, downTime=7619867, deviceId=12, source=0x101 }
W/ViewRootImpl( 9409): Cancelling event due to no window focus: KeyEvent { action=ACTION_UP, keyCode=KEYCODE_BACK, scanCode=158, metaState=0, flags=0x68, repeatCount=0, eventTime=7620019, downTime=7619867, deviceId=12, source=0x101 }
W/ViewRootImpl( 9409): Cancelling event due to no window focus: KeyEvent { action=ACTION_UP, keyCode=KEYCODE_BACK, scanCode=158, metaState=0, flags=0x68, repeatCount=0, eventTime=7620019, downTime=7619867, deviceId=12, source=0x101 }
W/ViewRootImpl( 9409): Cancelling event due to no window focus: KeyEvent { action=ACTION_UP, keyCode=KEYCODE_BACK, scanCode=158, metaState=0, flags=0x68, repeatCount=0, eventTime=7620019, downTime=7619867, deviceId=12, source=0x101 }
W/ViewRootImpl( 9409): Cancelling event due to no window focus: KeyEvent { action=ACTION_UP, keyCode=KEYCODE_BACK, scanCode=158, metaState=0, flags=0x68, repeatCount=0, eventTime=7620019, downTime=7619867, deviceId=12, source=0x101 }
V/UidProcStateHelper( 1371): process state changed:[10848,10108,13]
D/ConnectivityService( 1371): returning Blocked NetworkInfo for ifname=wlan0, uid=10097
I/ActivityManager( 1371): START u0 {act=android.intent.action.VIEW dat=file:///storage/emulated/0/Bicom/Zapisane_trasy/ZapisanaTrasa2017-05-14 15:48:31.txt typ=text/plain flg=0x10000000 cmp=android/com.android.internal.app.ResolverActivity} from uid 10051 on display 0
V/WindowManager( 1371): addAppToken: AppWindowToken{3db09cdd token=Token{4d968b4 ActivityRecord{3b6f3187 u0 android/com.android.internal.app.ResolverActivity t1861}}} to stack=1 task=1861 at 0
E/ActivityManager( 1371): Invalid thumbnail dimensions: 0x0
V/UidProcStateHelper( 1371): process state changed:[10768,1000,2]
V/WindowManager( 1371): Adding window Window{3ebd1a4c u0 android/com.android.internal.app.ResolverActivity} at 8 of 22 (after Window{2f3b31d8 u0 com.android.fileexplorer/com.android.fileexplorer.FileExplorerTabActivity})
E/ActivityManager( 1371): Invalid thumbnail dimensions: 0x0
W/InputMethodManagerService( 1371): Window already focused, ignoring focus gain of: com.android.internal.view.IInputMethodClient$Stub$Proxy@3df10d50 attribute=null, token = android.os.BinderProxy@aab98bb
V/UidProcStateHelper( 1371): process state changed:[10768,1000,13]
W/ActivityManager( 1371): Finishing task with all activities already finished
W/ActivityManager( 1371): Duplicate finish request for ActivityRecord{3b6f3187 u0 android/com.android.internal.app.ResolverActivity t1861 f}
D/ConnectivityService( 1371): returning Blocked NetworkInfo for ifname=wlan0, uid=10097
D/ConnectivityService( 1371): returning Blocked NetworkInfo for ifname=wlan0, uid=10097
I/ActivityManager( 1371): START u0 {act=android.intent.action.VIEW dat=file:///storage/emulated/0/Bicom/Zapisane_trasy/2017-05-14 15:48:31.txt typ=text/plain flg=0x10000000 cmp=android/com.android.internal.app.ResolverActivity} from uid 10051 on display 0
V/WindowManager( 1371): addAppToken: AppWindowToken{ddb3f5a token=Token{2b294305 ActivityRecord{38e1ae7c u0 android/com.android.internal.app.ResolverActivity t1862}}} to stack=1 task=1862 at 0
E/ActivityManager( 1371): Invalid thumbnail dimensions: 0x0
V/UidProcStateHelper( 1371): process state changed:[10768,1000,2]
V/WindowManager( 1371): Adding window Window{3521cdbd u0 android/com.android.internal.app.ResolverActivity} at 8 of 22 (after Window{2f3b31d8 u0 com.android.fileexplorer/com.android.fileexplorer.FileExplorerTabActivity})
D/ConnectivityService( 1371): returning Blocked NetworkInfo for ifname=wlan0, uid=10097
I/PackageManager( 1371): Setting last chosen activity cn.wps.moffice_eng/cn.wps.moffice.documentmanager.PreStartActivity2 for user 0:
I/ActivityManager( 1371): START u0 {act=android.intent.action.VIEW dat=file:///storage/emulated/0/Bicom/Zapisane_trasy/2017-05-14 15:48:31.txt typ=text/plain flg=0x13000000 cmp=cn.wps.moffice_eng/cn.wps.moffice.documentmanager.PreStartActivity2} from uid 1000 on display 0
V/WindowManager( 1371): addAppToken: AppWindowToken{2b2288b9 token=Token{4a6a80 ActivityRecord{20172b03 u0 cn.wps.moffice_eng/cn.wps.moffice.documentmanager.PreStartActivity2 t1863}}} to stack=1 task=1863 at 0
E/ActivityManager( 1371): Invalid thumbnail dimensions: 0x0
V/UidProcStateHelper( 1371): process state changed:[10802,10108,2]
V/UidProcStateHelper( 1371): process state changed:[10931,10108,2]
I/ActivityManager( 1371): START u0 {cmp=cn.wps.moffice_eng/cn.wps.moffice.writer.multiactivity.Writer1 (has extras)} from uid 10108 on display 0
V/WindowManager( 1371): addAppToken: AppWindowToken{52baeac token=Token{257745f ActivityRecord{1b72c4fe u0 cn.wps.moffice_eng/cn.wps.moffice.writer.multiactivity.Writer1 t1864}}} to stack=1 task=1864 at 0
E/ActivityManager( 1371): Invalid thumbnail dimensions: 0x0
V/UidProcStateHelper( 1371): process state changed:[10848,10108,2]
V/UidProcStateHelper( 1371): process state changed:[9409,10051,10]
V/UidProcStateHelper( 1371): process state changed:[32072,10051,7]
V/UidProcStateHelper( 1371): process state changed:[7952,10056,7]
V/UidProcStateHelper( 1371): process state changed:[3174,10095,3]
V/UidProcStateHelper( 1371): process state changed:[3174,10095,7]
V/WindowManager( 1371): Based on layer: Adding window Window{2928daf3 u0 cn.wps.moffice_eng/cn.wps.moffice.writer.multiactivity.Writer1} at 9 of 23
D/ConnectivityService( 1371): listenForNetwork for NetworkRequest [ id=35, legacyType=-1, [ Capabilities: INTERNET&NOT_RESTRICTED&TRUSTED] ]
D/ConnectivityService( 1371): handleRegisterNetworkRequest checking NetworkAgentInfo [WIFI () - 106]
D/ConnectivityService( 1371): apparently satisfied.  currentScore=100
V/UidProcStateHelper( 1371): process state changed:[10768,1000,13]
W/ActivityManager( 1371): Finishing task with all activities already finished
W/ActivityManager( 1371): Duplicate finish request for ActivityRecord{20172b03 u0 cn.wps.moffice_eng/cn.wps.moffice.documentmanager.PreStartActivity2 t1863 f}
W/ActivityManager( 1371): Finishing task with all activities already finished
W/ActivityManager( 1371): Duplicate finish request for ActivityRecord{38e1ae7c u0 android/com.android.internal.app.ResolverActivity t1862 f}
D/ConnectivityService( 1371): returning Blocked NetworkInfo for ifname=wlan0, uid=10097
V/UidProcStateHelper( 1371): process state changed:[3174,10095,3]
V/UidProcStateHelper( 1371): process state changed:[3174,10095,7]
D/ConnectivityService( 1371): updateNetworkScore for NetworkAgentInfo [WIFI () - 106] to 56
D/ConnectivityService( 1371): rematching NetworkAgentInfo [WIFI () - 106]
D/ConnectivityService( 1371): Network NetworkAgentInfo [WIFI () - 106] was already satisfying request 1. No change.
D/ConnectivityService( 1371): notifyType AVAILABLE for NetworkAgentInfo [WIFI () - 106]
D/ConnectivityService( 1371): returning Blocked NetworkInfo for ifname=wlan0, uid=10097
D/ConnectivityService( 1371): returning Blocked NetworkInfo for ifname=wlan0, uid=10097
D/ConnectivityService( 1371): returning Blocked NetworkInfo for ifname=wlan0, uid=10097
D/TaskPersister( 1371): removeObsoleteFile: deleting file=1860_task.xml
V/UidProcStateHelper( 1371): process state changed:[3174,10095,3]
V/UidProcStateHelper( 1371): process state changed:[3174,10095,7]
D/ConnectivityService( 1371): returning Blocked NetworkInfo for ifname=wlan0, uid=10097
W/ActivityManager( 1371): Binding with unknown activity: Token{4a6a80 ActivityRecord{20172b03 u0 cn.wps.moffice_eng/cn.wps.moffice.documentmanager.PreStartActivity2 t1863 f}}
D/ConnectivityService( 1371): updateNetworkScore for NetworkAgentInfo [WIFI () - 106] to 60
D/ConnectivityService( 1371): rematching NetworkAgentInfo [WIFI () - 106]
D/ConnectivityService( 1371): Network NetworkAgentInfo [WIFI () - 106] was already satisfying request 1. No change.
D/ConnectivityService( 1371): notifyType AVAILABLE for NetworkAgentInfo [WIFI () - 106]
D/ConnectivityService( 1371): returning Blocked NetworkInfo for ifname=wlan0, uid=10097
D/ConnectivityService( 1371): returning Blocked NetworkInfo for ifname=wlan0, uid=10097
V/UidProcStateHelper( 1371): process state changed:[10802,10108,3]
V/UidProcStateHelper( 1371): process state changed:[10931,10108,3]
